Archive member included to satisfy reference by file (symbol)

/home/ge/altera_lite/16.0/nios2eds/bin/gnu/H-x86_64-pc-linux-gnu/bin/../lib/gcc/nios2-elf/5.2.0/../../../../../H-x86_64-pc-linux-gnu/nios2-elf/lib/mno-hw-mul/libc.a(lib_a-printf.o)
                              obj/default/hello_world.o (printf)
/home/ge/altera_lite/16.0/nios2eds/bin/gnu/H-x86_64-pc-linux-gnu/bin/../lib/gcc/nios2-elf/5.2.0/../../../../../H-x86_64-pc-linux-gnu/nios2-elf/lib/mno-hw-mul/libc.a(lib_a-puts.o)
                              obj/default/hello_world.o (puts)
/home/ge/altera_lite/16.0/nios2eds/bin/gnu/H-x86_64-pc-linux-gnu/bin/../lib/gcc/nios2-elf/5.2.0/../../../../../H-x86_64-pc-linux-gnu/nios2-elf/lib/mno-hw-mul/libc.a(lib_a-strlen.o)
                              /home/ge/altera_lite/16.0/nios2eds/bin/gnu/H-x86_64-pc-linux-gnu/bin/../lib/gcc/nios2-elf/5.2.0/../../../../../H-x86_64-pc-linux-gnu/nios2-elf/lib/mno-hw-mul/libc.a(lib_a-puts.o) (strlen)
/home/ge/altera_lite/16.0/nios2eds/bin/gnu/H-x86_64-pc-linux-gnu/bin/../lib/gcc/nios2-elf/5.2.0/../../../../../H-x86_64-pc-linux-gnu/nios2-elf/lib/mno-hw-mul/libc.a(lib_a-vfprintf.o)
                              /home/ge/altera_lite/16.0/nios2eds/bin/gnu/H-x86_64-pc-linux-gnu/bin/../lib/gcc/nios2-elf/5.2.0/../../../../../H-x86_64-pc-linux-gnu/nios2-elf/lib/mno-hw-mul/libc.a(lib_a-printf.o) (___vfprintf_internal_r)
/home/ge/altera_lite/16.0/nios2eds/bin/gnu/H-x86_64-pc-linux-gnu/bin/../lib/gcc/nios2-elf/5.2.0/../../../../../H-x86_64-pc-linux-gnu/nios2-elf/lib/mno-hw-mul/libc.a(lib_a-wsetup.o)
                              /home/ge/altera_lite/16.0/nios2eds/bin/gnu/H-x86_64-pc-linux-gnu/bin/../lib/gcc/nios2-elf/5.2.0/../../../../../H-x86_64-pc-linux-gnu/nios2-elf/lib/mno-hw-mul/libc.a(lib_a-vfprintf.o) (__swsetup_r)
/home/ge/altera_lite/16.0/nios2eds/bin/gnu/H-x86_64-pc-linux-gnu/bin/../lib/gcc/nios2-elf/5.2.0/../../../../../H-x86_64-pc-linux-gnu/nios2-elf/lib/mno-hw-mul/libc.a(lib_a-dtoa.o)
                              /home/ge/altera_lite/16.0/nios2eds/bin/gnu/H-x86_64-pc-linux-gnu/bin/../lib/gcc/nios2-elf/5.2.0/../../../../../H-x86_64-pc-linux-gnu/nios2-elf/lib/mno-hw-mul/libc.a(lib_a-vfprintf.o) (_dtoa_r)
/home/ge/altera_lite/16.0/nios2eds/bin/gnu/H-x86_64-pc-linux-gnu/bin/../lib/gcc/nios2-elf/5.2.0/../../../../../H-x86_64-pc-linux-gnu/nios2-elf/lib/mno-hw-mul/libc.a(lib_a-fflush.o)
                              /home/ge/altera_lite/16.0/nios2eds/bin/gnu/H-x86_64-pc-linux-gnu/bin/../lib/gcc/nios2-elf/5.2.0/../../../../../H-x86_64-pc-linux-gnu/nios2-elf/lib/mno-hw-mul/libc.a(lib_a-vfprintf.o) (_fflush_r)
/home/ge/altera_lite/16.0/nios2eds/bin/gnu/H-x86_64-pc-linux-gnu/bin/../lib/gcc/nios2-elf/5.2.0/../../../../../H-x86_64-pc-linux-gnu/nios2-elf/lib/mno-hw-mul/libc.a(lib_a-findfp.o)
                              /home/ge/altera_lite/16.0/nios2eds/bin/gnu/H-x86_64-pc-linux-gnu/bin/../lib/gcc/nios2-elf/5.2.0/../../../../../H-x86_64-pc-linux-gnu/nios2-elf/lib/mno-hw-mul/libc.a(lib_a-puts.o) (__sinit)
/home/ge/altera_lite/16.0/nios2eds/bin/gnu/H-x86_64-pc-linux-gnu/bin/../lib/gcc/nios2-elf/5.2.0/../../../../../H-x86_64-pc-linux-gnu/nios2-elf/lib/mno-hw-mul/libc.a(lib_a-freer.o)
                              /home/ge/altera_lite/16.0/nios2eds/bin/gnu/H-x86_64-pc-linux-gnu/bin/../lib/gcc/nios2-elf/5.2.0/../../../../../H-x86_64-pc-linux-gnu/nios2-elf/lib/mno-hw-mul/libc.a(lib_a-wsetup.o) (_free_r)
/home/ge/altera_lite/16.0/nios2eds/bin/gnu/H-x86_64-pc-linux-gnu/bin/../lib/gcc/nios2-elf/5.2.0/../../../../../H-x86_64-pc-linux-gnu/nios2-elf/lib/mno-hw-mul/libc.a(lib_a-fvwrite.o)
                              /home/ge/altera_lite/16.0/nios2eds/bin/gnu/H-x86_64-pc-linux-gnu/bin/../lib/gcc/nios2-elf/5.2.0/../../../../../H-x86_64-pc-linux-gnu/nios2-elf/lib/mno-hw-mul/libc.a(lib_a-puts.o) (__sfvwrite_r)
/home/ge/altera_lite/16.0/nios2eds/bin/gnu/H-x86_64-pc-linux-gnu/bin/../lib/gcc/nios2-elf/5.2.0/../../../../../H-x86_64-pc-linux-gnu/nios2-elf/lib/mno-hw-mul/libc.a(lib_a-fwalk.o)
                              /home/ge/altera_lite/16.0/nios2eds/bin/gnu/H-x86_64-pc-linux-gnu/bin/../lib/gcc/nios2-elf/5.2.0/../../../../../H-x86_64-pc-linux-gnu/nios2-elf/lib/mno-hw-mul/libc.a(lib_a-findfp.o) (_fwalk)
/home/ge/altera_lite/16.0/nios2eds/bin/gnu/H-x86_64-pc-linux-gnu/bin/../lib/gcc/nios2-elf/5.2.0/../../../../../H-x86_64-pc-linux-gnu/nios2-elf/lib/mno-hw-mul/libc.a(lib_a-impure.o)
                              /home/ge/altera_lite/16.0/nios2eds/bin/gnu/H-x86_64-pc-linux-gnu/bin/../lib/gcc/nios2-elf/5.2.0/../../../../../H-x86_64-pc-linux-gnu/nios2-elf/lib/mno-hw-mul/libc.a(lib_a-fflush.o) (_global_impure_ptr)
/home/ge/altera_lite/16.0/nios2eds/bin/gnu/H-x86_64-pc-linux-gnu/bin/../lib/gcc/nios2-elf/5.2.0/../../../../../H-x86_64-pc-linux-gnu/nios2-elf/lib/mno-hw-mul/libc.a(lib_a-locale.o)
[...]
Memory Configuration

Name             Origin             Length             Attributes
reset            0x0000000000040000 0x0000000000000020
program_memory   0x0000000000040020 0x0000000000030d20
data_memory      0x0000000000080000 0x0000000000030d40
*default*        0x0000000000000000 0xffffffffffffffff

Linker script and memory map

LOAD ../niosHello_bsp//obj/HAL/src/crt0.o
LOAD obj/default/hello_world.o
LOAD /home/ge/altera_lite/16.0/nios2eds/bin/gnu/H-x86_64-pc-linux-gnu/bin/../lib/gcc/nios2-elf/5.2.0/../../../../../H-x86_64-pc-linux-gnu/nios2-elf/lib/mno-hw-mul/libstdc++.a
LOAD /home/ge/altera_lite/16.0/nios2eds/bin/gnu/H-x86_64-pc-linux-gnu/bin/../lib/gcc/nios2-elf/5.2.0/../../../../../H-x86_64-pc-linux-gnu/nios2-elf/lib/mno-hw-mul/libm.a
LOAD /home/ge/altera_lite/16.0/nios2eds/bin/gnu/H-x86_64-pc-linux-gnu/bin/../lib/gcc/nios2-elf/5.2.0/mno-hw-mul/libgcc.a
START GROUP
LOAD /home/ge/altera_lite/16.0/nios2eds/bin/gnu/H-x86_64-pc-linux-gnu/bin/../lib/gcc/nios2-elf/5.2.0/../../../../../H-x86_64-pc-linux-gnu/nios2-elf/lib/mno-hw-mul/libc.a
LOAD /home/ge/altera_lite/16.0/nios2eds/bin/gnu/H-x86_64-pc-linux-gnu/bin/../lib/gcc/nios2-elf/5.2.0/mno-hw-mul/libgcc.a
LOAD ../niosHello_bsp//libhal_bsp.a
LOAD /home/ge/altera_lite/16.0/nios2eds/bin/gnu/H-x86_64-pc-linux-gnu/bin/../lib/gcc/nios2-elf/5.2.0/../../../../../H-x86_64-pc-linux-gnu/nios2-elf/lib/mno-hw-mul/libm.a
END GROUP
LOAD /home/ge/altera_lite/16.0/nios2eds/bin/gnu/H-x86_64-pc-linux-gnu/bin/../lib/gcc/nios2-elf/5.2.0/mno-hw-mul/libgcc.a
                0x0000000000040000                __alt_mem_program_memory = 0x40000
                0x0000000000080000                __alt_mem_data_memory = 0x80000

.entry          0x0000000000040000       0x20
 *(.entry)
 .entry         0x0000000000040000       0x20 ../niosHello_bsp//obj/HAL/src/crt0.o
                0x0000000000040000                __reset

.exceptions     0x0000000000040020      0x210
                0x0000000000040020                PROVIDE (__ram_exceptions_start, ABSOLUTE (.))
                0x0000000000040020                . = ALIGN (0x20)
 *(.irq)
 *(.exceptions.entry.label)
 .exceptions.entry.label
                0x0000000000040020        0x0 ../niosHello_bsp//libhal_bsp.a(alt_irq_entry.o)
                0x0000000000040020                alt_irq_entry
 .exceptions.entry.label
                0x0000000000040020        0x0 ../niosHello_bsp//libhal_bsp.a(alt_exception_entry.o)
                0x0000000000040020                alt_exception
 *(.exceptions.entry.user)
 *(.exceptions.entry.ecc_fatal)
 *(.exceptions.entry)
 .exceptions.entry
                0x0000000000040020       0x54 ../niosHello_bsp//libhal_bsp.a(alt_exception_entry.o)
 *(.exceptions.irqtest.user)
 *(.exceptions.irqtest)
 .exceptions.irqtest
                0x0000000000040074       0x10 ../niosHello_bsp//libhal_bsp.a(alt_irq_entry.o)
 *(.exceptions.irqhandler.user)
 *(.exceptions.irqhandler)
 .exceptions.irqhandler
                0x0000000000040084        0x4 ../niosHello_bsp//libhal_bsp.a(alt_irq_entry.o)
 *(.exceptions.irqreturn.user)
 *(.exceptions.irqreturn)
 .exceptions.irqreturn
                0x0000000000040088        0x4 ../niosHello_bsp//libhal_bsp.a(alt_irq_entry.o)
 *(.exceptions.notirq.label)
 .exceptions.notirq.label
                0x000000000004008c        0x0 ../niosHello_bsp//libhal_bsp.a(alt_irq_entry.o)
 *(.exceptions.notirq.user)
 *(.exceptions.notirq)
 .exceptions.notirq
                0x000000000004008c        0x8 ../niosHello_bsp//libhal_bsp.a(alt_exception_entry.o)
 *(.exceptions.soft.user)
 *(.exceptions.soft)
 *(.exceptions.unknown.user)
 *(.exceptions.unknown)
 .exceptions.unknown
                0x0000000000040094       0x14 ../niosHello_bsp//libhal_bsp.a(alt_exception_entry.o)
 *(.exceptions.exit.label)
 .exceptions.exit.label
                0x00000000000400a8        0x0 ../niosHello_bsp//libhal_bsp.a(alt_irq_entry.o)
 .exceptions.exit.label
                0x00000000000400a8        0x0 ../niosHello_bsp//libhal_bsp.a(alt_exception_entry.o)
 *(.exceptions.exit.user)
 *(.exceptions.exit)
 .exceptions.exit
                0x00000000000400a8       0x54 ../niosHello_bsp//libhal_bsp.a(alt_exception_entry.o)
 *(.exceptions)
 .exceptions    0x00000000000400fc       0xd4 ../niosHello_bsp//libhal_bsp.a(alt_irq_handler.o)
                0x00000000000400fc                alt_irq_handler
 .exceptions    0x00000000000401d0       0x60 ../niosHello_bsp//libhal_bsp.a(alt_instruction_exception_entry.o)
                0x00000000000401d0                alt_instruction_exception_entry
                0x0000000000040230                PROVIDE (__ram_exceptions_end, ABSOLUTE (.))
                0x0000000000040020                PROVIDE (__flash_exceptions_start, LOADADDR (.exceptions))

.text           0x0000000000040230     0xfbf0
                [!provide]                        PROVIDE (stext, ABSOLUTE (.))
 *(.interp)
 *(.hash)
 *(.dynsym)
 *(.dynstr)
 *(.gnu.version)
 *(.gnu.version_d)
 *(.gnu.version_r)
 *(.rel.init)
 *(.rela.init)
 *(.rel.text .rel.text.* .rel.gnu.linkonce.t.*)
 *(.rela.text .rela.text.* .rela.gnu.linkonce.t.*)
 *(.rel.fini)
 *(.rela.fini)
 *(.rel.rodata .rel.rodata.* .rel.gnu.linkonce.r.*)
 *(.rela.rodata .rela.rodata.* .rela.gnu.linkonce.r.*)
 *(.rel.data .rel.data.* .rel.gnu.linkonce.d.*)
 *(.rela.data .rela.data.* .rela.gnu.linkonce.d.*)
 *(.rel.tdata .rel.tdata.* .rel.gnu.linkonce.td.*)
 *(.rela.tdata .rela.tdata.* .rela.gnu.linkonce.td.*)
 *(.rel.tbss .rel.tbss.* .rel.gnu.linkonce.tb.*)
 *(.rela.tbss .rela.tbss.* .rela.gnu.linkonce.tb.*)
 *(.rel.ctors)
 *(.rela.ctors)
 *(.rel.dtors)
 *(.rela.dtors)
 *(.rel.got)
 *(.rela.got)
 *(.rel.sdata .rel.sdata.* .rel.gnu.linkonce.s.*)
 *(.rela.sdata .rela.sdata.* .rela.gnu.linkonce.s.*)
 *(.rel.sbss .rel.sbss.* .rel.gnu.linkonce.sb.*)
 *(.rela.sbss .rela.sbss.* .rela.gnu.linkonce.sb.*)
 *(.rel.sdata2 .rel.sdata2.* .rel.gnu.linkonce.s2.*)
 *(.rela.sdata2 .rela.sdata2.* .rela.gnu.linkonce.s2.*)
 *(.rel.sbss2 .rel.sbss2.* .rel.gnu.linkonce.sb2.*)
 *(.rela.sbss2 .rela.sbss2.* .rela.gnu.linkonce.sb2.*)
 *(.rel.bss .rel.bss.* .rel.gnu.linkonce.b.*)
 *(.rela.bss .rela.bss.* .rela.gnu.linkonce.b.*)
 *(.rel.plt)
 *(.rela.plt)
 *(.rel.dyn)
 *(.init)
 *(.plt)
 *(.text .stub .text.* .gnu.linkonce.t.*)
 .text          0x0000000000040230       0x3c ../niosHello_bsp//obj/HAL/src/crt0.o
                0x0000000000040230                _start
 .text          0x000000000004026c      0x18c obj/default/hello_world.o
                0x000000000004026c                main
                0x0000000000040320                init_pio
                0x000000000004037c                handle_button_interrupts
 .text          0x00000000000403f8        0x0 /home/ge/altera_lite/16.0/nios2eds/bin/gnu/H-x86_64-pc-linux-gnu/bin/../lib/gcc/nios2-elf/5.2.0/../../../../../H-x86_64-pc-linux-gnu/nios2-elf/lib/mno-hw-mul/libc.a(lib_a-printf.o)
 .text._printf_r
                0x00000000000403f8       0x30 /home/ge/altera_lite/16.0/nios2eds/bin/gnu/H-x86_64-pc-linux-gnu/bin/../lib/gcc/nios2-elf/5.2.0/../../../../../H-x86_64-pc-linux-gnu/nios2-elf/lib/mno-hw-mul/libc.a(lib_a-printf.o)
                0x00000000000403f8                _printf_r
 .text.printf   0x0000000000040428       0x3c /home/ge/altera_lite/16.0/nios2eds/bin/gnu/H-x86_64-pc-linux-gnu/bin/../lib/gcc/nios2-elf/5.2.0/../../../../../H-x86_64-pc-linux-gnu/nios2-elf/lib/mno-hw-mul/libc.a(lib_a-printf.o)
                0x0000000000040428                printf
 .text          0x0000000000040464        0x0 /home/ge/altera_lite/16.0/nios2eds/bin/gnu/H-x86_64-pc-linux-gnu/bin/../lib/gcc/nios2-elf/5.2.0/../../../../../H-x86_64-pc-linux-gnu/nios2-elf/lib/mno-hw-mul/libc.a(lib_a-puts.o)
 .text._puts_r  0x0000000000040464       0xc0 /home/ge/altera_lite/16.0/nios2eds/bin/gnu/H-x86_64-pc-linux-gnu/bin/../lib/gcc/nios2-elf/5.2.0/../../../../../H-x86_64-pc-linux-gnu/nios2-elf/lib/mno-hw-mul/libc.a(lib_a-puts.o)
                0x0000000000040464                _puts_r
 .text.puts     0x0000000000040524       0x14 /home/ge/altera_lite/16.0/nios2eds/bin/gnu/H-x86_64-pc-linux-gnu/bin/../lib/gcc/nios2-elf/5.2.0/../../../../../H-x86_64-pc-linux-gnu/nios2-elf/lib/mno-hw-mul/libc.a(lib_a-puts.o)
                0x0000000000040524                puts
 .text          0x0000000000040538        0x0 /home/ge/altera_lite/16.0/nios2eds/bin/gnu/H-x86_64-pc-linux-gnu/bin/../lib/gcc/nios2-elf/5.2.0/../../../../../H-x86_64-pc-linux-gnu/nios2-elf/lib/mno-hw-mul/libc.a(lib_a-strlen.o)
 .text.strlen   0x0000000000040538       0x98 /home/ge/altera_lite/16.0/nios2eds/bin/gnu/H-x86_64-pc-linux-gnu/bin/../lib/gcc/nios2-elf/5.2.0/../../../../../H-x86_64-pc-linux-gnu/nios2-elf/lib/mno-hw-mul/libc.a(lib_a-strlen.o)
                0x0000000000040538                strlen
 .text          0x00000000000405d0        0x0 /home/ge/altera_lite/16.0/nios2eds/bin/gnu/H-x86_64-pc-linux-gnu/bin/../lib/gcc/nios2-elf/5.2.0/../../../../../H-x86_64-pc-linux-gnu/nios2-elf/lib/mno-hw-mul/libc.a(lib_a-vfprintf.o)
 .text.___vfprintf_internal_r
                0x00000000000405d0     0x22dc /home/ge/altera_lite/16.0/nios2eds/bin/gnu/H-x86_64-pc-linux-gnu/bin/../lib/gcc/nios2-elf/5.2.0/../../../../../H-x86_64-pc-linux-gnu/nios2-elf/lib/mno-hw-mul/libc.a(lib_a-vfprintf.o)
                0x00000000000405d0                ___vfprintf_internal_r
 .text.__vfprintf_internal
                0x00000000000428ac       0x1c /home/ge/altera_lite/16.0/nios2eds/bin/gnu/H-x86_64-pc-linux-gnu/bin/../lib/gcc/nios2-elf/5.2.0/../../../../../H-x86_64-pc-linux-gnu/nios2-elf/lib/mno-hw-mul/libc.a(lib_a-vfprintf.o)
                0x00000000000428ac                __vfprintf_internal
 .text.__sbprintf
                0x00000000000428c8       0xbc /home/ge/altera_lite/16.0/nios2eds/bin/gnu/H-x86_64-pc-linux-gnu/bin/../lib/gcc/nios2-elf/5.2.0/../../../../../H-x86_64-pc-linux-gnu/nios2-elf/lib/mno-hw-mul/libc.a(lib_a-vfprintf.o)
 .text          0x0000000000042984        0x0 /home/ge/altera_lite/16.0/nios2eds/bin/gnu/H-x86_64-pc-linux-gnu/bin/../lib/gcc/nios2-elf/5.2.0/../../../../../H-x86_64-pc-linux-gnu/nios2-elf/lib/mno-hw-mul/libc.a(lib_a-wsetup.o)
 .text.__swsetup_r
                0x0000000000042984      0x154 /home/ge/altera_lite/16.0/nios2eds/bin/gnu/H-x86_64-pc-linux-gnu/bin/../lib/gcc/nios2-elf/5.2.0/../../../../../H-x86_64-pc-linux-gnu/nios2-elf/lib/mno-hw-mul/libc.a(lib_a-wsetup.o)
                0x0000000000042984                __swsetup_r
 .text          0x0000000000042ad8        0x0 /home/ge/altera_lite/16.0/nios2eds/bin/gnu/H-x86_64-pc-linux-gnu/bin/../lib/gcc/nios2-elf/5.2.0/../../../../../H-x86_64-pc-linux-gnu/nios2-elf/lib/mno-hw-mul/libc.a(lib_a-dtoa.o)
 .text.quorem   0x0000000000042ad8      0x228 /home/ge/altera_lite/16.0/nios2eds/bin/gnu/H-x86_64-pc-linux-gnu/bin/../lib/gcc/nios2-elf/5.2.0/../../../../../H-x86_64-pc-linux-gnu/nios2-elf/lib/mno-hw-mul/libc.a(lib_a-dtoa.o)
 .text._dtoa_r  0x0000000000042d00     0x1688 /home/ge/altera_lite/16.0/nios2eds/bin/gnu/H-x86_64-pc-linux-gnu/bin/../lib/gcc/nios2-elf/5.2.0/../../../../../H-x86_64-pc-linux-gnu/nios2-elf/lib/mno-hw-mul/libc.a(lib_a-dtoa.o)
                0x0000000000042d00                _dtoa_r
 .text          0x0000000000044388        0x0 /home/ge/altera_lite/16.0/nios2eds/bin/gnu/H-x86_64-pc-linux-gnu/bin/../lib/gcc/nios2-elf/5.2.0/../../../../../H-x86_64-pc-linux-gnu/nios2-elf/lib/mno-hw-mul/libc.a(lib_a-fflush.o)
 .text.__sflush_r
                0x0000000000044388      0x21c /home/ge/altera_lite/16.0/nios2eds/bin/gnu/H-x86_64-pc-linux-gnu/bin/../lib/gcc/nios2-elf/5.2.0/../../../../../H-x86_64-pc-linux-gnu/nios2-elf/lib/mno-hw-mul/libc.a(lib_a-fflush.o)
                0x0000000000044388                __sflush_r
 .text._fflush_r
                0x00000000000445a4       0x5c /home/ge/altera_lite/16.0/nios2eds/bin/gnu/H-x86_64-pc-linux-gnu/bin/../lib/gcc/nios2-elf/5.2.0/../../../../../H-x86_64-pc-linux-gnu/nios2-elf/lib/mno-hw-mul/libc.a(lib_a-fflush.o)
                0x00000000000445a4                _fflush_r
 .text.fflush   0x0000000000044600       0x30 /home/ge/altera_lite/16.0/nios2eds/bin/gnu/H-x86_64-pc-linux-gnu/bin/../lib/gcc/nios2-elf/5.2.0/../../../../../H-x86_64-pc-linux-gnu/nios2-elf/lib/mno-hw-mul/libc.a(lib_a-fflush.o)
                0x0000000000044600                fflush
 .text          0x0000000000044630        0x0 /home/ge/altera_lite/16.0/nios2eds/bin/gnu/H-x86_64-pc-linux-gnu/bin/../lib/gcc/nios2-elf/5.2.0/../../../../../H-x86_64-pc-linux-gnu/nios2-elf/lib/mno-hw-mul/libc.a(lib_a-findfp.o)
 .text.__fp_unlock
                0x0000000000044630        0x8 /home/ge/altera_lite/16.0/nios2eds/bin/gnu/H-x86_64-pc-linux-gnu/bin/../lib/gcc/nios2-elf/5.2.0/../../../../../H-x86_64-pc-linux-gnu/nios2-elf/lib/mno-hw-mul/libc.a(lib_a-findfp.o)
 .text._cleanup_r
                0x0000000000044638        0xc /home/ge/altera_lite/16.0/nios2eds/bin/gnu/H-x86_64-pc-linux-gnu/bin/../lib/gcc/nios2-elf/5.2.0/../../../../../H-x86_64-pc-linux-gnu/nios2-elf/lib/mno-hw-mul/libc.a(lib_a-findfp.o)
                0x0000000000044638                _cleanup_r
 .text.__sinit.part.1
                0x0000000000044644      0x19c /home/ge/altera_lite/16.0/nios2eds/bin/gnu/H-x86_64-pc-linux-gnu/bin/../lib/gcc/nios2-elf/5.2.0/../../../../../H-x86_64-pc-linux-gnu/nios2-elf/lib/mno-hw-mul/libc.a(lib_a-findfp.o)
 .text.__fp_lock
                0x00000000000447e0        0x8 /home/ge/altera_lite/16.0/nios2eds/bin/gnu/H-x86_64-pc-linux-gnu/bin/../lib/gcc/nios2-elf/5.2.0/../../../../../H-x86_64-pc-linux-gnu/nios2-elf/lib/mno-hw-mul/libc.a(lib_a-findfp.o)
 .text.__sfmoreglue
                0x00000000000447e8       0x78 /home/ge/altera_lite/16.0/nios2eds/bin/gnu/H-x86_64-pc-linux-gnu/bin/../lib/gcc/nios2-elf/5.2.0/../../../../../H-x86_64-pc-linux-gnu/nios2-elf/lib/mno-hw-mul/libc.a(lib_a-findfp.o)
                0x00000000000447e8                __sfmoreglue
 .text.__sfp    0x0000000000044860      0x118 /home/ge/altera_lite/16.0/nios2eds/bin/gnu/H-x86_64-pc-linux-gnu/bin/../lib/gcc/nios2-elf/5.2.0/../../../../../H-x86_64-pc-linux-gnu/nios2-elf/lib/mno-hw-mul/libc.a(lib_a-findfp.o)
                0x0000000000044860                __sfp
 .text._cleanup
                0x0000000000044978       0x18 /home/ge/altera_lite/16.0/nios2eds/bin/gnu/H-x86_64-pc-linux-gnu/bin/../lib/gcc/nios2-elf/5.2.0/../../../../../H-x86_64-pc-linux-gnu/nios2-elf/lib/mno-hw-mul/libc.a(lib_a-findfp.o)
                0x0000000000044978                _cleanup
 .text.__sinit  0x0000000000044990       0x10 /home/ge/altera_lite/16.0/nios2eds/bin/gnu/H-x86_64-pc-linux-gnu/bin/../lib/gcc/nios2-elf/5.2.0/../../../../../H-x86_64-pc-linux-gnu/nios2-elf/lib/mno-hw-mul/libc.a(lib_a-findfp.o)
                0x0000000000044990                __sinit
 .text.__sfp_lock_acquire
                0x00000000000449a0        0x4 /home/ge/altera_lite/16.0/nios2eds/bin/gnu/H-x86_64-pc-linux-gnu/bin/../lib/gcc/nios2-elf/5.2.0/../../../../../H-x86_64-pc-linux-gnu/nios2-elf/lib/mno-hw-mul/libc.a(lib_a-findfp.o)
                0x00000000000449a0                __sfp_lock_acquire
 .text.__sfp_lock_release
                0x00000000000449a4        0x4 /home/ge/altera_lite/16.0/nios2eds/bin/gnu/H-x86_64-pc-linux-gnu/bin/../lib/gcc/nios2-elf/5.2.0/../../../../../H-x86_64-pc-linux-gnu/nios2-elf/lib/mno-hw-mul/libc.a(lib_a-findfp.o)
                0x00000000000449a4                __sfp_lock_release
 .text.__sinit_lock_acquire
                0x00000000000449a8        0x4 /home/ge/altera_lite/16.0/nios2eds/bin/gnu/H-x86_64-pc-linux-gnu/bin/../lib/gcc/nios2-elf/5.2.0/../../../../../H-x86_64-pc-linux-gnu/nios2-elf/lib/mno-hw-mul/libc.a(lib_a-findfp.o)
                0x00000000000449a8                __sinit_lock_acquire
 .text.__sinit_lock_release
                0x00000000000449ac        0x4 /home/ge/altera_lite/16.0/nios2eds/bin/gnu/H-x86_64-pc-linux-gnu/bin/../lib/gcc/nios2-elf/5.2.0/../../../../../H-x86_64-pc-linux-gnu/nios2-elf/lib/mno-hw-mul/libc.a(lib_a-findfp.o)
                0x00000000000449ac                __sinit_lock_release
 .text.__fp_lock_all
                0x00000000000449b0       0x18 /home/ge/altera_lite/16.0/nios2eds/bin/gnu/H-x86_64-pc-linux-gnu/bin/../lib/gcc/nios2-elf/5.2.0/../../../../../H-x86_64-pc-linux-gnu/nios2-elf/lib/mno-hw-mul/libc.a(lib_a-findfp.o)
                0x00000000000449b0                __fp_lock_all
 .text.__fp_unlock_all
                0x00000000000449c8       0x18 /home/ge/altera_lite/16.0/nios2eds/bin/gnu/H-x86_64-pc-linux-gnu/bin/../lib/gcc/nios2-elf/5.2.0/../../../../../H-x86_64-pc-linux-gnu/nios2-elf/lib/mno-hw-mul/libc.a(lib_a-findfp.o)
                0x00000000000449c8                __fp_unlock_all
 .text          0x00000000000449e0        0x0 /home/ge/altera_lite/16.0/nios2eds/bin/gnu/H-x86_64-pc-linux-gnu/bin/../lib/gcc/nios2-elf/5.2.0/../../../../../H-x86_64-pc-linux-gnu/nios2-elf/lib/mno-hw-mul/libc.a(lib_a-freer.o)
 .text._malloc_trim_r
                0x00000000000449e0      0x124 /home/ge/altera_lite/16.0/nios2eds/bin/gnu/H-x86_64-pc-linux-gnu/bin/../lib/gcc/nios2-elf/5.2.0/../../../../../H-x86_64-pc-linux-gnu/nios2-elf/lib/mno-hw-mul/libc.a(lib_a-freer.o)
                0x00000000000449e0                _malloc_trim_r
 .text._free_r  0x0000000000044b04      0x310 /home/ge/altera_lite/16.0/nios2eds/bin/gnu/H-x86_64-pc-linux-gnu/bin/../lib/gcc/nios2-elf/5.2.0/../../../../../H-x86_64-pc-linux-gnu/nios2-elf/lib/mno-hw-mul/libc.a(lib_a-freer.o)
                0x0000000000044b04                _free_r
 .text          0x0000000000044e14        0x0 /home/ge/altera_lite/16.0/nios2eds/bin/gnu/H-x86_64-pc-linux-gnu/bin/../lib/gcc/nios2-elf/5.2.0/../../../../../H-x86_64-pc-linux-gnu/nios2-elf/lib/mno-hw-mul/libc.a(lib_a-fvwrite.o)
 .text.__sfvwrite_r
                0x0000000000044e14      0x4c8 /home/ge/altera_lite/16.0/nios2eds/bin/gnu/H-x86_64-pc-linux-gnu/bin/../lib/gcc/nios2-elf/5.2.0/../../../../../H-x86_64-pc-linux-gnu/nios2-elf/lib/mno-hw-mul/libc.a(lib_a-fvwrite.o)
                0x0000000000044e14                __sfvwrite_r
 .text          0x00000000000452dc        0x0 /home/ge/altera_lite/16.0/nios2eds/bin/gnu/H-x86_64-pc-linux-gnu/bin/../lib/gcc/nios2-elf/5.2.0/../../../../../H-x86_64-pc-linux-gnu/nios2-elf/lib/mno-hw-mul/libc.a(lib_a-fwalk.o)
 .text._fwalk   0x00000000000452dc       0xc4 /home/ge/altera_lite/16.0/nios2eds/bin/gnu/H-x86_64-pc-linux-gnu/bin/../lib/gcc/nios2-elf/5.2.0/../../../../../H-x86_64-pc-linux-gnu/nios2-elf/lib/mno-hw-mul/libc.a(lib_a-fwalk.o)
                0x00000000000452dc                _fwalk
 .text._fwalk_reent
                0x00000000000453a0       0xc4 /home/ge/altera_lite/16.0/nios2eds/bin/gnu/H-x86_64-pc-linux-gnu/bin/../lib/gcc/nios2-elf/5.2.0/../../../../../H-x86_64-pc-linux-gnu/nios2-elf/lib/mno-hw-mul/libc.a(lib_a-fwalk.o)
                0x00000000000453a0                _fwalk_reent
 .text          0x0000000000045464        0x0 /home/ge/altera_lite/16.0/nios2eds/bin/gnu/H-x86_64-pc-linux-gnu/bin/../lib/gcc/nios2-elf/5.2.0/../../../../../H-x86_64-pc-linux-gnu/nios2-elf/lib/mno-hw-mul/libc.a(lib_a-impure.o)
 .text          0x0000000000045464        0x0 /home/ge/altera_lite/16.0/nios2eds/bin/gnu/H-x86_64-pc-linux-gnu/bin/../lib/gcc/nios2-elf/5.2.0/../../../../../H-x86_64-pc-linux-gnu/nios2-elf/lib/mno-hw-mul/libc.a(lib_a-locale.o)
 .text._setlocale_r
                0x0000000000045464       0x7c /home/ge/altera_lite/16.0/nios2eds/bin/gnu/H-x86_64-pc-linux-gnu/bin/../lib/gcc/nios2-elf/5.2.0/../../../../../H-x86_64-pc-linux-gnu/nios2-elf/lib/mno-hw-mul/libc.a(lib_a-locale.o)
                0x0000000000045464                _setlocale_r
 .text.__locale_charset
                0x00000000000454e0        0xc /home/ge/altera_lite/16.0/nios2eds/bin/gnu/H-x86_64-pc-linux-gnu/bin/../lib/gcc/nios2-elf/5.2.0/../../../../../H-x86_64-pc-linux-gnu/nios2-elf/lib/mno-hw-mul/libc.a(lib_a-locale.o)
                0x00000000000454e0                __locale_charset
 .text.__locale_mb_cur_max
                0x00000000000454ec       0x10 /home/ge/altera_lite/16.0/nios2eds/bin/gnu/H-x86_64-pc-linux-gnu/bin/../lib/gcc/nios2-elf/5.2.0/../../../../../H-x86_64-pc-linux-gnu/nios2-elf/lib/mno-hw-mul/libc.a(lib_a-locale.o)
                0x00000000000454ec                __locale_mb_cur_max
 .text.__locale_msgcharset
                0x00000000000454fc        0xc /home/ge/altera_lite/16.0/nios2eds/bin/gnu/H-x86_64-pc-linux-gnu/bin/../lib/gcc/nios2-elf/5.2.0/../../../../../H-x86_64-pc-linux-gnu/nios2-elf/lib/mno-hw-mul/libc.a(lib_a-locale.o)
                0x00000000000454fc                __locale_msgcharset
 .text.__locale_cjk_lang
                0x0000000000045508        0x8 /home/ge/altera_lite/16.0/nios2eds/bin/gnu/H-x86_64-pc-linux-gnu/bin/../lib/gcc/nios2-elf/5.2.0/../../../../../H-x86_64-pc-linux-gnu/nios2-elf/lib/mno-hw-mul/libc.a(lib_a-locale.o)
                0x0000000000045508                __locale_cjk_lang
 .text._localeconv_r
                0x0000000000045510        0xc /home/ge/altera_lite/16.0/nios2eds/bin/gnu/H-x86_64-pc-linux-gnu/bin/../lib/gcc/nios2-elf/5.2.0/../../../../../H-x86_64-pc-linux-gnu/nios2-elf/lib/mno-hw-mul/libc.a(lib_a-locale.o)
                0x0000000000045510                _localeconv_r
 .text.setlocale
                0x000000000004551c       0x18 /home/ge/altera_lite/16.0/nios2eds/bin/gnu/H-x86_64-pc-linux-gnu/bin/../lib/gcc/nios2-elf/5.2.0/../../../../../H-x86_64-pc-linux-gnu/nios2-elf/lib/mno-hw-mul/libc.a(lib_a-locale.o)
                0x000000000004551c                setlocale
 .text.localeconv
                0x0000000000045534        0xc /home/ge/altera_lite/16.0/nios2eds/bin/gnu/H-x86_64-pc-linux-gnu/bin/../lib/gcc/nios2-elf/5.2.0/../../../../../H-x86_64-pc-linux-gnu/nios2-elf/lib/mno-hw-mul/libc.a(lib_a-locale.o)
                0x0000000000045534                localeconv
 .text          0x0000000000045540        0x0 /home/ge/altera_lite/16.0/nios2eds/bin/gnu/H-x86_64-pc-linux-gnu/bin/../lib/gcc/nios2-elf/5.2.0/../../../../../H-x86_64-pc-linux-gnu/nios2-elf/lib/mno-hw-mul/libc.a(lib_a-makebuf.o)
 .text.__smakebuf_r
                0x0000000000045540      0x1bc /home/ge/altera_lite/16.0/nios2eds/bin/gnu/H-x86_64-pc-linux-gnu/bin/../lib/gcc/nios2-elf/5.2.0/../../../../../H-x86_64-pc-linux-gnu/nios2-elf/lib/mno-hw-mul/libc.a(lib_a-makebuf.o)
                0x0000000000045540                __smakebuf_r
 .text          0x00000000000456fc        0x0 /home/ge/altera_lite/16.0/nios2eds/bin/gnu/H-x86_64-pc-linux-gnu/bin/../lib/gcc/nios2-elf/5.2.0/../../../../../H-x86_64-pc-linux-gnu/nios2-elf/lib/mno-hw-mul/libc.a(lib_a-mallocr.o)
 .text._malloc_r
                0x00000000000456fc      0x80c /home/ge/altera_lite/16.0/nios2eds/bin/gnu/H-x86_64-pc-linux-gnu/bin/../lib/gcc/nios2-elf/5.2.0/../../../../../H-x86_64-pc-linux-gnu/nios2-elf/lib/mno-hw-mul/libc.a(lib_a-mallocr.o)
                0x00000000000456fc                _malloc_r
 .text          0x0000000000045f08        0x0 /home/ge/altera_lite/16.0/nios2eds/bin/gnu/H-x86_64-pc-linux-gnu/bin/../lib/gcc/nios2-elf/5.2.0/../../../../../H-x86_64-pc-linux-gnu/nios2-elf/lib/mno-hw-mul/libc.a(lib_a-memchr.o)
 .text.memchr   0x0000000000045f08       0xe4 /home/ge/altera_lite/16.0/nios2eds/bin/gnu/H-x86_64-pc-linux-gnu/bin/../lib/gcc/nios2-elf/5.2.0/../../../../../H-x86_64-pc-linux-gnu/nios2-elf/lib/mno-hw-mul/libc.a(lib_a-memchr.o)
                0x0000000000045f08                memchr
 .text          0x0000000000045fec        0x0 /home/ge/altera_lite/16.0/nios2eds/bin/gnu/H-x86_64-pc-linux-gnu/bin/../lib/gcc/nios2-elf/5.2.0/../../../../../H-x86_64-pc-linux-gnu/nios2-elf/lib/mno-hw-mul/libc.a(lib_a-memcpy.o)
 .text.memcpy   0x0000000000045fec      0x148 /home/ge/altera_lite/16.0/nios2eds/bin/gnu/H-x86_64-pc-linux-gnu/bin/../lib/gcc/nios2-elf/5.2.0/../../../../../H-x86_64-pc-linux-gnu/nios2-elf/lib/mno-hw-mul/libc.a(lib_a-memcpy.o)
                0x0000000000045fec                memcpy
 .text          0x0000000000046134        0x0 /home/ge/altera_lite/16.0/nios2eds/bin/gnu/H-x86_64-pc-linux-gnu/bin/../lib/gcc/nios2-elf/5.2.0/../../../../../H-x86_64-pc-linux-gnu/nios2-elf/lib/mno-hw-mul/libc.a(lib_a-memmove.o)
 .text.memmove  0x0000000000046134      0x15c /home/ge/altera_lite/16.0/nios2eds/bin/gnu/H-x86_64-pc-linux-gnu/bin/../lib/gcc/nios2-elf/5.2.0/../../../../../H-x86_64-pc-linux-gnu/nios2-elf/lib/mno-hw-mul/libc.a(lib_a-memmove.o)
                0x0000000000046134                memmove
 .text          0x0000000000046290        0x0 /home/ge/altera_lite/16.0/nios2eds/bin/gnu/H-x86_64-pc-linux-gnu/bin/../lib/gcc/nios2-elf/5.2.0/../../../../../H-x86_64-pc-linux-gnu/nios2-elf/lib/mno-hw-mul/libc.a(lib_a-memset.o)
 .text.memset   0x0000000000046290      0x128 /home/ge/altera_lite/16.0/nios2eds/bin/gnu/H-x86_64-pc-linux-gnu/bin/../lib/gcc/nios2-elf/5.2.0/../../../../../H-x86_64-pc-linux-gnu/nios2-elf/lib/mno-hw-mul/libc.a(lib_a-memset.o)
                0x0000000000046290                memset
 .text          0x00000000000463b8        0x0 /home/ge/altera_lite/16.0/nios2eds/bin/gnu/H-x86_64-pc-linux-gnu/bin/../lib/gcc/nios2-elf/5.2.0/../../../../../H-x86_64-pc-linux-gnu/nios2-elf/lib/mno-hw-mul/libc.a(lib_a-mprec.o)
 .text._Balloc  0x00000000000463b8       0xa8 /home/ge/altera_lite/16.0/nios2eds/bin/gnu/H-x86_64-pc-linux-gnu/bin/../lib/gcc/nios2-elf/5.2.0/../../../../../H-x86_64-pc-linux-gnu/nios2-elf/lib/mno-hw-mul/libc.a(lib_a-mprec.o)
                0x00000000000463b8                _Balloc
 .text._Bfree   0x0000000000046460       0x28 /home/ge/altera_lite/16.0/nios2eds/bin/gnu/H-x86_64-pc-linux-gnu/bin/../lib/gcc/nios2-elf/5.2.0/../../../../../H-x86_64-pc-linux-gnu/nios2-elf/lib/mno-hw-mul/libc.a(lib_a-mprec.o)
                0x0000000000046460                _Bfree
 .text.__multadd
                0x0000000000046488      0x148 /home/ge/altera_lite/16.0/nios2eds/bin/gnu/H-x86_64-pc-linux-gnu/bin/../lib/gcc/nios2-elf/5.2.0/../../../../../H-x86_64-pc-linux-gnu/nios2-elf/lib/mno-hw-mul/libc.a(lib_a-mprec.o)
                0x0000000000046488                __multadd
 .text.__s2b    0x00000000000465d0      0x104 /home/ge/altera_lite/16.0/nios2eds/bin/gnu/H-x86_64-pc-linux-gnu/bin/../lib/gcc/nios2-elf/5.2.0/../../../../../H-x86_64-pc-linux-gnu/nios2-elf/lib/mno-hw-mul/libc.a(lib_a-mprec.o)
                0x00000000000465d0                __s2b
 .text.__hi0bits
                0x00000000000466d4       0x68 /home/ge/altera_lite/16.0/nios2eds/bin/gnu/H-x86_64-pc-linux-gnu/bin/../lib/gcc/nios2-elf/5.2.0/../../../../../H-x86_64-pc-linux-gnu/nios2-elf/lib/mno-hw-mul/libc.a(lib_a-mprec.o)
                0x00000000000466d4                __hi0bits
 .text.__lo0bits
                0x000000000004673c       0xb0 /home/ge/altera_lite/16.0/nios2eds/bin/gnu/H-x86_64-pc-linux-gnu/bin/../lib/gcc/nios2-elf/5.2.0/../../../../../H-x86_64-pc-linux-gnu/nios2-elf/lib/mno-hw-mul/libc.a(lib_a-mprec.o)
                0x000000000004673c                __lo0bits
 .text.__i2b    0x00000000000467ec       0x3c /home/ge/altera_lite/16.0/nios2eds/bin/gnu/H-x86_64-pc-linux-gnu/bin/../lib/gcc/nios2-elf/5.2.0/../../../../../H-x86_64-pc-linux-gnu/nios2-elf/lib/mno-hw-mul/libc.a(lib_a-mprec.o)
                0x00000000000467ec                __i2b
 .text.__multiply
                0x0000000000046828      0x28c /home/ge/altera_lite/16.0/nios2eds/bin/gnu/H-x86_64-pc-linux-gnu/bin/../lib/gcc/nios2-elf/5.2.0/../../../../../H-x86_64-pc-linux-gnu/nios2-elf/lib/mno-hw-mul/libc.a(lib_a-mprec.o)
                0x0000000000046828                __multiply
 .text.__pow5mult
                0x0000000000046ab4      0x140 /home/ge/altera_lite/16.0/nios2eds/bin/gnu/H-x86_64-pc-linux-gnu/bin/../lib/gcc/nios2-elf/5.2.0/../../../../../H-x86_64-pc-linux-gnu/nios2-elf/lib/mno-hw-mul/libc.a(lib_a-mprec.o)
                0x0000000000046ab4                __pow5mult
 .text.__lshift
                0x0000000000046bf4      0x148 /home/ge/altera_lite/16.0/nios2eds/bin/gnu/H-x86_64-pc-linux-gnu/bin/../lib/gcc/nios2-elf/5.2.0/../../../../../H-x86_64-pc-linux-gnu/nios2-elf/lib/mno-hw-mul/libc.a(lib_a-mprec.o)
                0x0000000000046bf4                __lshift
 .text.__mcmp   0x0000000000046d3c       0x60 /home/ge/altera_lite/16.0/nios2eds/bin/gnu/H-x86_64-pc-linux-gnu/bin/../lib/gcc/nios2-elf/5.2.0/../../../../../H-x86_64-pc-linux-gnu/nios2-elf/lib/mno-hw-mul/libc.a(lib_a-mprec.o)
                0x0000000000046d3c                __mcmp
 .text.__mdiff  0x0000000000046d9c      0x1fc /home/ge/altera_lite/16.0/nios2eds/bin/gnu/H-x86_64-pc-linux-gnu/bin/../lib/gcc/nios2-elf/5.2.0/../../../../../H-x86_64-pc-linux-gnu/nios2-elf/lib/mno-hw-mul/libc.a(lib_a-mprec.o)
                0x0000000000046d9c                __mdiff
 .text.__ulp    0x0000000000046f98       0x64 /home/ge/altera_lite/16.0/nios2eds/bin/gnu/H-x86_64-pc-linux-gnu/bin/../lib/gcc/nios2-elf/5.2.0/../../../../../H-x86_64-pc-linux-gnu/nios2-elf/lib/mno-hw-mul/libc.a(lib_a-mprec.o)
                0x0000000000046f98                __ulp
 .text.__b2d    0x0000000000046ffc      0x10c /home/ge/altera_lite/16.0/nios2eds/bin/gnu/H-x86_64-pc-linux-gnu/bin/../lib/gcc/nios2-elf/5.2.0/../../../../../H-x86_64-pc-linux-gnu/nios2-elf/lib/mno-hw-mul/libc.a(lib_a-mprec.o)
                0x0000000000046ffc                __b2d
 .text.__d2b    0x0000000000047108      0x14c /home/ge/altera_lite/16.0/nios2eds/bin/gnu/H-x86_64-pc-linux-gnu/bin/../lib/gcc/nios2-elf/5.2.0/../../../../../H-x86_64-pc-linux-gnu/nios2-elf/lib/mno-hw-mul/libc.a(lib_a-mprec.o)
                0x0000000000047108                __d2b
 .text.__ratio  0x0000000000047254       0xa4 /home/ge/altera_lite/16.0/nios2eds/bin/gnu/H-x86_64-pc-linux-gnu/bin/../lib/gcc/nios2-elf/5.2.0/../../../../../H-x86_64-pc-linux-gnu/nios2-elf/lib/mno-hw-mul/libc.a(lib_a-mprec.o)
                0x0000000000047254                __ratio
 .text._mprec_log10
                0x00000000000472f8       0x74 /home/ge/altera_lite/16.0/nios2eds/bin/gnu/H-x86_64-pc-linux-gnu/bin/../lib/gcc/nios2-elf/5.2.0/../../../../../H-x86_64-pc-linux-gnu/nios2-elf/lib/mno-hw-mul/libc.a(lib_a-mprec.o)
                0x00000000000472f8                _mprec_log10
 .text.__copybits
                0x000000000004736c       0x78 /home/ge/altera_lite/16.0/nios2eds/bin/gnu/H-x86_64-pc-linux-gnu/bin/../lib/gcc/nios2-elf/5.2.0/../../../../../H-x86_64-pc-linux-gnu/nios2-elf/lib/mno-hw-mul/libc.a(lib_a-mprec.o)
                0x000000000004736c                __copybits
 .text.__any_on
                0x00000000000473e4       0x8c /home/ge/altera_lite/16.0/nios2eds/bin/gnu/H-x86_64-pc-linux-gnu/bin/../lib/gcc/nios2-elf/5.2.0/../../../../../H-x86_64-pc-linux-gnu/nios2-elf/lib/mno-hw-mul/libc.a(lib_a-mprec.o)
                0x00000000000473e4                __any_on
 .text          0x0000000000047470        0x0 /home/ge/altera_lite/16.0/nios2eds/bin/gnu/H-x86_64-pc-linux-gnu/bin/../lib/gcc/nios2-elf/5.2.0/../../../../../H-x86_64-pc-linux-gnu/nios2-elf/lib/mno-hw-mul/libc.a(lib_a-reallocr.o)
 .text._realloc_r
                0x0000000000047470      0x564 /home/ge/altera_lite/16.0/nios2eds/bin/gnu/H-x86_64-pc-linux-gnu/bin/../lib/gcc/nios2-elf/5.2.0/../../../../../H-x86_64-pc-linux-gnu/nios2-elf/lib/mno-hw-mul/libc.a(lib_a-reallocr.o)
                0x0000000000047470                _realloc_r
 .text          0x00000000000479d4        0x0 /home/ge/altera_lite/16.0/nios2eds/bin/gnu/H-x86_64-pc-linux-gnu/bin/../lib/gcc/nios2-elf/5.2.0/../../../../../H-x86_64-pc-linux-gnu/nios2-elf/lib/mno-hw-mul/libc.a(lib_a-s_fpclassify.o)
 .text.__fpclassifyd
                0x00000000000479d4       0x74 /home/ge/altera_lite/16.0/nios2eds/bin/gnu/H-x86_64-pc-linux-gnu/bin/../lib/gcc/nios2-elf/5.2.0/../../../../../H-x86_64-pc-linux-gnu/nios2-elf/lib/mno-hw-mul/libc.a(lib_a-s_fpclassify.o)
                0x00000000000479d4                __fpclassifyd
 .text          0x0000000000047a48        0x0 /home/ge/altera_lite/16.0/nios2eds/bin/gnu/H-x86_64-pc-linux-gnu/bin/../lib/gcc/nios2-elf/5.2.0/../../../../../H-x86_64-pc-linux-gnu/nios2-elf/lib/mno-hw-mul/libc.a(lib_a-sbrkr.o)
 .text._sbrk_r  0x0000000000047a48       0x54 /home/ge/altera_lite/16.0/nios2eds/bin/gnu/H-x86_64-pc-linux-gnu/bin/../lib/gcc/nios2-elf/5.2.0/../../../../../H-x86_64-pc-linux-gnu/nios2-elf/lib/mno-hw-mul/libc.a(lib_a-sbrkr.o)
                0x0000000000047a48                _sbrk_r
 .text          0x0000000000047a9c        0x0 /home/ge/altera_lite/16.0/nios2eds/bin/gnu/H-x86_64-pc-linux-gnu/bin/../lib/gcc/nios2-elf/5.2.0/../../../../../H-x86_64-pc-linux-gnu/nios2-elf/lib/mno-hw-mul/libc.a(lib_a-stdio.o)
 .text.__sread  0x0000000000047a9c       0x54 /home/ge/altera_lite/16.0/nios2eds/bin/gnu/H-x86_64-pc-linux-gnu/bin/../lib/gcc/nios2-elf/5.2.0/../../../../../H-x86_64-pc-linux-gnu/nios2-elf/lib/mno-hw-mul/libc.a(lib_a-stdio.o)
                0x0000000000047a9c                __sread
 .text.__seofread
                0x0000000000047af0        0x8 /home/ge/altera_lite/16.0/nios2eds/bin/gnu/H-x86_64-pc-linux-gnu/bin/../lib/gcc/nios2-elf/5.2.0/../../../../../H-x86_64-pc-linux-gnu/nios2-elf/lib/mno-hw-mul/libc.a(lib_a-stdio.o)
                0x0000000000047af0                __seofread
 .text.__swrite
                0x0000000000047af8       0x7c /home/ge/altera_lite/16.0/nios2eds/bin/gnu/H-x86_64-pc-linux-gnu/bin/../lib/gcc/nios2-elf/5.2.0/../../../../../H-x86_64-pc-linux-gnu/nios2-elf/lib/mno-hw-mul/libc.a(lib_a-stdio.o)
                0x0000000000047af8                __swrite
 .text.__sseek  0x0000000000047b74       0x5c /home/ge/altera_lite/16.0/nios2eds/bin/gnu/H-x86_64-pc-linux-gnu/bin/../lib/gcc/nios2-elf/5.2.0/../../../../../H-x86_64-pc-linux-gnu/nios2-elf/lib/mno-hw-mul/libc.a(lib_a-stdio.o)
                0x0000000000047b74                __sseek
 .text.__sclose
                0x0000000000047bd0        0x8 /home/ge/altera_lite/16.0/nios2eds/bin/gnu/H-x86_64-pc-linux-gnu/bin/../lib/gcc/nios2-elf/5.2.0/../../../../../H-x86_64-pc-linux-gnu/nios2-elf/lib/mno-hw-mul/libc.a(lib_a-stdio.o)
                0x0000000000047bd0                __sclose
 .text          0x0000000000047bd8        0x0 /home/ge/altera_lite/16.0/nios2eds/bin/gnu/H-x86_64-pc-linux-gnu/bin/../lib/gcc/nios2-elf/5.2.0/../../../../../H-x86_64-pc-linux-gnu/nios2-elf/lib/mno-hw-mul/libc.a(lib_a-strcmp.o)
 .text.strcmp   0x0000000000047bd8       0xdc /home/ge/altera_lite/16.0/nios2eds/bin/gnu/H-x86_64-pc-linux-gnu/bin/../lib/gcc/nios2-elf/5.2.0/../../../../../H-x86_64-pc-linux-gnu/nios2-elf/lib/mno-hw-mul/libc.a(lib_a-strcmp.o)
                0x0000000000047bd8                strcmp
 .text          0x0000000000047cb4        0x0 /home/ge/altera_lite/16.0/nios2eds/bin/gnu/H-x86_64-pc-linux-gnu/bin/../lib/gcc/nios2-elf/5.2.0/../../../../../H-x86_64-pc-linux-gnu/nios2-elf/lib/mno-hw-mul/libc.a(lib_a-vfiprintf.o)
 .text.__sprint_r.part.0
                0x0000000000047cb4       0xfc /home/ge/altera_lite/16.0/nios2eds/bin/gnu/H-x86_64-pc-linux-gnu/bin/../lib/gcc/nios2-elf/5.2.0/../../../../../H-x86_64-pc-linux-gnu/nios2-elf/lib/mno-hw-mul/libc.a(lib_a-vfiprintf.o)
 .text.__sprint_r
                0x0000000000047db0       0x18 /home/ge/altera_lite/16.0/nios2eds/bin/gnu/H-x86_64-pc-linux-gnu/bin/../lib/gcc/nios2-elf/5.2.0/../../../../../H-x86_64-pc-linux-gnu/nios2-elf/lib/mno-hw-mul/libc.a(lib_a-vfiprintf.o)
                0x0000000000047db0                __sprint_r
 .text.___vfiprintf_internal_r
                0x0000000000047dc8     0x150c /home/ge/altera_lite/16.0/nios2eds/bin/gnu/H-x86_64-pc-linux-gnu/bin/../lib/gcc/nios2-elf/5.2.0/../../../../../H-x86_64-pc-linux-gnu/nios2-elf/lib/mno-hw-mul/libc.a(lib_a-vfiprintf.o)
                0x0000000000047dc8                ___vfiprintf_internal_r
 .text.__vfiprintf_internal
                0x00000000000492d4       0x1c /home/ge/altera_lite/16.0/nios2eds/bin/gnu/H-x86_64-pc-linux-gnu/bin/../lib/gcc/nios2-elf/5.2.0/../../../../../H-x86_64-pc-linux-gnu/nios2-elf/lib/mno-hw-mul/libc.a(lib_a-vfiprintf.o)
                0x00000000000492d4                __vfiprintf_internal
 .text.__sbprintf
                0x00000000000492f0       0xbc /home/ge/altera_lite/16.0/nios2eds/bin/gnu/H-x86_64-pc-linux-gnu/bin/../lib/gcc/nios2-elf/5.2.0/../../../../../H-x86_64-pc-linux-gnu/nios2-elf/lib/mno-hw-mul/libc.a(lib_a-vfiprintf.o)
 .text          0x00000000000493ac        0x0 /home/ge/altera_lite/16.0/nios2eds/bin/gnu/H-x86_64-pc-linux-gnu/bin/../lib/gcc/nios2-elf/5.2.0/../../../../../H-x86_64-pc-linux-gnu/nios2-elf/lib/mno-hw-mul/libc.a(lib_a-writer.o)
 .text._write_r
                0x00000000000493ac       0x60 /home/ge/altera_lite/16.0/nios2eds/bin/gnu/H-x86_64-pc-linux-gnu/bin/../lib/gcc/nios2-elf/5.2.0/../../../../../H-x86_64-pc-linux-gnu/nios2-elf/lib/mno-hw-mul/libc.a(lib_a-writer.o)
                0x00000000000493ac                _write_r
 .text          0x000000000004940c        0x0 /home/ge/altera_lite/16.0/nios2eds/bin/gnu/H-x86_64-pc-linux-gnu/bin/../lib/gcc/nios2-elf/5.2.0/../../../../../H-x86_64-pc-linux-gnu/nios2-elf/lib/mno-hw-mul/libc.a(closer.o)
 .text._close_r
                0x000000000004940c       0x54 /home/ge/altera_lite/16.0/nios2eds/bin/gnu/H-x86_64-pc-linux-gnu/bin/../lib/gcc/nios2-elf/5.2.0/../../../../../H-x86_64-pc-linux-gnu/nios2-elf/lib/mno-hw-mul/libc.a(closer.o)
                0x000000000004940c                _close_r
 .text          0x0000000000049460        0x0 /home/ge/altera_lite/16.0/nios2eds/bin/gnu/H-x86_64-pc-linux-gnu/bin/../lib/gcc/nios2-elf/5.2.0/../../../../../H-x86_64-pc-linux-gnu/nios2-elf/lib/mno-hw-mul/libc.a(lib_a-callocr.o)
 .text._calloc_r
                0x0000000000049460       0xdc /home/ge/altera_lite/16.0/nios2eds/bin/gnu/H-x86_64-pc-linux-gnu/bin/../lib/gcc/nios2-elf/5.2.0/../../../../../H-x86_64-pc-linux-gnu/nios2-elf/lib/mno-hw-mul/libc.a(lib_a-callocr.o)
                0x0000000000049460                _calloc_r
 .text          0x000000000004953c        0x0 /home/ge/altera_lite/16.0/nios2eds/bin/gnu/H-x86_64-pc-linux-gnu/bin/../lib/gcc/nios2-elf/5.2.0/../../../../../H-x86_64-pc-linux-gnu/nios2-elf/lib/mno-hw-mul/libc.a(lib_a-fclose.o)
 .text._fclose_r
                0x000000000004953c       0xf0 /home/ge/altera_lite/16.0/nios2eds/bin/gnu/H-x86_64-pc-linux-gnu/bin/../lib/gcc/nios2-elf/5.2.0/../../../../../H-x86_64-pc-linux-gnu/nios2-elf/lib/mno-hw-mul/libc.a(lib_a-fclose.o)
                0x000000000004953c                _fclose_r
 .text.fclose   0x000000000004962c       0x14 /home/ge/altera_lite/16.0/nios2eds/bin/gnu/H-x86_64-pc-linux-gnu/bin/../lib/gcc/nios2-elf/5.2.0/../../../../../H-x86_64-pc-linux-gnu/nios2-elf/lib/mno-hw-mul/libc.a(lib_a-fclose.o)
                0x000000000004962c                fclose
 .text          0x0000000000049640        0x0 /home/ge/altera_lite/16.0/nios2eds/bin/gnu/H-x86_64-pc-linux-gnu/bin/../lib/gcc/nios2-elf/5.2.0/../../../../../H-x86_64-pc-linux-gnu/nios2-elf/lib/mno-hw-mul/libc.a(lib_a-fputwc.o)
 .text.__fputwc
                0x0000000000049640      0x164 /home/ge/altera_lite/16.0/nios2eds/bin/gnu/H-x86_64-pc-linux-gnu/bin/../lib/gcc/nios2-elf/5.2.0/../../../../../H-x86_64-pc-linux-gnu/nios2-elf/lib/mno-hw-mul/libc.a(lib_a-fputwc.o)
                0x0000000000049640                __fputwc
 .text._fputwc_r
                0x00000000000497a4       0x24 /home/ge/altera_lite/16.0/nios2eds/bin/gnu/H-x86_64-pc-linux-gnu/bin/../lib/gcc/nios2-elf/5.2.0/../../../../../H-x86_64-pc-linux-gnu/nios2-elf/lib/mno-hw-mul/libc.a(lib_a-fputwc.o)
                0x00000000000497a4                _fputwc_r
 .text.fputwc   0x00000000000497c8       0x80 /home/ge/altera_lite/16.0/nios2eds/bin/gnu/H-x86_64-pc-linux-gnu/bin/../lib/gcc/nios2-elf/5.2.0/../../../../../H-x86_64-pc-linux-gnu/nios2-elf/lib/mno-hw-mul/libc.a(lib_a-fputwc.o)
                0x00000000000497c8                fputwc
 .text          0x0000000000049848        0x0 /home/ge/altera_lite/16.0/nios2eds/bin/gnu/H-x86_64-pc-linux-gnu/bin/../lib/gcc/nios2-elf/5.2.0/../../../../../H-x86_64-pc-linux-gnu/nios2-elf/lib/mno-hw-mul/libc.a(lib_a-fstatr.o)
 .text._fstat_r
                0x0000000000049848       0x5c /home/ge/altera_lite/16.0/nios2eds/bin/gnu/H-x86_64-pc-linux-gnu/bin/../lib/gcc/nios2-elf/5.2.0/../../../../../H-x86_64-pc-linux-gnu/nios2-elf/lib/mno-hw-mul/libc.a(lib_a-fstatr.o)
                0x0000000000049848                _fstat_r
 .text          0x00000000000498a4        0x0 /home/ge/altera_lite/16.0/nios2eds/bin/gnu/H-x86_64-pc-linux-gnu/bin/../lib/gcc/nios2-elf/5.2.0/../../../../../H-x86_64-pc-linux-gnu/nios2-elf/lib/mno-hw-mul/libc.a(lib_a-int_errno.o)
 .text          0x00000000000498a4        0x0 /home/ge/altera_lite/16.0/nios2eds/bin/gnu/H-x86_64-pc-linux-gnu/bin/../lib/gcc/nios2-elf/5.2.0/../../../../../H-x86_64-pc-linux-gnu/nios2-elf/lib/mno-hw-mul/libc.a(lib_a-isattyr.o)
 .text._isatty_r
                0x00000000000498a4       0x54 /home/ge/altera_lite/16.0/nios2eds/bin/gnu/H-x86_64-pc-linux-gnu/bin/../lib/gcc/nios2-elf/5.2.0/../../../../../H-x86_64-pc-linux-gnu/nios2-elf/lib/mno-hw-mul/libc.a(lib_a-isattyr.o)
                0x00000000000498a4                _isatty_r
 .text          0x00000000000498f8        0x0 /home/ge/altera_lite/16.0/nios2eds/bin/gnu/H-x86_64-pc-linux-gnu/bin/../lib/gcc/nios2-elf/5.2.0/../../../../../H-x86_64-pc-linux-gnu/nios2-elf/lib/mno-hw-mul/libc.a(lib_a-lseekr.o)
 .text._lseek_r
                0x00000000000498f8       0x60 /home/ge/altera_lite/16.0/nios2eds/bin/gnu/H-x86_64-pc-linux-gnu/bin/../lib/gcc/nios2-elf/5.2.0/../../../../../H-x86_64-pc-linux-gnu/nios2-elf/lib/mno-hw-mul/libc.a(lib_a-lseekr.o)
                0x00000000000498f8                _lseek_r
 .text          0x0000000000049958        0x0 /home/ge/altera_lite/16.0/nios2eds/bin/gnu/H-x86_64-pc-linux-gnu/bin/../lib/gcc/nios2-elf/5.2.0/../../../../../H-x86_64-pc-linux-gnu/nios2-elf/lib/mno-hw-mul/libc.a(lib_a-readr.o)
 .text._read_r  0x0000000000049958       0x60 /home/ge/altera_lite/16.0/nios2eds/bin/gnu/H-x86_64-pc-linux-gnu/bin/../lib/gcc/nios2-elf/5.2.0/../../../../../H-x86_64-pc-linux-gnu/nios2-elf/lib/mno-hw-mul/libc.a(lib_a-readr.o)
                0x0000000000049958                _read_r
 .text          0x00000000000499b8        0x0 /home/ge/altera_lite/16.0/nios2eds/bin/gnu/H-x86_64-pc-linux-gnu/bin/../lib/gcc/nios2-elf/5.2.0/../../../../../H-x86_64-pc-linux-gnu/nios2-elf/lib/mno-hw-mul/libc.a(lib_a-wbuf.o)
 .text.__swbuf_r
                0x00000000000499b8      0x140 /home/ge/altera_lite/16.0/nios2eds/bin/gnu/H-x86_64-pc-linux-gnu/bin/../lib/gcc/nios2-elf/5.2.0/../../../../../H-x86_64-pc-linux-gnu/nios2-elf/lib/mno-hw-mul/libc.a(lib_a-wbuf.o)
                0x00000000000499b8                __swbuf_r
 .text.__swbuf  0x0000000000049af8       0x18 /home/ge/altera_lite/16.0/nios2eds/bin/gnu/H-x86_64-pc-linux-gnu/bin/../lib/gcc/nios2-elf/5.2.0/../../../../../H-x86_64-pc-linux-gnu/nios2-elf/lib/mno-hw-mul/libc.a(lib_a-wbuf.o)
                0x0000000000049af8                __swbuf
 .text          0x0000000000049b10        0x0 /home/ge/altera_lite/16.0/nios2eds/bin/gnu/H-x86_64-pc-linux-gnu/bin/../lib/gcc/nios2-elf/5.2.0/../../../../../H-x86_64-pc-linux-gnu/nios2-elf/lib/mno-hw-mul/libc.a(lib_a-wcrtomb.o)
 .text._wcrtomb_r
                0x0000000000049b10       0x9c /home/ge/altera_lite/16.0/nios2eds/bin/gnu/H-x86_64-pc-linux-gnu/bin/../lib/gcc/nios2-elf/5.2.0/../../../../../H-x86_64-pc-linux-gnu/nios2-elf/lib/mno-hw-mul/libc.a(lib_a-wcrtomb.o)
                0x0000000000049b10                _wcrtomb_r
 .text.wcrtomb  0x0000000000049bac       0xc0 /home/ge/altera_lite/16.0/nios2eds/bin/gnu/H-x86_64-pc-linux-gnu/bin/../lib/gcc/nios2-elf/5.2.0/../../../../../H-x86_64-pc-linux-gnu/nios2-elf/lib/mno-hw-mul/libc.a(lib_a-wcrtomb.o)
                0x0000000000049bac                wcrtomb
 .text          0x0000000000049c6c        0x0 /home/ge/altera_lite/16.0/nios2eds/bin/gnu/H-x86_64-pc-linux-gnu/bin/../lib/gcc/nios2-elf/5.2.0/../../../../../H-x86_64-pc-linux-gnu/nios2-elf/lib/mno-hw-mul/libc.a(lib_a-wctomb_r.o)
 .text.__ascii_wctomb
                0x0000000000049c6c       0x30 /home/ge/altera_lite/16.0/nios2eds/bin/gnu/H-x86_64-pc-linux-gnu/bin/../lib/gcc/nios2-elf/5.2.0/../../../../../H-x86_64-pc-linux-gnu/nios2-elf/lib/mno-hw-mul/libc.a(lib_a-wctomb_r.o)
                0x0000000000049c6c                __ascii_wctomb
 .text._wctomb_r
                0x0000000000049c9c       0x5c /home/ge/altera_lite/16.0/nios2eds/bin/gnu/H-x86_64-pc-linux-gnu/bin/../lib/gcc/nios2-elf/5.2.0/../../../../../H-x86_64-pc-linux-gnu/nios2-elf/lib/mno-hw-mul/libc.a(lib_a-wctomb_r.o)
                0x0000000000049c9c                _wctomb_r
 .text          0x0000000000049cf8      0x5fc /home/ge/altera_lite/16.0/nios2eds/bin/gnu/H-x86_64-pc-linux-gnu/bin/../lib/gcc/nios2-elf/5.2.0/mno-hw-mul/libgcc.a(_udivdi3.o)
                0x0000000000049cf8                __udivdi3
 .text          0x000000000004a2f4      0x5c4 /home/ge/altera_lite/16.0/nios2eds/bin/gnu/H-x86_64-pc-linux-gnu/bin/../lib/gcc/nios2-elf/5.2.0/mno-hw-mul/libgcc.a(_umoddi3.o)
                0x000000000004a2f4                __umoddi3
 .text          0x000000000004a8b8      0x1b4 /home/ge/altera_lite/16.0/nios2eds/bin/gnu/H-x86_64-pc-linux-gnu/bin/../lib/gcc/nios2-elf/5.2.0/mno-hw-mul/libgcc.a(lib2-divmod.o)
                0x000000000004a8b8                __divsi3
                0x000000000004a93c                __modsi3
                0x000000000004a9b0                __udivsi3
                0x000000000004aa14                __umodsi3
 .text          0x000000000004aa6c       0x28 /home/ge/altera_lite/16.0/nios2eds/bin/gnu/H-x86_64-pc-linux-gnu/bin/../lib/gcc/nios2-elf/5.2.0/mno-hw-mul/libgcc.a(lib2-mul.o)
                0x000000000004aa6c                __mulsi3
 .text          0x000000000004aa94      0x8ac /home/ge/altera_lite/16.0/nios2eds/bin/gnu/H-x86_64-pc-linux-gnu/bin/../lib/gcc/nios2-elf/5.2.0/mno-hw-mul/libgcc.a(adddf3.o)
                0x000000000004aa94                __adddf3
 .text          0x000000000004b340      0x9d0 /home/ge/altera_lite/16.0/nios2eds/bin/gnu/H-x86_64-pc-linux-gnu/bin/../lib/gcc/nios2-elf/5.2.0/mno-hw-mul/libgcc.a(divdf3.o)
                0x000000000004b340                __divdf3
 .text          0x000000000004bd10       0x88 /home/ge/altera_lite/16.0/nios2eds/bin/gnu/H-x86_64-pc-linux-gnu/bin/../lib/gcc/nios2-elf/5.2.0/mno-hw-mul/libgcc.a(eqdf2.o)
                0x000000000004bd10                __eqdf2
                0x000000000004bd10                __nedf2
 .text          0x000000000004bd98       0xdc /home/ge/altera_lite/16.0/nios2eds/bin/gnu/H-x86_64-pc-linux-gnu/bin/../lib/gcc/nios2-elf/5.2.0/mno-hw-mul/libgcc.a(gedf2.o)
                0x000000000004bd98                __gtdf2
                0x000000000004bd98                __gedf2
 .text          0x000000000004be74       0xf4 /home/ge/altera_lite/16.0/nios2eds/bin/gnu/H-x86_64-pc-linux-gnu/bin/../lib/gcc/nios2-elf/5.2.0/mno-hw-mul/libgcc.a(ledf2.o)
                0x000000000004be74                __ltdf2
                0x000000000004be74                __ledf2
 .text          0x000000000004bf68      0x868 /home/ge/altera_lite/16.0/nios2eds/bin/gnu/H-x86_64-pc-linux-gnu/bin/../lib/gcc/nios2-elf/5.2.0/mno-hw-mul/libgcc.a(muldf3.o)
                0x000000000004bf68                __muldf3
 .text          0x000000000004c7d0      0x8fc /home/ge/altera_lite/16.0/nios2eds/bin/gnu/H-x86_64-pc-linux-gnu/bin/../lib/gcc/nios2-elf/5.2.0/mno-hw-mul/libgcc.a(subdf3.o)
                0x000000000004c7d0                __subdf3
 .text          0x000000000004d0cc       0x80 /home/ge/altera_lite/16.0/nios2eds/bin/gnu/H-x86_64-pc-linux-gnu/bin/../lib/gcc/nios2-elf/5.2.0/mno-hw-mul/libgcc.a(fixdfsi.o)
                0x000000000004d0cc                __fixdfsi
 .text          0x000000000004d14c       0xdc /home/ge/altera_lite/16.0/nios2eds/bin/gnu/H-x86_64-pc-linux-gnu/bin/../lib/gcc/nios2-elf/5.2.0/mno-hw-mul/libgcc.a(floatsidf.o)
                0x000000000004d14c                __floatsidf
 .text          0x000000000004d228       0xa8 /home/ge/altera_lite/16.0/nios2eds/bin/gnu/H-x86_64-pc-linux-gnu/bin/../lib/gcc/nios2-elf/5.2.0/mno-hw-mul/libgcc.a(floatunsidf.o)
                0x000000000004d228                __floatunsidf
 .text          0x000000000004d2d0        0x0 /home/ge/altera_lite/16.0/nios2eds/bin/gnu/H-x86_64-pc-linux-gnu/bin/../lib/gcc/nios2-elf/5.2.0/mno-hw-mul/libgcc.a(_clz.o)
 .text          0x000000000004d2d0       0x64 /home/ge/altera_lite/16.0/nios2eds/bin/gnu/H-x86_64-pc-linux-gnu/bin/../lib/gcc/nios2-elf/5.2.0/mno-hw-mul/libgcc.a(_clzsi2.o)
                0x000000000004d2d0                __clzsi2
 .text          0x000000000004d334      0x128 ../niosHello_bsp//libhal_bsp.a(alt_close.o)
                0x000000000004d384                close
 .text          0x000000000004d45c       0x2c ../niosHello_bsp//libhal_bsp.a(alt_dev.o)
 .text          0x000000000004d488        0x0 ../niosHello_bsp//libhal_bsp.a(alt_errno.o)
 .text          0x000000000004d488      0x108 ../niosHello_bsp//libhal_bsp.a(alt_fstat.o)
                0x000000000004d4d8                fstat
 .text          0x000000000004d590      0x1b0 ../niosHello_bsp//libhal_bsp.a(alt_irq_register.o)
                0x000000000004d590                alt_irq_register
 .text          0x000000000004d740        0x0 ../niosHello_bsp//libhal_bsp.a(alt_irq_vars.o)
 .text          0x000000000004d740       0xfc ../niosHello_bsp//libhal_bsp.a(alt_isatty.o)
                0x000000000004d790                isatty
 .text          0x000000000004d83c       0xec ../niosHello_bsp//libhal_bsp.a(alt_load.o)
                0x000000000004d8a4                alt_load
 .text          0x000000000004d928      0x12c ../niosHello_bsp//libhal_bsp.a(alt_lseek.o)
                0x000000000004d978                lseek
 .text          0x000000000004da54       0x7c ../niosHello_bsp//libhal_bsp.a(alt_main.o)
                0x000000000004da54                alt_main
 .text          0x000000000004dad0       0x48 ../niosHello_bsp//libhal_bsp.a(alt_malloc_lock.o)
                0x000000000004dad0                __malloc_lock
                0x000000000004daf4                __malloc_unlock
 .text          0x000000000004db18      0x154 ../niosHello_bsp//libhal_bsp.a(alt_read.o)
                0x000000000004db68                read
 .text          0x000000000004dc6c       0x84 ../niosHello_bsp//libhal_bsp.a(alt_release_fd.o)
                0x000000000004dc6c                alt_release_fd
 .text          0x000000000004dcf0       0xb0 ../niosHello_bsp//libhal_bsp.a(alt_sbrk.o)
                0x000000000004dcf0                sbrk
 .text          0x000000000004dda0       0x30 ../niosHello_bsp//libhal_bsp.a(alt_usleep.o)
                0x000000000004dda0                usleep
 .text          0x000000000004ddd0      0x150 ../niosHello_bsp//libhal_bsp.a(alt_write.o)
                0x000000000004de20                write
 .text          0x000000000004df20       0xb8 ../niosHello_bsp//libhal_bsp.a(alt_sys_init.o)
                0x000000000004df58                alt_irq_init
                0x000000000004df90                alt_sys_init
 .text          0x000000000004dfd8      0x164 ../niosHello_bsp//libhal_bsp.a(altera_avalon_jtag_uart_fd.o)
                0x000000000004dfd8                altera_avalon_jtag_uart_read_fd
                0x000000000004e038                altera_avalon_jtag_uart_write_fd
                0x000000000004e098                altera_avalon_jtag_uart_close_fd
                0x000000000004e0e8                altera_avalon_jtag_uart_ioctl_fd
 .text          0x000000000004e13c      0x3e4 ../niosHello_bsp//libhal_bsp.a(altera_avalon_jtag_uart_init.o)
                0x000000000004e13c                altera_avalon_jtag_uart_init
                0x000000000004e4b8                altera_avalon_jtag_uart_close
 .text          0x000000000004e520       0xf0 ../niosHello_bsp//libhal_bsp.a(altera_avalon_jtag_uart_ioctl.o)
                0x000000000004e520                altera_avalon_jtag_uart_ioctl
 .text          0x000000000004e610      0x21c ../niosHello_bsp//libhal_bsp.a(altera_avalon_jtag_uart_read.o)
                0x000000000004e610                altera_avalon_jtag_uart_read
 .text          0x000000000004e82c      0x224 ../niosHello_bsp//libhal_bsp.a(altera_avalon_jtag_uart_write.o)
                0x000000000004e82c                altera_avalon_jtag_uart_write
 .text          0x000000000004ea50      0x140 ../niosHello_bsp//libhal_bsp.a(alt_alarm_start.o)
                0x000000000004ea50                alt_alarm_start
 .text          0x000000000004eb90      0x158 ../niosHello_bsp//libhal_bsp.a(alt_busy_sleep.o)
                0x000000000004eb90                alt_busy_sleep
 .text          0x000000000004ece8       0x20 ../niosHello_bsp//libhal_bsp.a(alt_dcache_flush_all.o)
                0x000000000004ece8                alt_dcache_flush_all
 .text          0x000000000004ed08       0xf4 ../niosHello_bsp//libhal_bsp.a(alt_dev_llist_insert.o)
                0x000000000004ed58                alt_dev_llist_insert
 .text          0x000000000004edfc       0x60 ../niosHello_bsp//libhal_bsp.a(alt_do_ctors.o)
                0x000000000004edfc                _do_ctors
 .text          0x000000000004ee5c       0x60 ../niosHello_bsp//libhal_bsp.a(alt_do_dtors.o)
                0x000000000004ee5c                _do_dtors
 .text          0x000000000004eebc       0x20 ../niosHello_bsp//libhal_bsp.a(alt_icache_flush_all.o)
                0x000000000004eebc                alt_icache_flush_all
 .text          0x000000000004eedc      0x1e0 ../niosHello_bsp//libhal_bsp.a(alt_iic.o)
                0x000000000004eedc                alt_ic_isr_register
                0x000000000004ef2c                alt_ic_irq_enable
                0x000000000004efcc                alt_ic_irq_disable
                0x000000000004f070                alt_ic_irq_enabled
 .text          0x000000000004f0bc       0xf0 ../niosHello_bsp//libhal_bsp.a(alt_iic_isr_register.o)
                0x000000000004f0bc                alt_iic_isr_register
 .text          0x000000000004f1ac      0x160 ../niosHello_bsp//libhal_bsp.a(alt_io_redirect.o)
                0x000000000004f290                alt_io_redirect
 .text          0x000000000004f30c        0x0 ../niosHello_bsp//libhal_bsp.a(alt_irq_entry.o)
 .text          0x000000000004f30c        0x0 ../niosHello_bsp//libhal_bsp.a(alt_irq_handler.o)
 .text          0x000000000004f30c      0x2a4 ../niosHello_bsp//libhal_bsp.a(alt_open.o)
                0x000000000004f450                open
 .text          0x000000000004f5b0      0x1a4 ../niosHello_bsp//libhal_bsp.a(alt_tick.o)
                0x000000000004f5b0                alt_alarm_stop
                0x000000000004f64c                alt_tick
 .text          0x000000000004f754       0x24 ../niosHello_bsp//libhal_bsp.a(altera_nios2_gen2_irq.o)
                0x000000000004f754                altera_nios2_gen2_irq_init
 .text          0x000000000004f778        0x0 ../niosHello_bsp//libhal_bsp.a(alt_exception_entry.o)
 .text          0x000000000004f778       0x90 ../niosHello_bsp//libhal_bsp.a(alt_find_dev.o)
                0x000000000004f778                alt_find_dev
 .text          0x000000000004f808      0x114 ../niosHello_bsp//libhal_bsp.a(alt_find_file.o)
                0x000000000004f808                alt_find_file
 .text          0x000000000004f91c       0xd4 ../niosHello_bsp//libhal_bsp.a(alt_get_fd.o)
                0x000000000004f91c                alt_get_fd
 .text          0x000000000004f9f0       0x9c ../niosHello_bsp//libhal_bsp.a(alt_instruction_exception_entry.o)
                0x000000000004f9f0                alt_exception_cause_generated_bad_addr
 .text          0x000000000004fa8c        0x0 /home/ge/altera_lite/16.0/nios2eds/bin/gnu/H-x86_64-pc-linux-gnu/bin/../lib/gcc/nios2-elf/5.2.0/../../../../../H-x86_64-pc-linux-gnu/nios2-elf/lib/mno-hw-mul/libc.a(lib_a-atexit.o)
 .text.atexit   0x000000000004fa8c       0x14 /home/ge/altera_lite/16.0/nios2eds/bin/gnu/H-x86_64-pc-linux-gnu/bin/../lib/gcc/nios2-elf/5.2.0/../../../../../H-x86_64-pc-linux-gnu/nios2-elf/lib/mno-hw-mul/libc.a(lib_a-atexit.o)
                0x000000000004fa8c                atexit
 .text          0x000000000004faa0        0x0 /home/ge/altera_lite/16.0/nios2eds/bin/gnu/H-x86_64-pc-linux-gnu/bin/../lib/gcc/nios2-elf/5.2.0/../../../../../H-x86_64-pc-linux-gnu/nios2-elf/lib/mno-hw-mul/libc.a(lib_a-exit.o)
 .text.exit     0x000000000004faa0       0x38 /home/ge/altera_lite/16.0/nios2eds/bin/gnu/H-x86_64-pc-linux-gnu/bin/../lib/gcc/nios2-elf/5.2.0/../../../../../H-x86_64-pc-linux-gnu/nios2-elf/lib/mno-hw-mul/libc.a(lib_a-exit.o)
                0x000000000004faa0                exit
 .text          0x000000000004fad8        0x0 /home/ge/altera_lite/16.0/nios2eds/bin/gnu/H-x86_64-pc-linux-gnu/bin/../lib/gcc/nios2-elf/5.2.0/../../../../../H-x86_64-pc-linux-gnu/nios2-elf/lib/mno-hw-mul/libc.a(lib_a-memcmp.o)
 .text.memcmp   0x000000000004fad8       0x7c /home/ge/altera_lite/16.0/nios2eds/bin/gnu/H-x86_64-pc-linux-gnu/bin/../lib/gcc/nios2-elf/5.2.0/../../../../../H-x86_64-pc-linux-gnu/nios2-elf/lib/mno-hw-mul/libc.a(lib_a-memcmp.o)
                0x000000000004fad8                memcmp
 .text          0x000000000004fb54        0x0 /home/ge/altera_lite/16.0/nios2eds/bin/gnu/H-x86_64-pc-linux-gnu/bin/../lib/gcc/nios2-elf/5.2.0/../../../../../H-x86_64-pc-linux-gnu/nios2-elf/lib/mno-hw-mul/libc.a(lib_a-__atexit.o)
 .text.__register_exitproc
                0x000000000004fb54      0x118 /home/ge/altera_lite/16.0/nios2eds/bin/gnu/H-x86_64-pc-linux-gnu/bin/../lib/gcc/nios2-elf/5.2.0/../../../../../H-x86_64-pc-linux-gnu/nios2-elf/lib/mno-hw-mul/libc.a(lib_a-__atexit.o)
                0x000000000004fb54                __register_exitproc
 .text          0x000000000004fc6c        0x0 /home/ge/altera_lite/16.0/nios2eds/bin/gnu/H-x86_64-pc-linux-gnu/bin/../lib/gcc/nios2-elf/5.2.0/../../../../../H-x86_64-pc-linux-gnu/nios2-elf/lib/mno-hw-mul/libc.a(lib_a-__call_atexit.o)
 .text.__call_exitprocs
                0x000000000004fc6c      0x180 /home/ge/altera_lite/16.0/nios2eds/bin/gnu/H-x86_64-pc-linux-gnu/bin/../lib/gcc/nios2-elf/5.2.0/../../../../../H-x86_64-pc-linux-gnu/nios2-elf/lib/mno-hw-mul/libc.a(lib_a-__call_atexit.o)
                0x000000000004fc6c                __call_exitprocs
 .text          0x000000000004fdec       0x34 ../niosHello_bsp//libhal_bsp.a(alt_exit.o)
                0x000000000004fdec                _exit
 *(.gnu.warning.*)
 *(.fini)
                [!provide]                        PROVIDE (__etext, ABSOLUTE (.))
                [!provide]                        PROVIDE (_etext, ABSOLUTE (.))
                [!provide]                        PROVIDE (etext, ABSOLUTE (.))
 *(.eh_frame_hdr)
                0x000000000004fe20                . = ALIGN (0x4)
                [!provide]                        PROVIDE (__preinit_array_start, ABSOLUTE (.))
 *(.preinit_array)
                [!provide]                        PROVIDE (__preinit_array_end, ABSOLUTE (.))
                [!provide]                        PROVIDE (__init_array_start, ABSOLUTE (.))
 *(.init_array)
                [!provide]                        PROVIDE (__init_array_end, ABSOLUTE (.))
                [!provide]                        PROVIDE (__fini_array_start, ABSOLUTE (.))
 *(.fini_array)
                [!provide]                        PROVIDE (__fini_array_end, ABSOLUTE (.))
 *(.eh_frame)
 *(.gcc_except_table .gcc_except_table.*)
 *(.dynamic)
                0x000000000004fe20                PROVIDE (__CTOR_LIST__, ABSOLUTE (.))
 *(.ctors)
 *(SORT(.ctors.*))
                0x000000000004fe20                PROVIDE (__CTOR_END__, ABSOLUTE (.))
                0x000000000004fe20                PROVIDE (__DTOR_LIST__, ABSOLUTE (.))
 *(.dtors)
 *(SORT(.dtors.*))
                0x000000000004fe20                PROVIDE (__DTOR_END__, ABSOLUTE (.))
 *(.jcr)
                0x000000000004fe20                . = ALIGN (0x4)

.rodata         0x0000000000080000      0x318
                0x0000000000080000                PROVIDE (__ram_rodata_start, ABSOLUTE (.))
                0x0000000000080000                . = ALIGN (0x4)
 *(.rodata .rodata.* .gnu.linkonce.r.*)
 .rodata        0x0000000000080000       0x18 obj/default/hello_world.o
 .rodata.str1.4
                0x0000000000080018        0x2 /home/ge/altera_lite/16.0/nios2eds/bin/gnu/H-x86_64-pc-linux-gnu/bin/../lib/gcc/nios2-elf/5.2.0/../../../../../H-x86_64-pc-linux-gnu/nios2-elf/lib/mno-hw-mul/libc.a(lib_a-puts.o)
 *fill*         0x000000000008001a        0x2 
 .rodata.str1.4
                0x000000000008001c       0x42 /home/ge/altera_lite/16.0/nios2eds/bin/gnu/H-x86_64-pc-linux-gnu/bin/../lib/gcc/nios2-elf/5.2.0/../../../../../H-x86_64-pc-linux-gnu/nios2-elf/lib/mno-hw-mul/libc.a(lib_a-vfprintf.o)
 .rodata.zeroes.4404
                0x000000000008005e       0x10 /home/ge/altera_lite/16.0/nios2eds/bin/gnu/H-x86_64-pc-linux-gnu/bin/../lib/gcc/nios2-elf/5.2.0/../../../../../H-x86_64-pc-linux-gnu/nios2-elf/lib/mno-hw-mul/libc.a(lib_a-vfprintf.o)
 .rodata.blanks.4403
                0x000000000008006e       0x10 /home/ge/altera_lite/16.0/nios2eds/bin/gnu/H-x86_64-pc-linux-gnu/bin/../lib/gcc/nios2-elf/5.2.0/../../../../../H-x86_64-pc-linux-gnu/nios2-elf/lib/mno-hw-mul/libc.a(lib_a-vfprintf.o)
 *fill*         0x000000000008007e        0x2 
 .rodata.str1.4
                0x0000000000080080       0x10 /home/ge/altera_lite/16.0/nios2eds/bin/gnu/H-x86_64-pc-linux-gnu/bin/../lib/gcc/nios2-elf/5.2.0/../../../../../H-x86_64-pc-linux-gnu/nios2-elf/lib/mno-hw-mul/libc.a(lib_a-dtoa.o)
                                         0x12 (size before relaxing)
 .rodata.str1.4
                0x0000000000080090        0x2 /home/ge/altera_lite/16.0/nios2eds/bin/gnu/H-x86_64-pc-linux-gnu/bin/../lib/gcc/nios2-elf/5.2.0/../../../../../H-x86_64-pc-linux-gnu/nios2-elf/lib/mno-hw-mul/libc.a(lib_a-impure.o)
 *fill*         0x0000000000080092        0x2 
 .rodata.str1.4
                0x0000000000080094        0xc /home/ge/altera_lite/16.0/nios2eds/bin/gnu/H-x86_64-pc-linux-gnu/bin/../lib/gcc/nios2-elf/5.2.0/../../../../../H-x86_64-pc-linux-gnu/nios2-elf/lib/mno-hw-mul/libc.a(lib_a-locale.o)
                                         0x12 (size before relaxing)
 .rodata.p05.2768
                0x00000000000800a0        0xc /home/ge/altera_lite/16.0/nios2eds/bin/gnu/H-x86_64-pc-linux-gnu/bin/../lib/gcc/nios2-elf/5.2.0/../../../../../H-x86_64-pc-linux-gnu/nios2-elf/lib/mno-hw-mul/libc.a(lib_a-mprec.o)
 .rodata.__mprec_tinytens
                0x00000000000800ac       0x28 /home/ge/altera_lite/16.0/nios2eds/bin/gnu/H-x86_64-pc-linux-gnu/bin/../lib/gcc/nios2-elf/5.2.0/../../../../../H-x86_64-pc-linux-gnu/nios2-elf/lib/mno-hw-mul/libc.a(lib_a-mprec.o)
                0x00000000000800ac                __mprec_tinytens
 .rodata.__mprec_bigtens
                0x00000000000800d4       0x28 /home/ge/altera_lite/16.0/nios2eds/bin/gnu/H-x86_64-pc-linux-gnu/bin/../lib/gcc/nios2-elf/5.2.0/../../../../../H-x86_64-pc-linux-gnu/nios2-elf/lib/mno-hw-mul/libc.a(lib_a-mprec.o)
                0x00000000000800d4                __mprec_bigtens
 .rodata.__mprec_tens
                0x00000000000800fc       0xc8 /home/ge/altera_lite/16.0/nios2eds/bin/gnu/H-x86_64-pc-linux-gnu/bin/../lib/gcc/nios2-elf/5.2.0/../../../../../H-x86_64-pc-linux-gnu/nios2-elf/lib/mno-hw-mul/libc.a(lib_a-mprec.o)
                0x00000000000800fc                __mprec_tens
 .rodata.str1.4
                0x00000000000801c4       0x2f /home/ge/altera_lite/16.0/nios2eds/bin/gnu/H-x86_64-pc-linux-gnu/bin/../lib/gcc/nios2-elf/5.2.0/../../../../../H-x86_64-pc-linux-gnu/nios2-elf/lib/mno-hw-mul/libc.a(lib_a-vfiprintf.o)
 .rodata.zeroes.4349
                0x00000000000801c4       0x10 /home/ge/altera_lite/16.0/nios2eds/bin/gnu/H-x86_64-pc-linux-gnu/bin/../lib/gcc/nios2-elf/5.2.0/../../../../../H-x86_64-pc-linux-gnu/nios2-elf/lib/mno-hw-mul/libc.a(lib_a-vfiprintf.o)
 .rodata.blanks.4348
                0x00000000000801d4       0x10 /home/ge/altera_lite/16.0/nios2eds/bin/gnu/H-x86_64-pc-linux-gnu/bin/../lib/gcc/nios2-elf/5.2.0/../../../../../H-x86_64-pc-linux-gnu/nios2-elf/lib/mno-hw-mul/libc.a(lib_a-vfiprintf.o)
 .rodata        0x00000000000801e4      0x100 /home/ge/altera_lite/16.0/nios2eds/bin/gnu/H-x86_64-pc-linux-gnu/bin/../lib/gcc/nios2-elf/5.2.0/mno-hw-mul/libgcc.a(_clz.o)
                0x00000000000801e4                __clz_tab
 .rodata        0x00000000000802e4        0xa ../niosHello_bsp//libhal_bsp.a(alt_dev.o)
 *fill*         0x00000000000802ee        0x2 
 .rodata        0x00000000000802f0       0x11 ../niosHello_bsp//libhal_bsp.a(alt_main.o)
 *fill*         0x0000000000080301        0x3 
 .rodata        0x0000000000080304       0x11 ../niosHello_bsp//libhal_bsp.a(alt_sys_init.o)
 *(.rodata1)
                0x0000000000080318                . = ALIGN (0x4)
 *fill*         0x0000000000080315        0x3 
                0x0000000000080318                PROVIDE (__ram_rodata_end, ABSOLUTE (.))
                0x0000000000080000                PROVIDE (__flash_rodata_start, LOADADDR (.rodata))

.rwdata         0x0000000000080318     0x1af0 load address 0x000000000004fe20
                0x0000000000080318                PROVIDE (__ram_rwdata_start, ABSOLUTE (.))
                0x0000000000080318                . = ALIGN (0x4)
 *(.got.plt)
 *(.got)
 *(.data1)
 *(.data .data.* .gnu.linkonce.d.*)
 .data          0x0000000000080318        0x0 ../niosHello_bsp//obj/HAL/src/crt0.o
 .data          0x0000000000080318        0x0 obj/default/hello_world.o
 .data          0x0000000000080318        0x0 /home/ge/altera_lite/16.0/nios2eds/bin/gnu/H-x86_64-pc-linux-gnu/bin/../lib/gcc/nios2-elf/5.2.0/../../../../../H-x86_64-pc-linux-gnu/nios2-elf/lib/mno-hw-mul/libc.a(lib_a-printf.o)
 .data          0x0000000000080318        0x0 /home/ge/altera_lite/16.0/nios2eds/bin/gnu/H-x86_64-pc-linux-gnu/bin/../lib/gcc/nios2-elf/5.2.0/../../../../../H-x86_64-pc-linux-gnu/nios2-elf/lib/mno-hw-mul/libc.a(lib_a-puts.o)
 .data          0x0000000000080318        0x0 /home/ge/altera_lite/16.0/nios2eds/bin/gnu/H-x86_64-pc-linux-gnu/bin/../lib/gcc/nios2-elf/5.2.0/../../../../../H-x86_64-pc-linux-gnu/nios2-elf/lib/mno-hw-mul/libc.a(lib_a-strlen.o)
 .data          0x0000000000080318        0x0 /home/ge/altera_lite/16.0/nios2eds/bin/gnu/H-x86_64-pc-linux-gnu/bin/../lib/gcc/nios2-elf/5.2.0/../../../../../H-x86_64-pc-linux-gnu/nios2-elf/lib/mno-hw-mul/libc.a(lib_a-vfprintf.o)
 .data          0x0000000000080318        0x0 /home/ge/altera_lite/16.0/nios2eds/bin/gnu/H-x86_64-pc-linux-gnu/bin/../lib/gcc/nios2-elf/5.2.0/../../../../../H-x86_64-pc-linux-gnu/nios2-elf/lib/mno-hw-mul/libc.a(lib_a-wsetup.o)
 .data          0x0000000000080318        0x0 /home/ge/altera_lite/16.0/nios2eds/bin/gnu/H-x86_64-pc-linux-gnu/bin/../lib/gcc/nios2-elf/5.2.0/../../../../../H-x86_64-pc-linux-gnu/nios2-elf/lib/mno-hw-mul/libc.a(lib_a-dtoa.o)
 .data          0x0000000000080318        0x0 /home/ge/altera_lite/16.0/nios2eds/bin/gnu/H-x86_64-pc-linux-gnu/bin/../lib/gcc/nios2-elf/5.2.0/../../../../../H-x86_64-pc-linux-gnu/nios2-elf/lib/mno-hw-mul/libc.a(lib_a-fflush.o)
 .data          0x0000000000080318        0x0 /home/ge/altera_lite/16.0/nios2eds/bin/gnu/H-x86_64-pc-linux-gnu/bin/../lib/gcc/nios2-elf/5.2.0/../../../../../H-x86_64-pc-linux-gnu/nios2-elf/lib/mno-hw-mul/libc.a(lib_a-findfp.o)
 .data          0x0000000000080318        0x0 /home/ge/altera_lite/16.0/nios2eds/bin/gnu/H-x86_64-pc-linux-gnu/bin/../lib/gcc/nios2-elf/5.2.0/../../../../../H-x86_64-pc-linux-gnu/nios2-elf/lib/mno-hw-mul/libc.a(lib_a-freer.o)
 .data          0x0000000000080318        0x0 /home/ge/altera_lite/16.0/nios2eds/bin/gnu/H-x86_64-pc-linux-gnu/bin/../lib/gcc/nios2-elf/5.2.0/../../../../../H-x86_64-pc-linux-gnu/nios2-elf/lib/mno-hw-mul/libc.a(lib_a-fvwrite.o)
 .data          0x0000000000080318        0x0 /home/ge/altera_lite/16.0/nios2eds/bin/gnu/H-x86_64-pc-linux-gnu/bin/../lib/gcc/nios2-elf/5.2.0/../../../../../H-x86_64-pc-linux-gnu/nios2-elf/lib/mno-hw-mul/libc.a(lib_a-fwalk.o)
 .data          0x0000000000080318        0x0 /home/ge/altera_lite/16.0/nios2eds/bin/gnu/H-x86_64-pc-linux-gnu/bin/../lib/gcc/nios2-elf/5.2.0/../../../../../H-x86_64-pc-linux-gnu/nios2-elf/lib/mno-hw-mul/libc.a(lib_a-impure.o)
 .data.impure_data
                0x0000000000080318      0x424 /home/ge/altera_lite/16.0/nios2eds/bin/gnu/H-x86_64-pc-linux-gnu/bin/../lib/gcc/nios2-elf/5.2.0/../../../../../H-x86_64-pc-linux-gnu/nios2-elf/lib/mno-hw-mul/libc.a(lib_a-impure.o)
 .data          0x000000000008073c        0x0 /home/ge/altera_lite/16.0/nios2eds/bin/gnu/H-x86_64-pc-linux-gnu/bin/../lib/gcc/nios2-elf/5.2.0/../../../../../H-x86_64-pc-linux-gnu/nios2-elf/lib/mno-hw-mul/libc.a(lib_a-locale.o)
 .data.lc_message_charset
                0x000000000008073c       0x20 /home/ge/altera_lite/16.0/nios2eds/bin/gnu/H-x86_64-pc-linux-gnu/bin/../lib/gcc/nios2-elf/5.2.0/../../../../../H-x86_64-pc-linux-gnu/nios2-elf/lib/mno-hw-mul/libc.a(lib_a-locale.o)
 .data.lc_ctype_charset
                0x000000000008075c       0x20 /home/ge/altera_lite/16.0/nios2eds/bin/gnu/H-x86_64-pc-linux-gnu/bin/../lib/gcc/nios2-elf/5.2.0/../../../../../H-x86_64-pc-linux-gnu/nios2-elf/lib/mno-hw-mul/libc.a(lib_a-locale.o)
 .data.lconv    0x000000000008077c       0x38 /home/ge/altera_lite/16.0/nios2eds/bin/gnu/H-x86_64-pc-linux-gnu/bin/../lib/gcc/nios2-elf/5.2.0/../../../../../H-x86_64-pc-linux-gnu/nios2-elf/lib/mno-hw-mul/libc.a(lib_a-locale.o)
 .data          0x00000000000807b4        0x0 /home/ge/altera_lite/16.0/nios2eds/bin/gnu/H-x86_64-pc-linux-gnu/bin/../lib/gcc/nios2-elf/5.2.0/../../../../../H-x86_64-pc-linux-gnu/nios2-elf/lib/mno-hw-mul/libc.a(lib_a-makebuf.o)
 .data          0x00000000000807b4        0x0 /home/ge/altera_lite/16.0/nios2eds/bin/gnu/H-x86_64-pc-linux-gnu/bin/../lib/gcc/nios2-elf/5.2.0/../../../../../H-x86_64-pc-linux-gnu/nios2-elf/lib/mno-hw-mul/libc.a(lib_a-mallocr.o)
 .data.__malloc_av_
                0x00000000000807b4      0x408 /home/ge/altera_lite/16.0/nios2eds/bin/gnu/H-x86_64-pc-linux-gnu/bin/../lib/gcc/nios2-elf/5.2.0/../../../../../H-x86_64-pc-linux-gnu/nios2-elf/lib/mno-hw-mul/libc.a(lib_a-mallocr.o)
                0x00000000000807b4                __malloc_av_
 .data          0x0000000000080bbc        0x0 /home/ge/altera_lite/16.0/nios2eds/bin/gnu/H-x86_64-pc-linux-gnu/bin/../lib/gcc/nios2-elf/5.2.0/../../../../../H-x86_64-pc-linux-gnu/nios2-elf/lib/mno-hw-mul/libc.a(lib_a-memchr.o)
 .data          0x0000000000080bbc        0x0 /home/ge/altera_lite/16.0/nios2eds/bin/gnu/H-x86_64-pc-linux-gnu/bin/../lib/gcc/nios2-elf/5.2.0/../../../../../H-x86_64-pc-linux-gnu/nios2-elf/lib/mno-hw-mul/libc.a(lib_a-memcpy.o)
 .data          0x0000000000080bbc        0x0 /home/ge/altera_lite/16.0/nios2eds/bin/gnu/H-x86_64-pc-linux-gnu/bin/../lib/gcc/nios2-elf/5.2.0/../../../../../H-x86_64-pc-linux-gnu/nios2-elf/lib/mno-hw-mul/libc.a(lib_a-memmove.o)
 .data          0x0000000000080bbc        0x0 /home/ge/altera_lite/16.0/nios2eds/bin/gnu/H-x86_64-pc-linux-gnu/bin/../lib/gcc/nios2-elf/5.2.0/../../../../../H-x86_64-pc-linux-gnu/nios2-elf/lib/mno-hw-mul/libc.a(lib_a-memset.o)
 .data          0x0000000000080bbc        0x0 /home/ge/altera_lite/16.0/nios2eds/bin/gnu/H-x86_64-pc-linux-gnu/bin/../lib/gcc/nios2-elf/5.2.0/../../../../../H-x86_64-pc-linux-gnu/nios2-elf/lib/mno-hw-mul/libc.a(lib_a-mprec.o)
 .data          0x0000000000080bbc        0x0 /home/ge/altera_lite/16.0/nios2eds/bin/gnu/H-x86_64-pc-linux-gnu/bin/../lib/gcc/nios2-elf/5.2.0/../../../../../H-x86_64-pc-linux-gnu/nios2-elf/lib/mno-hw-mul/libc.a(lib_a-reallocr.o)
 .data          0x0000000000080bbc        0x0 /home/ge/altera_lite/16.0/nios2eds/bin/gnu/H-x86_64-pc-linux-gnu/bin/../lib/gcc/nios2-elf/5.2.0/../../../../../H-x86_64-pc-linux-gnu/nios2-elf/lib/mno-hw-mul/libc.a(lib_a-s_fpclassify.o)
 .data          0x0000000000080bbc        0x0 /home/ge/altera_lite/16.0/nios2eds/bin/gnu/H-x86_64-pc-linux-gnu/bin/../lib/gcc/nios2-elf/5.2.0/../../../../../H-x86_64-pc-linux-gnu/nios2-elf/lib/mno-hw-mul/libc.a(lib_a-sbrkr.o)
 .data          0x0000000000080bbc        0x0 /home/ge/altera_lite/16.0/nios2eds/bin/gnu/H-x86_64-pc-linux-gnu/bin/../lib/gcc/nios2-elf/5.2.0/../../../../../H-x86_64-pc-linux-gnu/nios2-elf/lib/mno-hw-mul/libc.a(lib_a-stdio.o)
 .data          0x0000000000080bbc        0x0 /home/ge/altera_lite/16.0/nios2eds/bin/gnu/H-x86_64-pc-linux-gnu/bin/../lib/gcc/nios2-elf/5.2.0/../../../../../H-x86_64-pc-linux-gnu/nios2-elf/lib/mno-hw-mul/libc.a(lib_a-strcmp.o)
 .data          0x0000000000080bbc        0x0 /home/ge/altera_lite/16.0/nios2eds/bin/gnu/H-x86_64-pc-linux-gnu/bin/../lib/gcc/nios2-elf/5.2.0/../../../../../H-x86_64-pc-linux-gnu/nios2-elf/lib/mno-hw-mul/libc.a(lib_a-vfiprintf.o)
 .data          0x0000000000080bbc        0x0 /home/ge/altera_lite/16.0/nios2eds/bin/gnu/H-x86_64-pc-linux-gnu/bin/../lib/gcc/nios2-elf/5.2.0/../../../../../H-x86_64-pc-linux-gnu/nios2-elf/lib/mno-hw-mul/libc.a(lib_a-writer.o)
 .data          0x0000000000080bbc        0x0 /home/ge/altera_lite/16.0/nios2eds/bin/gnu/H-x86_64-pc-linux-gnu/bin/../lib/gcc/nios2-elf/5.2.0/../../../../../H-x86_64-pc-linux-gnu/nios2-elf/lib/mno-hw-mul/libc.a(closer.o)
 .data          0x0000000000080bbc        0x0 /home/ge/altera_lite/16.0/nios2eds/bin/gnu/H-x86_64-pc-linux-gnu/bin/../lib/gcc/nios2-elf/5.2.0/../../../../../H-x86_64-pc-linux-gnu/nios2-elf/lib/mno-hw-mul/libc.a(lib_a-callocr.o)
 .data          0x0000000000080bbc        0x0 /home/ge/altera_lite/16.0/nios2eds/bin/gnu/H-x86_64-pc-linux-gnu/bin/../lib/gcc/nios2-elf/5.2.0/../../../../../H-x86_64-pc-linux-gnu/nios2-elf/lib/mno-hw-mul/libc.a(lib_a-fclose.o)
 .data          0x0000000000080bbc        0x0 /home/ge/altera_lite/16.0/nios2eds/bin/gnu/H-x86_64-pc-linux-gnu/bin/../lib/gcc/nios2-elf/5.2.0/../../../../../H-x86_64-pc-linux-gnu/nios2-elf/lib/mno-hw-mul/libc.a(lib_a-fputwc.o)
 .data          0x0000000000080bbc        0x0 /home/ge/altera_lite/16.0/nios2eds/bin/gnu/H-x86_64-pc-linux-gnu/bin/../lib/gcc/nios2-elf/5.2.0/../../../../../H-x86_64-pc-linux-gnu/nios2-elf/lib/mno-hw-mul/libc.a(lib_a-fstatr.o)
 .data          0x0000000000080bbc        0x0 /home/ge/altera_lite/16.0/nios2eds/bin/gnu/H-x86_64-pc-linux-gnu/bin/../lib/gcc/nios2-elf/5.2.0/../../../../../H-x86_64-pc-linux-gnu/nios2-elf/lib/mno-hw-mul/libc.a(lib_a-int_errno.o)
 .data          0x0000000000080bbc        0x0 /home/ge/altera_lite/16.0/nios2eds/bin/gnu/H-x86_64-pc-linux-gnu/bin/../lib/gcc/nios2-elf/5.2.0/../../../../../H-x86_64-pc-linux-gnu/nios2-elf/lib/mno-hw-mul/libc.a(lib_a-isattyr.o)
 .data          0x0000000000080bbc        0x0 /home/ge/altera_lite/16.0/nios2eds/bin/gnu/H-x86_64-pc-linux-gnu/bin/../lib/gcc/nios2-elf/5.2.0/../../../../../H-x86_64-pc-linux-gnu/nios2-elf/lib/mno-hw-mul/libc.a(lib_a-lseekr.o)
 .data          0x0000000000080bbc        0x0 /home/ge/altera_lite/16.0/nios2eds/bin/gnu/H-x86_64-pc-linux-gnu/bin/../lib/gcc/nios2-elf/5.2.0/../../../../../H-x86_64-pc-linux-gnu/nios2-elf/lib/mno-hw-mul/libc.a(lib_a-readr.o)
 .data          0x0000000000080bbc        0x0 /home/ge/altera_lite/16.0/nios2eds/bin/gnu/H-x86_64-pc-linux-gnu/bin/../lib/gcc/nios2-elf/5.2.0/../../../../../H-x86_64-pc-linux-gnu/nios2-elf/lib/mno-hw-mul/libc.a(lib_a-wbuf.o)
 .data          0x0000000000080bbc        0x0 /home/ge/altera_lite/16.0/nios2eds/bin/gnu/H-x86_64-pc-linux-gnu/bin/../lib/gcc/nios2-elf/5.2.0/../../../../../H-x86_64-pc-linux-gnu/nios2-elf/lib/mno-hw-mul/libc.a(lib_a-wcrtomb.o)
 .data          0x0000000000080bbc        0x0 /home/ge/altera_lite/16.0/nios2eds/bin/gnu/H-x86_64-pc-linux-gnu/bin/../lib/gcc/nios2-elf/5.2.0/../../../../../H-x86_64-pc-linux-gnu/nios2-elf/lib/mno-hw-mul/libc.a(lib_a-wctomb_r.o)
 .data          0x0000000000080bbc        0x0 /home/ge/altera_lite/16.0/nios2eds/bin/gnu/H-x86_64-pc-linux-gnu/bin/../lib/gcc/nios2-elf/5.2.0/mno-hw-mul/libgcc.a(_udivdi3.o)
 .data          0x0000000000080bbc        0x0 /home/ge/altera_lite/16.0/nios2eds/bin/gnu/H-x86_64-pc-linux-gnu/bin/../lib/gcc/nios2-elf/5.2.0/mno-hw-mul/libgcc.a(_umoddi3.o)
 .data          0x0000000000080bbc        0x0 /home/ge/altera_lite/16.0/nios2eds/bin/gnu/H-x86_64-pc-linux-gnu/bin/../lib/gcc/nios2-elf/5.2.0/mno-hw-mul/libgcc.a(lib2-divmod.o)
 .data          0x0000000000080bbc        0x0 /home/ge/altera_lite/16.0/nios2eds/bin/gnu/H-x86_64-pc-linux-gnu/bin/../lib/gcc/nios2-elf/5.2.0/mno-hw-mul/libgcc.a(lib2-mul.o)
 .data          0x0000000000080bbc        0x0 /home/ge/altera_lite/16.0/nios2eds/bin/gnu/H-x86_64-pc-linux-gnu/bin/../lib/gcc/nios2-elf/5.2.0/mno-hw-mul/libgcc.a(adddf3.o)
 .data          0x0000000000080bbc        0x0 /home/ge/altera_lite/16.0/nios2eds/bin/gnu/H-x86_64-pc-linux-gnu/bin/../lib/gcc/nios2-elf/5.2.0/mno-hw-mul/libgcc.a(divdf3.o)
 .data          0x0000000000080bbc        0x0 /home/ge/altera_lite/16.0/nios2eds/bin/gnu/H-x86_64-pc-linux-gnu/bin/../lib/gcc/nios2-elf/5.2.0/mno-hw-mul/libgcc.a(eqdf2.o)
 .data          0x0000000000080bbc        0x0 /home/ge/altera_lite/16.0/nios2eds/bin/gnu/H-x86_64-pc-linux-gnu/bin/../lib/gcc/nios2-elf/5.2.0/mno-hw-mul/libgcc.a(gedf2.o)
 .data          0x0000000000080bbc        0x0 /home/ge/altera_lite/16.0/nios2eds/bin/gnu/H-x86_64-pc-linux-gnu/bin/../lib/gcc/nios2-elf/5.2.0/mno-hw-mul/libgcc.a(ledf2.o)
 .data          0x0000000000080bbc        0x0 /home/ge/altera_lite/16.0/nios2eds/bin/gnu/H-x86_64-pc-linux-gnu/bin/../lib/gcc/nios2-elf/5.2.0/mno-hw-mul/libgcc.a(muldf3.o)
 .data          0x0000000000080bbc        0x0 /home/ge/altera_lite/16.0/nios2eds/bin/gnu/H-x86_64-pc-linux-gnu/bin/../lib/gcc/nios2-elf/5.2.0/mno-hw-mul/libgcc.a(subdf3.o)
 .data          0x0000000000080bbc        0x0 /home/ge/altera_lite/16.0/nios2eds/bin/gnu/H-x86_64-pc-linux-gnu/bin/../lib/gcc/nios2-elf/5.2.0/mno-hw-mul/libgcc.a(fixdfsi.o)
 .data          0x0000000000080bbc        0x0 /home/ge/altera_lite/16.0/nios2eds/bin/gnu/H-x86_64-pc-linux-gnu/bin/../lib/gcc/nios2-elf/5.2.0/mno-hw-mul/libgcc.a(floatsidf.o)
 .data          0x0000000000080bbc        0x0 /home/ge/altera_lite/16.0/nios2eds/bin/gnu/H-x86_64-pc-linux-gnu/bin/../lib/gcc/nios2-elf/5.2.0/mno-hw-mul/libgcc.a(floatunsidf.o)
 .data          0x0000000000080bbc        0x0 /home/ge/altera_lite/16.0/nios2eds/bin/gnu/H-x86_64-pc-linux-gnu/bin/../lib/gcc/nios2-elf/5.2.0/mno-hw-mul/libgcc.a(_clz.o)
 .data          0x0000000000080bbc        0x0 /home/ge/altera_lite/16.0/nios2eds/bin/gnu/H-x86_64-pc-linux-gnu/bin/../lib/gcc/nios2-elf/5.2.0/mno-hw-mul/libgcc.a(_clzsi2.o)
 .data          0x0000000000080bbc        0x0 ../niosHello_bsp//libhal_bsp.a(alt_close.o)
 .data          0x0000000000080bbc      0x1a8 ../niosHello_bsp//libhal_bsp.a(alt_dev.o)
                0x0000000000080bbc                alt_dev_null
                0x0000000000080be4                alt_fd_list
 .data          0x0000000000080d64        0x0 ../niosHello_bsp//libhal_bsp.a(alt_errno.o)
 .data          0x0000000000080d64        0x0 ../niosHello_bsp//libhal_bsp.a(alt_fstat.o)
 .data          0x0000000000080d64        0x0 ../niosHello_bsp//libhal_bsp.a(alt_irq_register.o)
 .data          0x0000000000080d64        0x0 ../niosHello_bsp//libhal_bsp.a(alt_irq_vars.o)
 .data          0x0000000000080d64        0x0 ../niosHello_bsp//libhal_bsp.a(alt_isatty.o)
 .data          0x0000000000080d64        0x0 ../niosHello_bsp//libhal_bsp.a(alt_load.o)
 .data          0x0000000000080d64        0x0 ../niosHello_bsp//libhal_bsp.a(alt_lseek.o)
 .data          0x0000000000080d64        0x0 ../niosHello_bsp//libhal_bsp.a(alt_main.o)
 .data          0x0000000000080d64        0x0 ../niosHello_bsp//libhal_bsp.a(alt_malloc_lock.o)
 .data          0x0000000000080d64        0x0 ../niosHello_bsp//libhal_bsp.a(alt_read.o)
 .data          0x0000000000080d64        0x0 ../niosHello_bsp//libhal_bsp.a(alt_release_fd.o)
 .data          0x0000000000080d64        0x0 ../niosHello_bsp//libhal_bsp.a(alt_sbrk.o)
 .data          0x0000000000080d64        0x0 ../niosHello_bsp//libhal_bsp.a(alt_usleep.o)
 .data          0x0000000000080d64        0x0 ../niosHello_bsp//libhal_bsp.a(alt_write.o)
 .data          0x0000000000080d64     0x1060 ../niosHello_bsp//libhal_bsp.a(alt_sys_init.o)
 .data          0x0000000000081dc4        0x0 ../niosHello_bsp//libhal_bsp.a(altera_avalon_jtag_uart_fd.o)
 .data          0x0000000000081dc4        0x0 ../niosHello_bsp//libhal_bsp.a(altera_avalon_jtag_uart_init.o)
 .data          0x0000000000081dc4        0x0 ../niosHello_bsp//libhal_bsp.a(altera_avalon_jtag_uart_ioctl.o)
 .data          0x0000000000081dc4        0x0 ../niosHello_bsp//libhal_bsp.a(altera_avalon_jtag_uart_read.o)
 .data          0x0000000000081dc4        0x0 ../niosHello_bsp//libhal_bsp.a(altera_avalon_jtag_uart_write.o)
 .data          0x0000000000081dc4        0x0 ../niosHello_bsp//libhal_bsp.a(alt_alarm_start.o)
 .data          0x0000000000081dc4        0x0 ../niosHello_bsp//libhal_bsp.a(alt_busy_sleep.o)
 .data          0x0000000000081dc4        0x0 ../niosHello_bsp//libhal_bsp.a(alt_dcache_flush_all.o)
 .data          0x0000000000081dc4        0x0 ../niosHello_bsp//libhal_bsp.a(alt_dev_llist_insert.o)
 .data          0x0000000000081dc4        0x0 ../niosHello_bsp//libhal_bsp.a(alt_do_ctors.o)
 .data          0x0000000000081dc4        0x0 ../niosHello_bsp//libhal_bsp.a(alt_do_dtors.o)
 .data          0x0000000000081dc4        0x0 ../niosHello_bsp//libhal_bsp.a(alt_icache_flush_all.o)
 .data          0x0000000000081dc4        0x0 ../niosHello_bsp//libhal_bsp.a(alt_iic.o)
 .data          0x0000000000081dc4        0x0 ../niosHello_bsp//libhal_bsp.a(alt_iic_isr_register.o)
 .data          0x0000000000081dc4        0x0 ../niosHello_bsp//libhal_bsp.a(alt_io_redirect.o)
 .data          0x0000000000081dc4        0x0 ../niosHello_bsp//libhal_bsp.a(alt_irq_entry.o)
 .data          0x0000000000081dc4        0x0 ../niosHello_bsp//libhal_bsp.a(alt_irq_handler.o)
 .data          0x0000000000081dc4        0x0 ../niosHello_bsp//libhal_bsp.a(alt_open.o)
 .data          0x0000000000081dc4        0x0 ../niosHello_bsp//libhal_bsp.a(alt_tick.o)
 .data          0x0000000000081dc4        0x0 ../niosHello_bsp//libhal_bsp.a(altera_nios2_gen2_irq.o)
 .data          0x0000000000081dc4        0x0 ../niosHello_bsp//libhal_bsp.a(alt_exception_entry.o)
 .data          0x0000000000081dc4        0x0 ../niosHello_bsp//libhal_bsp.a(alt_find_dev.o)
 .data          0x0000000000081dc4        0x0 ../niosHello_bsp//libhal_bsp.a(alt_find_file.o)
 .data          0x0000000000081dc4        0x0 ../niosHello_bsp//libhal_bsp.a(alt_get_fd.o)
 .data          0x0000000000081dc4        0x0 ../niosHello_bsp//libhal_bsp.a(alt_instruction_exception_entry.o)
 .data          0x0000000000081dc4        0x0 /home/ge/altera_lite/16.0/nios2eds/bin/gnu/H-x86_64-pc-linux-gnu/bin/../lib/gcc/nios2-elf/5.2.0/../../../../../H-x86_64-pc-linux-gnu/nios2-elf/lib/mno-hw-mul/libc.a(lib_a-atexit.o)
 .data          0x0000000000081dc4        0x0 /home/ge/altera_lite/16.0/nios2eds/bin/gnu/H-x86_64-pc-linux-gnu/bin/../lib/gcc/nios2-elf/5.2.0/../../../../../H-x86_64-pc-linux-gnu/nios2-elf/lib/mno-hw-mul/libc.a(lib_a-exit.o)
 .data          0x0000000000081dc4        0x0 /home/ge/altera_lite/16.0/nios2eds/bin/gnu/H-x86_64-pc-linux-gnu/bin/../lib/gcc/nios2-elf/5.2.0/../../../../../H-x86_64-pc-linux-gnu/nios2-elf/lib/mno-hw-mul/libc.a(lib_a-memcmp.o)
 .data          0x0000000000081dc4        0x0 /home/ge/altera_lite/16.0/nios2eds/bin/gnu/H-x86_64-pc-linux-gnu/bin/../lib/gcc/nios2-elf/5.2.0/../../../../../H-x86_64-pc-linux-gnu/nios2-elf/lib/mno-hw-mul/libc.a(lib_a-__atexit.o)
 .data          0x0000000000081dc4        0x0 /home/ge/altera_lite/16.0/nios2eds/bin/gnu/H-x86_64-pc-linux-gnu/bin/../lib/gcc/nios2-elf/5.2.0/../../../../../H-x86_64-pc-linux-gnu/nios2-elf/lib/mno-hw-mul/libc.a(lib_a-__call_atexit.o)
 .data          0x0000000000081dc4        0x0 ../niosHello_bsp//libhal_bsp.a(alt_exit.o)
                0x0000000000089dc4                _gp = ABSOLUTE ((. + 0x8000))
                [!provide]                        PROVIDE (gp, _gp)
 *(.rwdata .rwdata.*)
 *(.sdata .sdata.* .gnu.linkonce.s.*)
 .sdata         0x0000000000081dc4        0x4 obj/default/hello_world.o
                0x0000000000081dc4                edge_capture
 .sdata._global_impure_ptr
                0x0000000000081dc8        0x4 /home/ge/altera_lite/16.0/nios2eds/bin/gnu/H-x86_64-pc-linux-gnu/bin/../lib/gcc/nios2-elf/5.2.0/../../../../../H-x86_64-pc-linux-gnu/nios2-elf/lib/mno-hw-mul/libc.a(lib_a-impure.o)
                0x0000000000081dc8                _global_impure_ptr
 .sdata._impure_ptr
                0x0000000000081dcc        0x4 /home/ge/altera_lite/16.0/nios2eds/bin/gnu/H-x86_64-pc-linux-gnu/bin/../lib/gcc/nios2-elf/5.2.0/../../../../../H-x86_64-pc-linux-gnu/nios2-elf/lib/mno-hw-mul/libc.a(lib_a-impure.o)
                0x0000000000081dcc                _impure_ptr
 .sdata.__mb_cur_max
                0x0000000000081dd0        0x4 /home/ge/altera_lite/16.0/nios2eds/bin/gnu/H-x86_64-pc-linux-gnu/bin/../lib/gcc/nios2-elf/5.2.0/../../../../../H-x86_64-pc-linux-gnu/nios2-elf/lib/mno-hw-mul/libc.a(lib_a-locale.o)
                0x0000000000081dd0                __mb_cur_max
 .sdata.__malloc_sbrk_base
                0x0000000000081dd4        0x4 /home/ge/altera_lite/16.0/nios2eds/bin/gnu/H-x86_64-pc-linux-gnu/bin/../lib/gcc/nios2-elf/5.2.0/../../../../../H-x86_64-pc-linux-gnu/nios2-elf/lib/mno-hw-mul/libc.a(lib_a-mallocr.o)
                0x0000000000081dd4                __malloc_sbrk_base
 .sdata.__malloc_trim_threshold
                0x0000000000081dd8        0x4 /home/ge/altera_lite/16.0/nios2eds/bin/gnu/H-x86_64-pc-linux-gnu/bin/../lib/gcc/nios2-elf/5.2.0/../../../../../H-x86_64-pc-linux-gnu/nios2-elf/lib/mno-hw-mul/libc.a(lib_a-mallocr.o)
                0x0000000000081dd8                __malloc_trim_threshold
 .sdata.__wctomb
                0x0000000000081ddc        0x4 /home/ge/altera_lite/16.0/nios2eds/bin/gnu/H-x86_64-pc-linux-gnu/bin/../lib/gcc/nios2-elf/5.2.0/../../../../../H-x86_64-pc-linux-gnu/nios2-elf/lib/mno-hw-mul/libc.a(lib_a-wctomb_r.o)
                0x0000000000081ddc                __wctomb
 .sdata         0x0000000000081de0       0x14 ../niosHello_bsp//libhal_bsp.a(alt_dev.o)
                0x0000000000081de0                alt_fs_list
                0x0000000000081de8                alt_dev_list
                0x0000000000081df0                alt_max_fd
 .sdata         0x0000000000081df4        0x4 ../niosHello_bsp//libhal_bsp.a(alt_errno.o)
                0x0000000000081df4                alt_errno
 .sdata         0x0000000000081df8        0x4 ../niosHello_bsp//libhal_bsp.a(alt_irq_vars.o)
                0x0000000000081df8                alt_priority_mask
 .sdata         0x0000000000081dfc        0x4 ../niosHello_bsp//libhal_bsp.a(alt_sbrk.o)
 .sdata         0x0000000000081e00        0x8 ../niosHello_bsp//libhal_bsp.a(alt_tick.o)
                0x0000000000081e00                alt_alarm_list
 *(.sdata2 .sdata2.* .gnu.linkonce.s2.*)
                0x0000000000081e08                . = ALIGN (0x4)
                0x0000000000081e08                _edata = ABSOLUTE (.)
                [!provide]                        PROVIDE (edata, ABSOLUTE (.))
                0x0000000000081e08                PROVIDE (__ram_rwdata_end, ABSOLUTE (.))
                0x000000000004fe20                PROVIDE (__flash_rwdata_start, LOADADDR (.rwdata))

.bss            0x0000000000081e08      0x16c load address 0x0000000000051910
                0x0000000000081e08                __bss_start = ABSOLUTE (.)
                [!provide]                        PROVIDE (__sbss_start, ABSOLUTE (.))
                [!provide]                        PROVIDE (___sbss_start, ABSOLUTE (.))
 *(.dynsbss)
 *(.sbss .sbss.* .gnu.linkonce.sb.*)
 .sbss          0x0000000000081e08        0xc obj/default/hello_world.o
                0x0000000000081e08                n
                0x0000000000081e0c                g_edge
                0x0000000000081e10                f_print
 .sbss._PathLocale
                0x0000000000081e14        0x4 /home/ge/altera_lite/16.0/nios2eds/bin/gnu/H-x86_64-pc-linux-gnu/bin/../lib/gcc/nios2-elf/5.2.0/../../../../../H-x86_64-pc-linux-gnu/nios2-elf/lib/mno-hw-mul/libc.a(lib_a-locale.o)
                0x0000000000081e14                _PathLocale
 .sbss.__mlocale_changed
                0x0000000000081e18        0x4 /home/ge/altera_lite/16.0/nios2eds/bin/gnu/H-x86_64-pc-linux-gnu/bin/../lib/gcc/nios2-elf/5.2.0/../../../../../H-x86_64-pc-linux-gnu/nios2-elf/lib/mno-hw-mul/libc.a(lib_a-locale.o)
                0x0000000000081e18                __mlocale_changed
 .sbss.__nlocale_changed
                0x0000000000081e1c        0x4 /home/ge/altera_lite/16.0/nios2eds/bin/gnu/H-x86_64-pc-linux-gnu/bin/../lib/gcc/nios2-elf/5.2.0/../../../../../H-x86_64-pc-linux-gnu/nios2-elf/lib/mno-hw-mul/libc.a(lib_a-locale.o)
                0x0000000000081e1c                __nlocale_changed
 .sbss.__malloc_max_total_mem
                0x0000000000081e20        0x4 /home/ge/altera_lite/16.0/nios2eds/bin/gnu/H-x86_64-pc-linux-gnu/bin/../lib/gcc/nios2-elf/5.2.0/../../../../../H-x86_64-pc-linux-gnu/nios2-elf/lib/mno-hw-mul/libc.a(lib_a-mallocr.o)
                0x0000000000081e20                __malloc_max_total_mem
 .sbss.__malloc_max_sbrked_mem
                0x0000000000081e24        0x4 /home/ge/altera_lite/16.0/nios2eds/bin/gnu/H-x86_64-pc-linux-gnu/bin/../lib/gcc/nios2-elf/5.2.0/../../../../../H-x86_64-pc-linux-gnu/nios2-elf/lib/mno-hw-mul/libc.a(lib_a-mallocr.o)
                0x0000000000081e24                __malloc_max_sbrked_mem
 .sbss.__malloc_top_pad
                0x0000000000081e28        0x4 /home/ge/altera_lite/16.0/nios2eds/bin/gnu/H-x86_64-pc-linux-gnu/bin/../lib/gcc/nios2-elf/5.2.0/../../../../../H-x86_64-pc-linux-gnu/nios2-elf/lib/mno-hw-mul/libc.a(lib_a-mallocr.o)
                0x0000000000081e28                __malloc_top_pad
 .sbss          0x0000000000081e2c        0x4 /home/ge/altera_lite/16.0/nios2eds/bin/gnu/H-x86_64-pc-linux-gnu/bin/../lib/gcc/nios2-elf/5.2.0/../../../../../H-x86_64-pc-linux-gnu/nios2-elf/lib/mno-hw-mul/libc.a(lib_a-int_errno.o)
                0x0000000000081e2c                errno
 .sbss          0x0000000000081e30        0x4 ../niosHello_bsp//libhal_bsp.a(alt_irq_vars.o)
                0x0000000000081e30                alt_irq_active
 .sbss          0x0000000000081e34        0xc ../niosHello_bsp//libhal_bsp.a(alt_main.o)
                0x0000000000081e34                alt_argc
                0x0000000000081e38                alt_argv
                0x0000000000081e3c                alt_envp
 .sbss          0x0000000000081e40        0x8 ../niosHello_bsp//libhal_bsp.a(alt_tick.o)
                0x0000000000081e40                _alt_tick_rate
                0x0000000000081e44                _alt_nticks
 .sbss          0x0000000000081e48        0x4 ../niosHello_bsp//libhal_bsp.a(alt_instruction_exception_entry.o)
                0x0000000000081e48                alt_instruction_exception_handler
 *(.sbss2 .sbss2.* .gnu.linkonce.sb2.*)
 *(.scommon)
                [!provide]                        PROVIDE (__sbss_end, ABSOLUTE (.))
                [!provide]                        PROVIDE (___sbss_end, ABSOLUTE (.))
 *(.dynbss)
 *(.bss .bss.* .gnu.linkonce.b.*)
 .bss           0x0000000000081e4c        0x0 ../niosHello_bsp//obj/HAL/src/crt0.o
 .bss           0x0000000000081e4c        0x0 obj/default/hello_world.o
 .bss           0x0000000000081e4c        0x0 /home/ge/altera_lite/16.0/nios2eds/bin/gnu/H-x86_64-pc-linux-gnu/bin/../lib/gcc/nios2-elf/5.2.0/../../../../../H-x86_64-pc-linux-gnu/nios2-elf/lib/mno-hw-mul/libc.a(lib_a-printf.o)
 .bss           0x0000000000081e4c        0x0 /home/ge/altera_lite/16.0/nios2eds/bin/gnu/H-x86_64-pc-linux-gnu/bin/../lib/gcc/nios2-elf/5.2.0/../../../../../H-x86_64-pc-linux-gnu/nios2-elf/lib/mno-hw-mul/libc.a(lib_a-puts.o)
 .bss           0x0000000000081e4c        0x0 /home/ge/altera_lite/16.0/nios2eds/bin/gnu/H-x86_64-pc-linux-gnu/bin/../lib/gcc/nios2-elf/5.2.0/../../../../../H-x86_64-pc-linux-gnu/nios2-elf/lib/mno-hw-mul/libc.a(lib_a-strlen.o)
 .bss           0x0000000000081e4c        0x0 /home/ge/altera_lite/16.0/nios2eds/bin/gnu/H-x86_64-pc-linux-gnu/bin/../lib/gcc/nios2-elf/5.2.0/../../../../../H-x86_64-pc-linux-gnu/nios2-elf/lib/mno-hw-mul/libc.a(lib_a-vfprintf.o)
 .bss           0x0000000000081e4c        0x0 /home/ge/altera_lite/16.0/nios2eds/bin/gnu/H-x86_64-pc-linux-gnu/bin/../lib/gcc/nios2-elf/5.2.0/../../../../../H-x86_64-pc-linux-gnu/nios2-elf/lib/mno-hw-mul/libc.a(lib_a-wsetup.o)
 .bss           0x0000000000081e4c        0x0 /home/ge/altera_lite/16.0/nios2eds/bin/gnu/H-x86_64-pc-linux-gnu/bin/../lib/gcc/nios2-elf/5.2.0/../../../../../H-x86_64-pc-linux-gnu/nios2-elf/lib/mno-hw-mul/libc.a(lib_a-dtoa.o)
 .bss           0x0000000000081e4c        0x0 /home/ge/altera_lite/16.0/nios2eds/bin/gnu/H-x86_64-pc-linux-gnu/bin/../lib/gcc/nios2-elf/5.2.0/../../../../../H-x86_64-pc-linux-gnu/nios2-elf/lib/mno-hw-mul/libc.a(lib_a-fflush.o)
 .bss           0x0000000000081e4c        0x0 /home/ge/altera_lite/16.0/nios2eds/bin/gnu/H-x86_64-pc-linux-gnu/bin/../lib/gcc/nios2-elf/5.2.0/../../../../../H-x86_64-pc-linux-gnu/nios2-elf/lib/mno-hw-mul/libc.a(lib_a-findfp.o)
 .bss           0x0000000000081e4c        0x0 /home/ge/altera_lite/16.0/nios2eds/bin/gnu/H-x86_64-pc-linux-gnu/bin/../lib/gcc/nios2-elf/5.2.0/../../../../../H-x86_64-pc-linux-gnu/nios2-elf/lib/mno-hw-mul/libc.a(lib_a-freer.o)
 .bss           0x0000000000081e4c        0x0 /home/ge/altera_lite/16.0/nios2eds/bin/gnu/H-x86_64-pc-linux-gnu/bin/../lib/gcc/nios2-elf/5.2.0/../../../../../H-x86_64-pc-linux-gnu/nios2-elf/lib/mno-hw-mul/libc.a(lib_a-fvwrite.o)
 .bss           0x0000000000081e4c        0x0 /home/ge/altera_lite/16.0/nios2eds/bin/gnu/H-x86_64-pc-linux-gnu/bin/../lib/gcc/nios2-elf/5.2.0/../../../../../H-x86_64-pc-linux-gnu/nios2-elf/lib/mno-hw-mul/libc.a(lib_a-fwalk.o)
 .bss           0x0000000000081e4c        0x0 /home/ge/altera_lite/16.0/nios2eds/bin/gnu/H-x86_64-pc-linux-gnu/bin/../lib/gcc/nios2-elf/5.2.0/../../../../../H-x86_64-pc-linux-gnu/nios2-elf/lib/mno-hw-mul/libc.a(lib_a-impure.o)
 .bss           0x0000000000081e4c        0x0 /home/ge/altera_lite/16.0/nios2eds/bin/gnu/H-x86_64-pc-linux-gnu/bin/../lib/gcc/nios2-elf/5.2.0/../../../../../H-x86_64-pc-linux-gnu/nios2-elf/lib/mno-hw-mul/libc.a(lib_a-locale.o)
 .bss           0x0000000000081e4c        0x0 /home/ge/altera_lite/16.0/nios2eds/bin/gnu/H-x86_64-pc-linux-gnu/bin/../lib/gcc/nios2-elf/5.2.0/../../../../../H-x86_64-pc-linux-gnu/nios2-elf/lib/mno-hw-mul/libc.a(lib_a-makebuf.o)
 .bss           0x0000000000081e4c        0x0 /home/ge/altera_lite/16.0/nios2eds/bin/gnu/H-x86_64-pc-linux-gnu/bin/../lib/gcc/nios2-elf/5.2.0/../../../../../H-x86_64-pc-linux-gnu/nios2-elf/lib/mno-hw-mul/libc.a(lib_a-mallocr.o)
 .bss.__malloc_current_mallinfo