Archive member included to satisfy reference by file (symbol)

../StepMotorBSP_bsp//libhal_bsp.a(alt_load.o)
                              ../StepMotorBSP_bsp//obj/HAL/src/crt0.o (alt_load)
../StepMotorBSP_bsp//libhal_bsp.a(alt_main.o)
                              ../StepMotorBSP_bsp//obj/HAL/src/crt0.o (alt_main)
../StepMotorBSP_bsp//libhal_bsp.a(alt_sys_init.o)
                              ../StepMotorBSP_bsp//libhal_bsp.a(alt_main.o) (alt_irq_init)
../StepMotorBSP_bsp//libhal_bsp.a(altera_avalon_jtag_uart_fd.o)
                              ../StepMotorBSP_bsp//libhal_bsp.a(alt_sys_init.o) (altera_avalon_jtag_uart_read_fd)
../StepMotorBSP_bsp//libhal_bsp.a(altera_avalon_jtag_uart_init.o)
                              ../StepMotorBSP_bsp//libhal_bsp.a(alt_sys_init.o) (altera_avalon_jtag_uart_init)
../StepMotorBSP_bsp//libhal_bsp.a(altera_avalon_jtag_uart_ioctl.o)
                              ../StepMotorBSP_bsp//libhal_bsp.a(altera_avalon_jtag_uart_fd.o) (altera_avalon_jtag_uart_ioctl)
../StepMotorBSP_bsp//libhal_bsp.a(altera_avalon_jtag_uart_read.o)
                              ../StepMotorBSP_bsp//libhal_bsp.a(altera_avalon_jtag_uart_fd.o) (altera_avalon_jtag_uart_read)
../StepMotorBSP_bsp//libhal_bsp.a(altera_avalon_jtag_uart_write.o)
                              ../StepMotorBSP_bsp//libhal_bsp.a(altera_avalon_jtag_uart_fd.o) (altera_avalon_jtag_uart_write)
../StepMotorBSP_bsp//libhal_bsp.a(alt_alarm_start.o)
                              ../StepMotorBSP_bsp//libhal_bsp.a(altera_avalon_jtag_uart_init.o) (alt_alarm_start)
../StepMotorBSP_bsp//libhal_bsp.a(alt_close.o)
                              ../StepMotorBSP_bsp//libhal_bsp.a(alt_main.o) (close)
../StepMotorBSP_bsp//libhal_bsp.a(alt_dcache_flush_all.o)
                              ../StepMotorBSP_bsp//libhal_bsp.a(alt_load.o) (alt_dcache_flush_all)
../StepMotorBSP_bsp//libhal_bsp.a(alt_dev.o)
                              ../StepMotorBSP_bsp//libhal_bsp.a(alt_sys_init.o) (alt_dev_list)
../StepMotorBSP_bsp//libhal_bsp.a(alt_dev_llist_insert.o)
                              ../StepMotorBSP_bsp//libhal_bsp.a(alt_sys_init.o) (alt_dev_llist_insert)
../StepMotorBSP_bsp//libhal_bsp.a(alt_do_ctors.o)
                              ../StepMotorBSP_bsp//libhal_bsp.a(alt_main.o) (_do_ctors)
../StepMotorBSP_bsp//libhal_bsp.a(alt_do_dtors.o)
                              ../StepMotorBSP_bsp//libhal_bsp.a(alt_main.o) (_do_dtors)
../StepMotorBSP_bsp//libhal_bsp.a(alt_errno.o)
                              ../StepMotorBSP_bsp//libhal_bsp.a(alt_close.o) (alt_errno)
../StepMotorBSP_bsp//libhal_bsp.a(alt_icache_flush_all.o)
                              ../StepMotorBSP_bsp//libhal_bsp.a(alt_load.o) (alt_icache_flush_all)
../StepMotorBSP_bsp//libhal_bsp.a(alt_iic.o)
                              ../StepMotorBSP_bsp//libhal_bsp.a(altera_avalon_jtag_uart_init.o) (alt_ic_isr_register)
../StepMotorBSP_bsp//libhal_bsp.a(alt_iic_isr_register.o)
                              ../StepMotorBSP_bsp//libhal_bsp.a(alt_iic.o) (alt_iic_isr_register)
../StepMotorBSP_bsp//libhal_bsp.a(alt_io_redirect.o)
                              ../StepMotorBSP_bsp//libhal_bsp.a(alt_main.o) (alt_io_redirect)
../StepMotorBSP_bsp//libhal_bsp.a(alt_irq_entry.o)
                              ../StepMotorBSP_bsp//libhal_bsp.a(alt_iic_isr_register.o) (alt_irq_entry)
../StepMotorBSP_bsp//libhal_bsp.a(alt_irq_handler.o)
                              ../StepMotorBSP_bsp//libhal_bsp.a(alt_iic_isr_register.o) (alt_irq)
../StepMotorBSP_bsp//libhal_bsp.a(alt_irq_vars.o)
                              ../StepMotorBSP_bsp//libhal_bsp.a(alt_iic.o) (alt_irq_active)
../StepMotorBSP_bsp//libhal_bsp.a(alt_open.o)
                              ../StepMotorBSP_bsp//libhal_bsp.a(alt_io_redirect.o) (open)
../StepMotorBSP_bsp//libhal_bsp.a(alt_release_fd.o)
                              ../StepMotorBSP_bsp//libhal_bsp.a(alt_close.o) (alt_release_fd)
../StepMotorBSP_bsp//libhal_bsp.a(alt_tick.o)
                              ../StepMotorBSP_bsp//libhal_bsp.a(altera_avalon_jtag_uart_init.o) (_alt_tick_rate)
../StepMotorBSP_bsp//libhal_bsp.a(altera_nios2_gen2_irq.o)
                              ../StepMotorBSP_bsp//libhal_bsp.a(alt_sys_init.o) (altera_nios2_gen2_irq_init)
../StepMotorBSP_bsp//libhal_bsp.a(alt_exception_entry.o)
                              ../StepMotorBSP_bsp//libhal_bsp.a(alt_irq_entry.o) (alt_exception)
../StepMotorBSP_bsp//libhal_bsp.a(alt_find_dev.o)
                              ../StepMotorBSP_bsp//libhal_bsp.a(alt_open.o) (alt_find_dev)
../StepMotorBSP_bsp//libhal_bsp.a(alt_find_file.o)
                              ../StepMotorBSP_bsp//libhal_bsp.a(alt_open.o) (alt_find_file)
../StepMotorBSP_bsp//libhal_bsp.a(alt_get_fd.o)
                              ../StepMotorBSP_bsp//libhal_bsp.a(alt_open.o) (alt_get_fd)
../StepMotorBSP_bsp//libhal_bsp.a(alt_instruction_exception_entry.o)
                              ../StepMotorBSP_bsp//libhal_bsp.a(alt_exception_entry.o) (alt_instruction_exception_entry)
/home/ge/altera_lite/16.0/nios2eds/bin/gnu/H-x86_64-pc-linux-gnu/bin/../lib/gcc/nios2-elf/5.2.0/../../../../../H-x86_64-pc-linux-gnu/nios2-elf/lib/mno-hw-mul/libc.a(lib_a-atexit.o)
                              ../StepMotorBSP_bsp//libhal_bsp.a(alt_main.o) (atexit)
/home/ge/altera_lite/16.0/nios2eds/bin/gnu/H-x86_64-pc-linux-gnu/bin/../lib/gcc/nios2-elf/5.2.0/../../../../../H-x86_64-pc-linux-gnu/nios2-elf/lib/mno-hw-mul/libc.a(lib_a-exit.o)
                              ../StepMotorBSP_bsp//libhal_bsp.a(alt_main.o) (exit)
/home/ge/altera_lite/16.0/nios2eds/bin/gnu/H-x86_64-pc-linux-gnu/bin/../lib/gcc/nios2-elf/5.2.0/../../../../../H-x86_64-pc-linux-gnu/nios2-elf/lib/mno-hw-mul/libc.a(lib_a-impure.o)
                              /home/ge/altera_lite/16.0/nios2eds/bin/gnu/H-x86_64-pc-linux-gnu/bin/../lib/gcc/nios2-elf/5.2.0/../../../../../H-x86_64-pc-linux-gnu/nios2-elf/lib/mno-hw-mul/libc.a(lib_a-exit.o) (_global_impure_ptr)
/home/ge/altera_lite/16.0/nios2eds/bin/gnu/H-x86_64-pc-linux-gnu/bin/../lib/gcc/nios2-elf/5.2.0/../../../../../H-x86_64-pc-linux-gnu/nios2-elf/lib/mno-hw-mul/libc.a(lib_a-int_errno.o)
                              ../StepMotorBSP_bsp//libhal_bsp.a(alt_close.o) (errno)
/home/ge/altera_lite/16.0/nios2eds/bin/gnu/H-x86_64-pc-linux-gnu/bin/../lib/gcc/nios2-elf/5.2.0/../../../../../H-x86_64-pc-linux-gnu/nios2-elf/lib/mno-hw-mul/libc.a(lib_a-memcmp.o)
                              ../StepMotorBSP_bsp//libhal_bsp.a(alt_find_dev.o) (memcmp)
/home/ge/altera_lite/16.0/nios2eds/bin/gnu/H-x86_64-pc-linux-gnu/bin/../lib/gcc/nios2-elf/5.2.0/../../../../../H-x86_64-pc-linux-gnu/nios2-elf/lib/mno-hw-mul/libc.a(lib_a-memcpy.o)
                              ../StepMotorBSP_bsp//libhal_bsp.a(altera_avalon_jtag_uart_read.o) (memcpy)
/home/ge/altera_lite/16.0/nios2eds/bin/gnu/H-x86_64-pc-linux-gnu/bin/../lib/gcc/nios2-elf/5.2.0/../../../../../H-x86_64-pc-linux-gnu/nios2-elf/lib/mno-hw-mul/libc.a(lib_a-strlen.o)
                              ../StepMotorBSP_bsp//libhal_bsp.a(alt_find_dev.o) (strlen)
/home/ge/altera_lite/16.0/nios2eds/bin/gnu/H-x86_64-pc-linux-gnu/bin/../lib/gcc/nios2-elf/5.2.0/../../../../../H-x86_64-pc-linux-gnu/nios2-elf/lib/mno-hw-mul/libc.a(lib_a-__atexit.o)
                              /home/ge/altera_lite/16.0/nios2eds/bin/gnu/H-x86_64-pc-linux-gnu/bin/../lib/gcc/nios2-elf/5.2.0/../../../../../H-x86_64-pc-linux-gnu/nios2-elf/lib/mno-hw-mul/libc.a(lib_a-atexit.o) (__register_exitproc)
/home/ge/altera_lite/16.0/nios2eds/bin/gnu/H-x86_64-pc-linux-gnu/bin/../lib/gcc/nios2-elf/5.2.0/../../../../../H-x86_64-pc-linux-gnu/nios2-elf/lib/mno-hw-mul/libc.a(lib_a-__call_atexit.o)
                              /home/ge/altera_lite/16.0/nios2eds/bin/gnu/H-x86_64-pc-linux-gnu/bin/../lib/gcc/nios2-elf/5.2.0/../../../../../H-x86_64-pc-linux-gnu/nios2-elf/lib/mno-hw-mul/libc.a(lib_a-exit.o) (__call_exitprocs)
/home/ge/altera_lite/16.0/nios2eds/bin/gnu/H-x86_64-pc-linux-gnu/bin/../lib/gcc/nios2-elf/5.2.0/mno-hw-mul/libgcc.a(lib2-mul.o)
                              ../StepMotorBSP_bsp//libhal_bsp.a(alt_close.o) (__mulsi3)
../StepMotorBSP_bsp//libhal_bsp.a(alt_exit.o)
                              /home/ge/altera_lite/16.0/nios2eds/bin/gnu/H-x86_64-pc-linux-gnu/bin/../lib/gcc/nios2-elf/5.2.0/../../../../../H-x86_64-pc-linux-gnu/nios2-elf/lib/mno-hw-mul/libc.a(lib_a-exit.o) (_exit)

Allocating common symbols
Common symbol       size              file

alt_irq             0x100             ../StepMotorBSP_bsp//libhal_bsp.a(alt_irq_handler.o)
errno               0x4               /home/ge/altera_lite/16.0/nios2eds/bin/gnu/H-x86_64-pc-linux-gnu/bin/../lib/gcc/nios2-elf/5.2.0/../../../../../H-x86_64-pc-linux-gnu/nios2-elf/lib/mno-hw-mul/libc.a(lib_a-int_errno.o)

Memory Configuration

Name             Origin             Length             Attributes
reset            0x0000000000020000 0x0000000000000020
onchip_memory2_1 0x0000000000020020 0x000000000001ffe0
onchip_memory2_0 0x0000000000040000 0x0000000000008000
*default*        0x0000000000000000 0xffffffffffffffff

Linker script and memory map

LOAD ../StepMotorBSP_bsp//obj/HAL/src/crt0.o
LOAD obj/default/hello_world.o
LOAD /home/ge/altera_lite/16.0/nios2eds/bin/gnu/H-x86_64-pc-linux-gnu/bin/../lib/gcc/nios2-elf/5.2.0/../../../../../H-x86_64-pc-linux-gnu/nios2-elf/lib/mno-hw-mul/libstdc++.a
LOAD /home/ge/altera_lite/16.0/nios2eds/bin/gnu/H-x86_64-pc-linux-gnu/bin/../lib/gcc/nios2-elf/5.2.0/../../../../../H-x86_64-pc-linux-gnu/nios2-elf/lib/mno-hw-mul/libm.a
LOAD /home/ge/altera_lite/16.0/nios2eds/bin/gnu/H-x86_64-pc-linux-gnu/bin/../lib/gcc/nios2-elf/5.2.0/mno-hw-mul/libgcc.a
START GROUP
LOAD /home/ge/altera_lite/16.0/nios2eds/bin/gnu/H-x86_64-pc-linux-gnu/bin/../lib/gcc/nios2-elf/5.2.0/../../../../../H-x86_64-pc-linux-gnu/nios2-elf/lib/mno-hw-mul/libc.a
LOAD /home/ge/altera_lite/16.0/nios2eds/bin/gnu/H-x86_64-pc-linux-gnu/bin/../lib/gcc/nios2-elf/5.2.0/mno-hw-mul/libgcc.a
LOAD ../StepMotorBSP_bsp//libhal_bsp.a
LOAD /home/ge/altera_lite/16.0/nios2eds/bin/gnu/H-x86_64-pc-linux-gnu/bin/../lib/gcc/nios2-elf/5.2.0/../../../../../H-x86_64-pc-linux-gnu/nios2-elf/lib/mno-hw-mul/libm.a
END GROUP
LOAD /home/ge/altera_lite/16.0/nios2eds/bin/gnu/H-x86_64-pc-linux-gnu/bin/../lib/gcc/nios2-elf/5.2.0/mno-hw-mul/libgcc.a
                0x0000000000020000                __alt_mem_onchip_memory2_1 = 0x20000
                0x0000000000040000                __alt_mem_onchip_memory2_0 = 0x40000

.entry          0x0000000000020000       0x20
 *(.entry)
 .entry         0x0000000000020000       0x20 ../StepMotorBSP_bsp//obj/HAL/src/crt0.o
                0x0000000000020000                __reset

.exceptions     0x0000000000020020      0x210
                0x0000000000020020                PROVIDE (__ram_exceptions_start, ABSOLUTE (.))
                0x0000000000020020                . = ALIGN (0x20)
 *(.irq)
 *(.exceptions.entry.label)
 .exceptions.entry.label
                0x0000000000020020        0x0 ../StepMotorBSP_bsp//libhal_bsp.a(alt_irq_entry.o)
                0x0000000000020020                alt_irq_entry
 .exceptions.entry.label
                0x0000000000020020        0x0 ../StepMotorBSP_bsp//libhal_bsp.a(alt_exception_entry.o)
                0x0000000000020020                alt_exception
 *(.exceptions.entry.user)
 *(.exceptions.entry.ecc_fatal)
 *(.exceptions.entry)
 .exceptions.entry
                0x0000000000020020       0x54 ../StepMotorBSP_bsp//libhal_bsp.a(alt_exception_entry.o)
 *(.exceptions.irqtest.user)
 *(.exceptions.irqtest)
 .exceptions.irqtest
                0x0000000000020074       0x10 ../StepMotorBSP_bsp//libhal_bsp.a(alt_irq_entry.o)
 *(.exceptions.irqhandler.user)
 *(.exceptions.irqhandler)
 .exceptions.irqhandler
                0x0000000000020084        0x4 ../StepMotorBSP_bsp//libhal_bsp.a(alt_irq_entry.o)
 *(.exceptions.irqreturn.user)
 *(.exceptions.irqreturn)
 .exceptions.irqreturn
                0x0000000000020088        0x4 ../StepMotorBSP_bsp//libhal_bsp.a(alt_irq_entry.o)
 *(.exceptions.notirq.label)
 .exceptions.notirq.label
                0x000000000002008c        0x0 ../StepMotorBSP_bsp//libhal_bsp.a(alt_irq_entry.o)
 *(.exceptions.notirq.user)
 *(.exceptions.notirq)
 .exceptions.notirq
                0x000000000002008c        0x8 ../StepMotorBSP_bsp//libhal_bsp.a(alt_exception_entry.o)
 *(.exceptions.soft.user)
 *(.exceptions.soft)
 *(.exceptions.unknown.user)
 *(.exceptions.unknown)
 .exceptions.unknown
                0x0000000000020094       0x14 ../StepMotorBSP_bsp//libhal_bsp.a(alt_exception_entry.o)
 *(.exceptions.exit.label)
 .exceptions.exit.label
                0x00000000000200a8        0x0 ../StepMotorBSP_bsp//libhal_bsp.a(alt_irq_entry.o)
 .exceptions.exit.label
                0x00000000000200a8        0x0 ../StepMotorBSP_bsp//libhal_bsp.a(alt_exception_entry.o)
 *(.exceptions.exit.user)
 *(.exceptions.exit)
 .exceptions.exit
                0x00000000000200a8       0x54 ../StepMotorBSP_bsp//libhal_bsp.a(alt_exception_entry.o)
 *(.exceptions)
 .exceptions    0x00000000000200fc       0xd4 ../StepMotorBSP_bsp//libhal_bsp.a(alt_irq_handler.o)
                0x00000000000200fc                alt_irq_handler
 .exceptions    0x00000000000201d0       0x60 ../StepMotorBSP_bsp//libhal_bsp.a(alt_instruction_exception_entry.o)
                0x00000000000201d0                alt_instruction_exception_entry
                0x0000000000020230                PROVIDE (__ram_exceptions_end, ABSOLUTE (.))
                0x0000000000020020                PROVIDE (__flash_exceptions_start, LOADADDR (.exceptions))

.text           0x0000000000020230     0x2364
                [!provide]                        PROVIDE (stext, ABSOLUTE (.))
 *(.interp)
 *(.hash)
 *(.dynsym)
 *(.dynstr)
 *(.gnu.version)
 *(.gnu.version_d)
 *(.gnu.version_r)
 *(.rel.init)
 *(.rela.init)
 *(.rel.text .rel.text.* .rel.gnu.linkonce.t.*)
 *(.rela.text .rela.text.* .rela.gnu.linkonce.t.*)
 *(.rel.fini)
 *(.rela.fini)
 *(.rel.rodata .rel.rodata.* .rel.gnu.linkonce.r.*)
 *(.rela.rodata .rela.rodata.* .rela.gnu.linkonce.r.*)
 *(.rel.data .rel.data.* .rel.gnu.linkonce.d.*)
 *(.rela.data .rela.data.* .rela.gnu.linkonce.d.*)
 *(.rel.tdata .rel.tdata.* .rel.gnu.linkonce.td.*)
 *(.rela.tdata .rela.tdata.* .rela.gnu.linkonce.td.*)
 *(.rel.tbss .rel.tbss.* .rel.gnu.linkonce.tb.*)
 *(.rela.tbss .rela.tbss.* .rela.gnu.linkonce.tb.*)
 *(.rel.ctors)
 *(.rela.ctors)
 *(.rel.dtors)
 *(.rela.dtors)
 *(.rel.got)
 *(.rela.got)
 *(.rel.sdata .rel.sdata.* .rel.gnu.linkonce.s.*)
 *(.rela.sdata .rela.sdata.* .rela.gnu.linkonce.s.*)
 *(.rel.sbss .rel.sbss.* .rel.gnu.linkonce.sb.*)
 *(.rela.sbss .rela.sbss.* .rela.gnu.linkonce.sb.*)
 *(.rel.sdata2 .rel.sdata2.* .rel.gnu.linkonce.s2.*)
 *(.rela.sdata2 .rela.sdata2.* .rela.gnu.linkonce.s2.*)
 *(.rel.sbss2 .rel.sbss2.* .rel.gnu.linkonce.sb2.*)
 *(.rela.sbss2 .rela.sbss2.* .rela.gnu.linkonce.sb2.*)
 *(.rel.bss .rel.bss.* .rel.gnu.linkonce.b.*)
 *(.rela.bss .rela.bss.* .rela.gnu.linkonce.b.*)
 *(.rel.plt)
 *(.rela.plt)
 *(.rel.dyn)
 *(.init)
 *(.plt)
 *(.text .stub .text.* .gnu.linkonce.t.*)
 .text          0x0000000000020230       0x3c ../StepMotorBSP_bsp//obj/HAL/src/crt0.o
                0x0000000000020230                _start
 .text          0x000000000002026c       0x38 obj/default/hello_world.o
                0x000000000002026c                main
 .text          0x00000000000202a4       0xec ../StepMotorBSP_bsp//libhal_bsp.a(alt_load.o)
                0x000000000002030c                alt_load
 .text          0x0000000000020390       0x7c ../StepMotorBSP_bsp//libhal_bsp.a(alt_main.o)
                0x0000000000020390                alt_main
 .text          0x000000000002040c       0xb8 ../StepMotorBSP_bsp//libhal_bsp.a(alt_sys_init.o)
                0x0000000000020444                alt_irq_init
                0x000000000002047c                alt_sys_init
 .text          0x00000000000204c4      0x164 ../StepMotorBSP_bsp//libhal_bsp.a(altera_avalon_jtag_uart_fd.o)
                0x00000000000204c4                altera_avalon_jtag_uart_read_fd
                0x0000000000020524                altera_avalon_jtag_uart_write_fd
                0x0000000000020584                altera_avalon_jtag_uart_close_fd
                0x00000000000205d4                altera_avalon_jtag_uart_ioctl_fd
 .text          0x0000000000020628      0x3e4 ../StepMotorBSP_bsp//libhal_bsp.a(altera_avalon_jtag_uart_init.o)
                0x0000000000020628                altera_avalon_jtag_uart_init
                0x00000000000209a4                altera_avalon_jtag_uart_close
 .text          0x0000000000020a0c       0xf0 ../StepMotorBSP_bsp//libhal_bsp.a(altera_avalon_jtag_uart_ioctl.o)
                0x0000000000020a0c                altera_avalon_jtag_uart_ioctl
 .text          0x0000000000020afc      0x21c ../StepMotorBSP_bsp//libhal_bsp.a(altera_avalon_jtag_uart_read.o)
                0x0000000000020afc                altera_avalon_jtag_uart_read
 .text          0x0000000000020d18      0x224 ../StepMotorBSP_bsp//libhal_bsp.a(altera_avalon_jtag_uart_write.o)
                0x0000000000020d18                altera_avalon_jtag_uart_write
 .text          0x0000000000020f3c      0x140 ../StepMotorBSP_bsp//libhal_bsp.a(alt_alarm_start.o)
                0x0000000000020f3c                alt_alarm_start
 .text          0x000000000002107c      0x128 ../StepMotorBSP_bsp//libhal_bsp.a(alt_close.o)
                0x00000000000210cc                close
 .text          0x00000000000211a4       0x20 ../StepMotorBSP_bsp//libhal_bsp.a(alt_dcache_flush_all.o)
                0x00000000000211a4                alt_dcache_flush_all
 .text          0x00000000000211c4       0x2c ../StepMotorBSP_bsp//libhal_bsp.a(alt_dev.o)
 .text          0x00000000000211f0       0xf4 ../StepMotorBSP_bsp//libhal_bsp.a(alt_dev_llist_insert.o)
                0x0000000000021240                alt_dev_llist_insert
 .text          0x00000000000212e4       0x60 ../StepMotorBSP_bsp//libhal_bsp.a(alt_do_ctors.o)
                0x00000000000212e4                _do_ctors
 .text          0x0000000000021344       0x60 ../StepMotorBSP_bsp//libhal_bsp.a(alt_do_dtors.o)
                0x0000000000021344                _do_dtors
 .text          0x00000000000213a4        0x0 ../StepMotorBSP_bsp//libhal_bsp.a(alt_errno.o)
 .text          0x00000000000213a4       0x20 ../StepMotorBSP_bsp//libhal_bsp.a(alt_icache_flush_all.o)
                0x00000000000213a4                alt_icache_flush_all
 .text          0x00000000000213c4      0x1e0 ../StepMotorBSP_bsp//libhal_bsp.a(alt_iic.o)
                0x00000000000213c4                alt_ic_isr_register
                0x0000000000021414                alt_ic_irq_enable
                0x00000000000214b4                alt_ic_irq_disable
                0x0000000000021558                alt_ic_irq_enabled
 .text          0x00000000000215a4       0xf0 ../StepMotorBSP_bsp//libhal_bsp.a(alt_iic_isr_register.o)
                0x00000000000215a4                alt_iic_isr_register
 .text          0x0000000000021694      0x160 ../StepMotorBSP_bsp//libhal_bsp.a(alt_io_redirect.o)
                0x0000000000021778                alt_io_redirect
 .text          0x00000000000217f4        0x0 ../StepMotorBSP_bsp//libhal_bsp.a(alt_irq_entry.o)
 .text          0x00000000000217f4        0x0 ../StepMotorBSP_bsp//libhal_bsp.a(alt_irq_handler.o)
 .text          0x00000000000217f4        0x0 ../StepMotorBSP_bsp//libhal_bsp.a(alt_irq_vars.o)
 .text          0x00000000000217f4      0x2a4 ../StepMotorBSP_bsp//libhal_bsp.a(alt_open.o)
                0x0000000000021938                open
 .text          0x0000000000021a98       0x84 ../StepMotorBSP_bsp//libhal_bsp.a(alt_release_fd.o)
                0x0000000000021a98                alt_release_fd
 .text          0x0000000000021b1c      0x1a4 ../StepMotorBSP_bsp//libhal_bsp.a(alt_tick.o)
                0x0000000000021b1c                alt_alarm_stop
                0x0000000000021bb8                alt_tick
 .text          0x0000000000021cc0       0x24 ../StepMotorBSP_bsp//libhal_bsp.a(altera_nios2_gen2_irq.o)
                0x0000000000021cc0                altera_nios2_gen2_irq_init
 .text          0x0000000000021ce4        0x0 ../StepMotorBSP_bsp//libhal_bsp.a(alt_exception_entry.o)
 .text          0x0000000000021ce4       0x90 ../StepMotorBSP_bsp//libhal_bsp.a(alt_find_dev.o)
                0x0000000000021ce4                alt_find_dev
 .text          0x0000000000021d74      0x114 ../StepMotorBSP_bsp//libhal_bsp.a(alt_find_file.o)
                0x0000000000021d74                alt_find_file
 .text          0x0000000000021e88       0xd4 ../StepMotorBSP_bsp//libhal_bsp.a(alt_get_fd.o)
                0x0000000000021e88                alt_get_fd
 .text          0x0000000000021f5c       0x9c ../StepMotorBSP_bsp//libhal_bsp.a(alt_instruction_exception_entry.o)
                0x0000000000021f5c                alt_exception_cause_generated_bad_addr
 .text          0x0000000000021ff8        0x0 /home/ge/altera_lite/16.0/nios2eds/bin/gnu/H-x86_64-pc-linux-gnu/bin/../lib/gcc/nios2-elf/5.2.0/../../../../../H-x86_64-pc-linux-gnu/nios2-elf/lib/mno-hw-mul/libc.a(lib_a-atexit.o)
 .text.atexit   0x0000000000021ff8       0x14 /home/ge/altera_lite/16.0/nios2eds/bin/gnu/H-x86_64-pc-linux-gnu/bin/../lib/gcc/nios2-elf/5.2.0/../../../../../H-x86_64-pc-linux-gnu/nios2-elf/lib/mno-hw-mul/libc.a(lib_a-atexit.o)
                0x0000000000021ff8                atexit
 .text          0x000000000002200c        0x0 /home/ge/altera_lite/16.0/nios2eds/bin/gnu/H-x86_64-pc-linux-gnu/bin/../lib/gcc/nios2-elf/5.2.0/../../../../../H-x86_64-pc-linux-gnu/nios2-elf/lib/mno-hw-mul/libc.a(lib_a-exit.o)
 .text.exit     0x000000000002200c       0x38 /home/ge/altera_lite/16.0/nios2eds/bin/gnu/H-x86_64-pc-linux-gnu/bin/../lib/gcc/nios2-elf/5.2.0/../../../../../H-x86_64-pc-linux-gnu/nios2-elf/lib/mno-hw-mul/libc.a(lib_a-exit.o)
                0x000000000002200c                exit
 .text          0x0000000000022044        0x0 /home/ge/altera_lite/16.0/nios2eds/bin/gnu/H-x86_64-pc-linux-gnu/bin/../lib/gcc/nios2-elf/5.2.0/../../../../../H-x86_64-pc-linux-gnu/nios2-elf/lib/mno-hw-mul/libc.a(lib_a-impure.o)
 .text          0x0000000000022044        0x0 /home/ge/altera_lite/16.0/nios2eds/bin/gnu/H-x86_64-pc-linux-gnu/bin/../lib/gcc/nios2-elf/5.2.0/../../../../../H-x86_64-pc-linux-gnu/nios2-elf/lib/mno-hw-mul/libc.a(lib_a-int_errno.o)
 .text          0x0000000000022044        0x0 /home/ge/altera_lite/16.0/nios2eds/bin/gnu/H-x86_64-pc-linux-gnu/bin/../lib/gcc/nios2-elf/5.2.0/../../../../../H-x86_64-pc-linux-gnu/nios2-elf/lib/mno-hw-mul/libc.a(lib_a-memcmp.o)
 .text.memcmp   0x0000000000022044       0x7c /home/ge/altera_lite/16.0/nios2eds/bin/gnu/H-x86_64-pc-linux-gnu/bin/../lib/gcc/nios2-elf/5.2.0/../../../../../H-x86_64-pc-linux-gnu/nios2-elf/lib/mno-hw-mul/libc.a(lib_a-memcmp.o)
                0x0000000000022044                memcmp
 .text          0x00000000000220c0        0x0 /home/ge/altera_lite/16.0/nios2eds/bin/gnu/H-x86_64-pc-linux-gnu/bin/../lib/gcc/nios2-elf/5.2.0/../../../../../H-x86_64-pc-linux-gnu/nios2-elf/lib/mno-hw-mul/libc.a(lib_a-memcpy.o)
 .text.memcpy   0x00000000000220c0      0x148 /home/ge/altera_lite/16.0/nios2eds/bin/gnu/H-x86_64-pc-linux-gnu/bin/../lib/gcc/nios2-elf/5.2.0/../../../../../H-x86_64-pc-linux-gnu/nios2-elf/lib/mno-hw-mul/libc.a(lib_a-memcpy.o)
                0x00000000000220c0                memcpy
 .text          0x0000000000022208        0x0 /home/ge/altera_lite/16.0/nios2eds/bin/gnu/H-x86_64-pc-linux-gnu/bin/../lib/gcc/nios2-elf/5.2.0/../../../../../H-x86_64-pc-linux-gnu/nios2-elf/lib/mno-hw-mul/libc.a(lib_a-strlen.o)
 .text.strlen   0x0000000000022208       0x98 /home/ge/altera_lite/16.0/nios2eds/bin/gnu/H-x86_64-pc-linux-gnu/bin/../lib/gcc/nios2-elf/5.2.0/../../../../../H-x86_64-pc-linux-gnu/nios2-elf/lib/mno-hw-mul/libc.a(lib_a-strlen.o)
                0x0000000000022208                strlen
 .text          0x00000000000222a0        0x0 /home/ge/altera_lite/16.0/nios2eds/bin/gnu/H-x86_64-pc-linux-gnu/bin/../lib/gcc/nios2-elf/5.2.0/../../../../../H-x86_64-pc-linux-gnu/nios2-elf/lib/mno-hw-mul/libc.a(lib_a-__atexit.o)
 .text.__register_exitproc
                0x00000000000222a0      0x118 /home/ge/altera_lite/16.0/nios2eds/bin/gnu/H-x86_64-pc-linux-gnu/bin/../lib/gcc/nios2-elf/5.2.0/../../../../../H-x86_64-pc-linux-gnu/nios2-elf/lib/mno-hw-mul/libc.a(lib_a-__atexit.o)
                0x00000000000222a0                __register_exitproc
 .text          0x00000000000223b8        0x0 /home/ge/altera_lite/16.0/nios2eds/bin/gnu/H-x86_64-pc-linux-gnu/bin/../lib/gcc/nios2-elf/5.2.0/../../../../../H-x86_64-pc-linux-gnu/nios2-elf/lib/mno-hw-mul/libc.a(lib_a-__call_atexit.o)
 .text.__call_exitprocs
                0x00000000000223b8      0x180 /home/ge/altera_lite/16.0/nios2eds/bin/gnu/H-x86_64-pc-linux-gnu/bin/../lib/gcc/nios2-elf/5.2.0/../../../../../H-x86_64-pc-linux-gnu/nios2-elf/lib/mno-hw-mul/libc.a(lib_a-__call_atexit.o)
                0x00000000000223b8                __call_exitprocs
 .text          0x0000000000022538       0x28 /home/ge/altera_lite/16.0/nios2eds/bin/gnu/H-x86_64-pc-linux-gnu/bin/../lib/gcc/nios2-elf/5.2.0/mno-hw-mul/libgcc.a(lib2-mul.o)
                0x0000000000022538                __mulsi3
 .text          0x0000000000022560       0x34 ../StepMotorBSP_bsp//libhal_bsp.a(alt_exit.o)
                0x0000000000022560                _exit
 *(.gnu.warning.*)
 *(.fini)
                [!provide]                        PROVIDE (__etext, ABSOLUTE (.))
                [!provide]                        PROVIDE (_etext, ABSOLUTE (.))
                [!provide]                        PROVIDE (etext, ABSOLUTE (.))
 *(.eh_frame_hdr)
                0x0000000000022594                . = ALIGN (0x4)
                [!provide]                        PROVIDE (__preinit_array_start, ABSOLUTE (.))
 *(.preinit_array)
                [!provide]                        PROVIDE (__preinit_array_end, ABSOLUTE (.))
                [!provide]                        PROVIDE (__init_array_start, ABSOLUTE (.))
 *(.init_array)
                [!provide]                        PROVIDE (__init_array_end, ABSOLUTE (.))
                [!provide]                        PROVIDE (__fini_array_start, ABSOLUTE (.))
 *(.fini_array)
                [!provide]                        PROVIDE (__fini_array_end, ABSOLUTE (.))
 *(.eh_frame)
 *(.gcc_except_table .gcc_except_table.*)
 *(.dynamic)
                0x0000000000022594                PROVIDE (__CTOR_LIST__, ABSOLUTE (.))
 *(.ctors)
 *(SORT(.ctors.*))
                0x0000000000022594                PROVIDE (__CTOR_END__, ABSOLUTE (.))
                0x0000000000022594                PROVIDE (__DTOR_LIST__, ABSOLUTE (.))
 *(.dtors)
 *(SORT(.dtors.*))
                0x0000000000022594                PROVIDE (__DTOR_END__, ABSOLUTE (.))
 *(.jcr)
                0x0000000000022594                . = ALIGN (0x4)

.rodata         0x0000000000022594       0x38
                0x0000000000022594                PROVIDE (__ram_rodata_start, ABSOLUTE (.))
                0x0000000000022594                . = ALIGN (0x4)
 *(.rodata .rodata.* .gnu.linkonce.r.*)
 .rodata        0x0000000000022594       0x11 ../StepMotorBSP_bsp//libhal_bsp.a(alt_main.o)
 *fill*         0x00000000000225a5        0x3 
 .rodata        0x00000000000225a8       0x11 ../StepMotorBSP_bsp//libhal_bsp.a(alt_sys_init.o)
 *fill*         0x00000000000225b9        0x3 
 .rodata        0x00000000000225bc        0xa ../StepMotorBSP_bsp//libhal_bsp.a(alt_dev.o)
 *fill*         0x00000000000225c6        0x2 
 .rodata.str1.4
                0x00000000000225c8        0x4 /home/ge/altera_lite/16.0/nios2eds/bin/gnu/H-x86_64-pc-linux-gnu/bin/../lib/gcc/nios2-elf/5.2.0/../../../../../H-x86_64-pc-linux-gnu/nios2-elf/lib/mno-hw-mul/libc.a(lib_a-impure.o)
                                          0x2 (size before relaxing)
 *(.rodata1)
                0x00000000000225cc                . = ALIGN (0x4)
                0x00000000000225cc                PROVIDE (__ram_rodata_end, ABSOLUTE (.))
                0x0000000000022594                PROVIDE (__flash_rodata_start, LOADADDR (.rodata))

.rwdata         0x00000000000225cc     0x1658 load address 0x0000000000023c24
                0x00000000000225cc                PROVIDE (__ram_rwdata_start, ABSOLUTE (.))
                0x00000000000225cc                . = ALIGN (0x4)
 *(.got.plt)
 *(.got)
 *(.data1)
 *(.data .data.* .gnu.linkonce.d.*)
 .data          0x00000000000225cc        0x0 ../StepMotorBSP_bsp//obj/HAL/src/crt0.o
 .data          0x00000000000225cc        0x0 obj/default/hello_world.o
 .data          0x00000000000225cc        0x0 ../StepMotorBSP_bsp//libhal_bsp.a(alt_load.o)
 .data          0x00000000000225cc        0x0 ../StepMotorBSP_bsp//libhal_bsp.a(alt_main.o)
 .data          0x00000000000225cc     0x1060 ../StepMotorBSP_bsp//libhal_bsp.a(alt_sys_init.o)
 .data          0x000000000002362c        0x0 ../StepMotorBSP_bsp//libhal_bsp.a(altera_avalon_jtag_uart_fd.o)
 .data          0x000000000002362c        0x0 ../StepMotorBSP_bsp//libhal_bsp.a(altera_avalon_jtag_uart_init.o)
 .data          0x000000000002362c        0x0 ../StepMotorBSP_bsp//libhal_bsp.a(altera_avalon_jtag_uart_ioctl.o)
 .data          0x000000000002362c        0x0 ../StepMotorBSP_bsp//libhal_bsp.a(altera_avalon_jtag_uart_read.o)
 .data          0x000000000002362c        0x0 ../StepMotorBSP_bsp//libhal_bsp.a(altera_avalon_jtag_uart_write.o)
 .data          0x000000000002362c        0x0 ../StepMotorBSP_bsp//libhal_bsp.a(alt_alarm_start.o)
 .data          0x000000000002362c        0x0 ../StepMotorBSP_bsp//libhal_bsp.a(alt_close.o)
 .data          0x000000000002362c        0x0 ../StepMotorBSP_bsp//libhal_bsp.a(alt_dcache_flush_all.o)
 .data          0x000000000002362c      0x1a8 ../StepMotorBSP_bsp//libhal_bsp.a(alt_dev.o)
                0x000000000002362c                alt_dev_null
                0x0000000000023654                alt_fd_list
 .data          0x00000000000237d4        0x0 ../StepMotorBSP_bsp//libhal_bsp.a(alt_dev_llist_insert.o)
 .data          0x00000000000237d4        0x0 ../StepMotorBSP_bsp//libhal_bsp.a(alt_do_ctors.o)
 .data          0x00000000000237d4        0x0 ../StepMotorBSP_bsp//libhal_bsp.a(alt_do_dtors.o)
 .data          0x00000000000237d4        0x0 ../StepMotorBSP_bsp//libhal_bsp.a(alt_errno.o)
 .data          0x00000000000237d4        0x0 ../StepMotorBSP_bsp//libhal_bsp.a(alt_icache_flush_all.o)
 .data          0x00000000000237d4        0x0 ../StepMotorBSP_bsp//libhal_bsp.a(alt_iic.o)
 .data          0x00000000000237d4        0x0 ../StepMotorBSP_bsp//libhal_bsp.a(alt_iic_isr_register.o)
 .data          0x00000000000237d4        0x0 ../StepMotorBSP_bsp//libhal_bsp.a(alt_io_redirect.o)
 .data          0x00000000000237d4        0x0 ../StepMotorBSP_bsp//libhal_bsp.a(alt_irq_entry.o)
 .data          0x00000000000237d4        0x0 ../StepMotorBSP_bsp//libhal_bsp.a(alt_irq_handler.o)
 .data          0x00000000000237d4        0x0 ../StepMotorBSP_bsp//libhal_bsp.a(alt_irq_vars.o)
 .data          0x00000000000237d4        0x0 ../StepMotorBSP_bsp//libhal_bsp.a(alt_open.o)
 .data          0x00000000000237d4        0x0 ../StepMotorBSP_bsp//libhal_bsp.a(alt_release_fd.o)
 .data          0x00000000000237d4        0x0 ../StepMotorBSP_bsp//libhal_bsp.a(alt_tick.o)
 .data          0x00000000000237d4        0x0 ../StepMotorBSP_bsp//libhal_bsp.a(altera_nios2_gen2_irq.o)
 .data          0x00000000000237d4        0x0 ../StepMotorBSP_bsp//libhal_bsp.a(alt_exception_entry.o)
 .data          0x00000000000237d4        0x0 ../StepMotorBSP_bsp//libhal_bsp.a(alt_find_dev.o)
 .data          0x00000000000237d4        0x0 ../StepMotorBSP_bsp//libhal_bsp.a(alt_find_file.o)
 .data          0x00000000000237d4        0x0 ../StepMotorBSP_bsp//libhal_bsp.a(alt_get_fd.o)
 .data          0x00000000000237d4        0x0 ../StepMotorBSP_bsp//libhal_bsp.a(alt_instruction_exception_entry.o)
 .data          0x00000000000237d4        0x0 /home/ge/altera_lite/16.0/nios2eds/bin/gnu/H-x86_64-pc-linux-gnu/bin/../lib/gcc/nios2-elf/5.2.0/../../../../../H-x86_64-pc-linux-gnu/nios2-elf/lib/mno-hw-mul/libc.a(lib_a-atexit.o)
 .data          0x00000000000237d4        0x0 /home/ge/altera_lite/16.0/nios2eds/bin/gnu/H-x86_64-pc-linux-gnu/bin/../lib/gcc/nios2-elf/5.2.0/../../../../../H-x86_64-pc-linux-gnu/nios2-elf/lib/mno-hw-mul/libc.a(lib_a-exit.o)
 .data          0x00000000000237d4        0x0 /home/ge/altera_lite/16.0/nios2eds/bin/gnu/H-x86_64-pc-linux-gnu/bin/../lib/gcc/nios2-elf/5.2.0/../../../../../H-x86_64-pc-linux-gnu/nios2-elf/lib/mno-hw-mul/libc.a(lib_a-impure.o)
 .data.impure_data
                0x00000000000237d4      0x424 /home/ge/altera_lite/16.0/nios2eds/bin/gnu/H-x86_64-pc-linux-gnu/bin/../lib/gcc/nios2-elf/5.2.0/../../../../../H-x86_64-pc-linux-gnu/nios2-elf/lib/mno-hw-mul/libc.a(lib_a-impure.o)
 .data          0x0000000000023bf8        0x0 /home/ge/altera_lite/16.0/nios2eds/bin/gnu/H-x86_64-pc-linux-gnu/bin/../lib/gcc/nios2-elf/5.2.0/../../../../../H-x86_64-pc-linux-gnu/nios2-elf/lib/mno-hw-mul/libc.a(lib_a-int_errno.o)
 .data          0x0000000000023bf8        0x0 /home/ge/altera_lite/16.0/nios2eds/bin/gnu/H-x86_64-pc-linux-gnu/bin/../lib/gcc/nios2-elf/5.2.0/../../../../../H-x86_64-pc-linux-gnu/nios2-elf/lib/mno-hw-mul/libc.a(lib_a-memcmp.o)
 .data          0x0000000000023bf8        0x0 /home/ge/altera_lite/16.0/nios2eds/bin/gnu/H-x86_64-pc-linux-gnu/bin/../lib/gcc/nios2-elf/5.2.0/../../../../../H-x86_64-pc-linux-gnu/nios2-elf/lib/mno-hw-mul/libc.a(lib_a-memcpy.o)
 .data          0x0000000000023bf8        0x0 /home/ge/altera_lite/16.0/nios2eds/bin/gnu/H-x86_64-pc-linux-gnu/bin/../lib/gcc/nios2-elf/5.2.0/../../../../../H-x86_64-pc-linux-gnu/nios2-elf/lib/mno-hw-mul/libc.a(lib_a-strlen.o)
 .data          0x0000000000023bf8        0x0 /home/ge/altera_lite/16.0/nios2eds/bin/gnu/H-x86_64-pc-linux-gnu/bin/../lib/gcc/nios2-elf/5.2.0/../../../../../H-x86_64-pc-linux-gnu/nios2-elf/lib/mno-hw-mul/libc.a(lib_a-__atexit.o)
 .data          0x0000000000023bf8        0x0 /home/ge/altera_lite/16.0/nios2eds/bin/gnu/H-x86_64-pc-linux-gnu/bin/../lib/gcc/nios2-elf/5.2.0/../../../../../H-x86_64-pc-linux-gnu/nios2-elf/lib/mno-hw-mul/libc.a(lib_a-__call_atexit.o)
 .data          0x0000000000023bf8        0x0 /home/ge/altera_lite/16.0/nios2eds/bin/gnu/H-x86_64-pc-linux-gnu/bin/../lib/gcc/nios2-elf/5.2.0/mno-hw-mul/libgcc.a(lib2-mul.o)
 .data          0x0000000000023bf8        0x0 ../StepMotorBSP_bsp//libhal_bsp.a(alt_exit.o)
                0x000000000002bbf8                _gp = ABSOLUTE ((. + 0x8000))
                [!provide]                        PROVIDE (gp, _gp)
 *(.rwdata .rwdata.*)
 *(.sdata .sdata.* .gnu.linkonce.s.*)
 .sdata         0x0000000000023bf8       0x14 ../StepMotorBSP_bsp//libhal_bsp.a(alt_dev.o)
                0x0000000000023bf8                alt_fs_list
                0x0000000000023c00                alt_dev_list
                0x0000000000023c08                alt_max_fd
 .sdata         0x0000000000023c0c        0x4 ../StepMotorBSP_bsp//libhal_bsp.a(alt_errno.o)
                0x0000000000023c0c                alt_errno
 .sdata         0x0000000000023c10        0x4 ../StepMotorBSP_bsp//libhal_bsp.a(alt_irq_vars.o)
                0x0000000000023c10                alt_priority_mask
 .sdata         0x0000000000023c14        0x8 ../StepMotorBSP_bsp//libhal_bsp.a(alt_tick.o)
                0x0000000000023c14                alt_alarm_list
 .sdata._global_impure_ptr
                0x0000000000023c1c        0x4 /home/ge/altera_lite/16.0/nios2eds/bin/gnu/H-x86_64-pc-linux-gnu/bin/../lib/gcc/nios2-elf/5.2.0/../../../../../H-x86_64-pc-linux-gnu/nios2-elf/lib/mno-hw-mul/libc.a(lib_a-impure.o)
                0x0000000000023c1c                _global_impure_ptr
 .sdata._impure_ptr
                0x0000000000023c20        0x4 /home/ge/altera_lite/16.0/nios2eds/bin/gnu/H-x86_64-pc-linux-gnu/bin/../lib/gcc/nios2-elf/5.2.0/../../../../../H-x86_64-pc-linux-gnu/nios2-elf/lib/mno-hw-mul/libc.a(lib_a-impure.o)
                0x0000000000023c20                _impure_ptr
 *(.sdata2 .sdata2.* .gnu.linkonce.s2.*)
                0x0000000000023c24                . = ALIGN (0x4)
                0x0000000000023c24                _edata = ABSOLUTE (.)
                [!provide]                        PROVIDE (edata, ABSOLUTE (.))
                0x0000000000023c24                PROVIDE (__ram_rwdata_end, ABSOLUTE (.))
                0x0000000000023c24                PROVIDE (__flash_rwdata_start, LOADADDR (.rwdata))

.bss            0x000000000002527c      0x120
                0x000000000002527c                __bss_start = ABSOLUTE (.)
                [!provide]                        PROVIDE (__sbss_start, ABSOLUTE (.))
                [!provide]                        PROVIDE (___sbss_start, ABSOLUTE (.))
 *(.dynsbss)
 *(.sbss .sbss.* .gnu.linkonce.sb.*)
 .sbss          0x000000000002527c        0xc ../StepMotorBSP_bsp//libhal_bsp.a(alt_main.o)
                0x000000000002527c                alt_argc
                0x0000000000025280                alt_argv
                0x0000000000025284                alt_envp
 .sbss          0x0000000000025288        0x4 ../StepMotorBSP_bsp//libhal_bsp.a(alt_irq_vars.o)
                0x0000000000025288                alt_irq_active
 .sbss          0x000000000002528c        0x8 ../StepMotorBSP_bsp//libhal_bsp.a(alt_tick.o)
                0x000000000002528c                _alt_tick_rate
                0x0000000000025290                _alt_nticks
 .sbss          0x0000000000025294        0x4 ../StepMotorBSP_bsp//libhal_bsp.a(alt_instruction_exception_entry.o)
                0x0000000000025294                alt_instruction_exception_handler
 .sbss          0x0000000000025298        0x4 /home/ge/altera_lite/16.0/nios2eds/bin/gnu/H-x86_64-pc-linux-gnu/bin/../lib/gcc/nios2-elf/5.2.0/../../../../../H-x86_64-pc-linux-gnu/nios2-elf/lib/mno-hw-mul/libc.a(lib_a-int_errno.o)
                0x0000000000025298                errno
 *(.sbss2 .sbss2.* .gnu.linkonce.sb2.*)
 *(.scommon)
                [!provide]                        PROVIDE (__sbss_end, ABSOLUTE (.))
                [!provide]                        PROVIDE (___sbss_end, ABSOLUTE (.))
 *(.dynbss)
 *(.bss .bss.* .gnu.linkonce.b.*)
 .bss           0x000000000002529c        0x0 ../StepMotorBSP_bsp//obj/HAL/src/crt0.o
 .bss           0x000000000002529c        0x0 obj/default/hello_world.o
 .bss           0x000000000002529c        0x0 ../StepMotorBSP_bsp//libhal_bsp.a(alt_load.o)
 .bss           0x000000000002529c        0x0 ../StepMotorBSP_bsp//libhal_bsp.a(alt_main.o)
 .bss           0x000000000002529c        0x0 ../StepMotorBSP_bsp//libhal_bsp.a(alt_sys_init.o)
 .bss           0x000000000002529c        0x0 ../StepMotorBSP_bsp//libhal_bsp.a(altera_avalon_jtag_uart_fd.o)
 .bss           0x000000000002529c        0x0 ../StepMotorBSP_bsp//libhal_bsp.a(altera_avalon_jtag_uart_init.o)
 .bss           0x000000000002529c        0x0 ../StepMotorBSP_bsp//libhal_bsp.a(altera_avalon_jtag_uart_ioctl.o)
 .bss           0x000000000002529c        0x0 ../StepMotorBSP_bsp//libhal_bsp.a(altera_avalon_jtag_uart_read.o)
 .bss           0x000000000002529c        0x0 ../StepMotorBSP_bsp//libhal_bsp.a(altera_avalon_jtag_uart_write.o)
 .bss           0x000000000002529c        0x0 ../StepMotorBSP_bsp//libhal_bsp.a(alt_alarm_start.o)
 .bss           0x000000000002529c        0x0 ../StepMotorBSP_bsp//libhal_bsp.a(alt_close.o)
 .bss           0x000000000002529c        0x0 ../StepMotorBSP_bsp//libhal_bsp.a(alt_dcache_flush_all.o)
 .bss           0x000000000002529c        0x0 ../StepMotorBSP_bsp//libhal_bsp.a(alt_dev.o)
 .bss           0x000000000002529c        0x0 ../StepMotorBSP_bsp//libhal_bsp.a(alt_dev_llist_insert.o)
 .bss           0x000000000002529c        0x0 ../StepMotorBSP_bsp//libhal_bsp.a(alt_do_ctors.o)
 .bss           0x000000000002529c        0x0 ../StepMotorBSP_bsp//libhal_bsp.a(alt_do_dtors.o)
 .bss           0x000000000002529c        0x0 ../StepMotorBSP_bsp//libhal_bsp.a(alt_errno.o)
 .bss           0x000000000002529c        0x0 ../StepMotorBSP_bsp//libhal_bsp.a(alt_icache_flush_all.o)
 .bss           0x000000000002529c        0x0 ../StepMotorBSP_bsp//libhal_bsp.a(alt_iic.o)
 .bss           0x000000000002529c        0x0 ../StepMotorBSP_bsp//libhal_bsp.a(alt_iic_isr_register.o)
 .bss           0x000000000002529c        0x0 ../StepMotorBSP_bsp//libhal_bsp.a(alt_io_redirect.o)
 .bss           0x000000000002529c        0x0 ../StepMotorBSP_bsp//libhal_bsp.a(alt_irq_entry.o)
 .bss           0x000000000002529c        0x0 ../StepMotorBSP_bsp//libhal_bsp.a(alt_irq_handler.o)
 .bss           0x000000000002529c        0x0 ../StepMotorBSP_bsp//libhal_bsp.a(alt_irq_vars.o)
 .bss           0x000000000002529c        0x0 ../StepMotorBSP_bsp//libhal_bsp.a(alt_open.o)
 .bss           0x000000000002529c        0x0 ../StepMotorBSP_bsp//libhal_bsp.a(alt_release_fd.o)
 .bss           0x000000000002529c        0x0 ../StepMotorBSP_bsp//libhal_bsp.a(alt_tick.o)
 .bss           0x000000000002529c        0x0 ../StepMotorBSP_bsp//libhal_bsp.a(altera_nios2_gen2_irq.o)
 .bss           0x000000000002529c        0x0 ../StepMotorBSP_bsp//libhal_bsp.a(alt_exception_entry.o)
 .bss           0x000000000002529c        0x0 ../StepMotorBSP_bsp//libhal_bsp.a(alt_find_dev.o)
 .bss           0x000000000002529c        0x0 ../StepMotorBSP_bsp//libhal_bsp.a(alt_find_file.o)
 .bss           0x000000000002529c        0x0 ../StepMotorBSP_bsp//libhal_bsp.a(alt_get_fd.o)
 .bss           0x000000000002529c        0x0 ../StepMotorBSP_bsp//libhal_bsp.a(alt_instruction_exception_entry.o)
 .bss           0x000000000002529c        0x0 /home/ge/altera_lite/16.0/nios2eds/bin/gnu/H-x86_64-pc-linux-gnu/bin/../lib/gcc/nios2-elf/5.2.0/../../../../../H-x86_64-pc-linux-gnu/nios2-elf/lib/mno-hw-mul/libc.a(lib_a-atexit.o)
 .bss           0x000000000002529c        0x0 /home/ge/altera_lite/16.0/nios2eds/bin/gnu/H-x86_64-pc-linux-gnu/bin/../lib/gcc/nios2-elf/5.2.0/../../../../../H-x86_64-pc-linux-gnu/nios2-elf/lib/mno-hw-mul/libc.a(lib_a-exit.o)
 .bss           0x000000000002529c        0x0 /home/ge/altera_lite/16.0/nios2eds/bin/gnu/H-x86_64-pc-linux-gnu/bin/../lib/gcc/nios2-elf/5.2.0/../../../../../H-x86_64-pc-linux-gnu/nios2-elf/lib/mno-hw-mul/libc.a(lib_a-impure.o)
 .bss           0x000000000002529c        0x0 /home/ge/altera_lite/16.0/nios2eds/bin/gnu/H-x86_64-pc-linux-gnu/bin/../lib/gcc/nios2-elf/5.2.0/../../../../../H-x86_64-pc-linux-gnu/nios2-elf/lib/mno-hw-mul/libc.a(lib_a-int_errno.o)
 .bss           0x000000000002529c        0x0 /home/ge/altera_lite/16.0/nios2eds/bin/gnu/H-x86_64-pc-linux-gnu/bin/../lib/gcc/nios2-elf/5.2.0/../../../../../H-x86_64-pc-linux-gnu/nios2-elf/lib/mno-hw-mul/libc.a(lib_a-memcmp.o)
 .bss           0x000000000002529c        0x0 /home/ge/altera_lite/16.0/nios2eds/bin/gnu/H-x86_64-pc-linux-gnu/bin/../lib/gcc/nios2-elf/5.2.0/../../../../../H-x86_64-pc-linux-gnu/nios2-elf/lib/mno-hw-mul/libc.a(lib_a-memcpy.o)
 .bss           0x000000000002529c        0x0 /home/ge/altera_lite/16.0/nios2eds/bin/gnu/H-x86_64-pc-linux-gnu/bin/../lib/gcc/nios2-elf/5.2.0/../../../../../H-x86_64-pc-linux-gnu/nios2-elf/lib/mno-hw-mul/libc.a(lib_a-strlen.o)
 .bss           0x000000000002529c        0x0 /home/ge/altera_lite/16.0/nios2eds/bin/gnu/H-x86_64-pc-linux-gnu/bin/../lib/gcc/nios2-elf/5.2.0/../../../../../H-x86_64-pc-linux-gnu/nios2-elf/lib/mno-hw-mul/libc.a(lib_a-__atexit.o)
 .bss           0x000000000002529c        0x0 /home/ge/altera_lite/16.0/nios2eds/bin/gnu/H-x86_64-pc-linux-gnu/bin/../lib/gcc/nios2-elf/5.2.0/../../../../../H-x86_64-pc-linux-gnu/nios2-elf/lib/mno-hw-mul/libc.a(lib_a-__call_atexit.o)
 .bss           0x000000000002529c        0x0 /home/ge/altera_lite/16.0/nios2eds/bin/gnu/H-x86_64-pc-linux-gnu/bin/../lib/gcc/nios2-elf/5.2.0/mno-hw-mul/libgcc.a(lib2-mul.o)
 .bss           0x000000000002529c        0x0 ../StepMotorBSP_bsp//libhal_bsp.a(alt_exit.o)
 *(COMMON)
 COMMON         0x000000000002529c      0x100 ../StepMotorBSP_bsp//libhal_bsp.a(alt_irq_handler.o)
                0x000000000002529c                alt_irq
                0x000000000002539c                . = ALIGN (0x4)
                0x000000000002539c                __bss_end = ABSOLUTE (.)

.onchip_memory2_1
                0x000000000002539c        0x0
                [!provide]                        PROVIDE (_alt_partition_onchip_memory2_1_start, ABSOLUTE (.))
 *(.onchip_memory2_1 .onchip_memory2_1. onchip_memory2_1.*)
                0x000000000002539c                . = ALIGN (0x4)
                [!provide]                        PROVIDE (_alt_partition_onchip_memory2_1_end, ABSOLUTE (.))
                0x000000000002539c                _end = ABSOLUTE (.)
                0x000000000002539c                end = ABSOLUTE (.)
                0x000000000002539c                __alt_stack_base = ABSOLUTE (.)
                [!provide]                        PROVIDE (_alt_partition_onchip_memory2_1_load_addr, LOADADDR (.onchip_memory2_1))

.onchip_memory2_0
                0x0000000000040000        0x0 load address 0x000000000002539c
                [!provide]                        PROVIDE (_alt_partition_onchip_memory2_0_start, ABSOLUTE (.))
 *(.onchip_memory2_0 .onchip_memory2_0. onchip_memory2_0.*)
                0x0000000000040000                . = ALIGN (0x4)
                [!provide]                        PROVIDE (_alt_partition_onchip_memory2_0_end, ABSOLUTE (.))
                [!provide]                        PROVIDE (_alt_partition_onchip_memory2_0_load_addr, LOADADDR (.onchip_memory2_0))

.stab
 *(.stab)

.stabstr
 *(.stabstr)

.stab.excl
 *(.stab.excl)

.stab.exclstr
 *(.stab.exclstr)

.stab.index
 *(.stab.index)

.stab.indexstr
 *(.stab.indexstr)

.comment        0x0000000000000000       0x23
 *(.comment)
 .comment       0x0000000000000000       0x23 obj/default/hello_world.o
                                         0x24 (size before relaxing)
 .comment       0x0000000000000023       0x24 ../StepMotorBSP_bsp//libhal_bsp.a(alt_load.o)
 .comment       0x0000000000000023       0x24 ../StepMotorBSP_bsp//libhal_bsp.a(alt_main.o)
 .comment       0x0000000000000023       0x24 ../StepMotorBSP_bsp//libhal_bsp.a(alt_sys_init.o)
 .comment       0x0000000000000023       0x24 ../StepMotorBSP_bsp//libhal_bsp.a(altera_avalon_jtag_uart_fd.o)
 .comment       0x0000000000000023       0x24 ../StepMotorBSP_bsp//libhal_bsp.a(altera_avalon_jtag_uart_init.o)
 .comment       0x0000000000000023       0x24 ../StepMotorBSP_bsp//libhal_bsp.a(altera_avalon_jtag_uart_ioctl.o)
 .comment       0x0000000000000023       0x24 ../StepMotorBSP_bsp//libhal_bsp.a(altera_avalon_jtag_uart_read.o)
 .comment       0x0000000000000023       0x24 ../StepMotorBSP_bsp//libhal_bsp.a(altera_avalon_jtag_uart_write.o)
 .comment       0x0000000000000023       0x24 ../StepMotorBSP_bsp//libhal_bsp.a(alt_alarm_start.o)
 .comment       0x0000000000000023       0x24 ../StepMotorBSP_bsp//libhal_bsp.a(alt_close.o)
 .comment       0x0000000000000023       0x24 ../StepMotorBSP_bsp//libhal_bsp.a(alt_dcache_flush_all.o)
 .comment       0x0000000000000023       0x24 ../StepMotorBSP_bsp//libhal_bsp.a(alt_dev.o)
 .comment       0x0000000000000023       0x24 ../StepMotorBSP_bsp//libhal_bsp.a(alt_dev_llist_insert.o)
 .comment       0x0000000000000023       0x24 ../StepMotorBSP_bsp//libhal_bsp.a(alt_do_ctors.o)
 .comment       0x0000000000000023       0x24 ../StepMotorBSP_bsp//libhal_bsp.a(alt_do_dtors.o)
 .comment       0x0000000000000023       0x24 ../StepMotorBSP_bsp//libhal_bsp.a(alt_errno.o)
 .comment       0x0000000000000023       0x24 ../StepMotorBSP_bsp//libhal_bsp.a(alt_icache_flush_all.o)
 .comment       0x0000000000000023       0x24 ../StepMotorBSP_bsp//libhal_bsp.a(alt_iic.o)
 .comment       0x0000000000000023       0x24 ../StepMotorBSP_bsp//libhal_bsp.a(alt_iic_isr_register.o)
 .comment       0x0000000000000023       0x24 ../StepMotorBSP_bsp//libhal_bsp.a(alt_io_redirect.o)
 .comment       0x0000000000000023       0x24 ../StepMotorBSP_bsp//libhal_bsp.a(alt_irq_handler.o)
 .comment       0x0000000000000023       0x24 ../StepMotorBSP_bsp//libhal_bsp.a(alt_irq_vars.o)
 .comment       0x0000000000000023       0x24 ../StepMotorBSP_bsp//libhal_bsp.a(alt_open.o)
 .comment       0x0000000000000023       0x24 ../StepMotorBSP_bsp//libhal_bsp.a(alt_release_fd.o)
 .comment       0x0000000000000023       0x24 ../StepMotorBSP_bsp//libhal_bsp.a(alt_tick.o)
 .comment       0x0000000000000023       0x24 ../StepMotorBSP_bsp//libhal_bsp.a(altera_nios2_gen2_irq.o)
 .comment       0x0000000000000023       0x24 ../StepMotorBSP_bsp//libhal_bsp.a(alt_find_dev.o)
 .comment       0x0000000000000023       0x24 ../StepMotorBSP_bsp//libhal_bsp.a(alt_find_file.o)
 .comment       0x0000000000000023       0x24 ../StepMotorBSP_bsp//libhal_bsp.a(alt_get_fd.o)
 .comment       0x0000000000000023       0x24 ../StepMotorBSP_bsp//libhal_bsp.a(alt_instruction_exception_entry.o)
 .comment       0x0000000000000023       0x24 /home/ge/altera_lite/16.0/nios2eds/bin/gnu/H-x86_64-pc-linux-gnu/bin/../lib/gcc/nios2-elf/5.2.0/../../../../../H-x86_64-pc-linux-gnu/nios2-elf/lib/mno-hw-mul/libc.a(lib_a-atexit.o)
 .comment       0x0000000000000023       0x24 /home/ge/altera_lite/16.0/nios2eds/bin/gnu/H-x86_64-pc-linux-gnu/bin/../lib/gcc/nios2-elf/5.2.0/../../../../../H-x86_64-pc-linux-gnu/nios2-elf/lib/mno-hw-mul/libc.a(lib_a-exit.o)
 .comment       0x0000000000000023       0x24 /home/ge/altera_lite/16.0/nios2eds/bin/gnu/H-x86_64-pc-linux-gnu/bin/../lib/gcc/nios2-elf/5.2.0/../../../../../H-x86_64-pc-linux-gnu/nios2-elf/lib/mno-hw-mul/libc.a(lib_a-impure.o)
 .comment       0x0000000000000023       0x24 /home/ge/altera_lite/16.0/nios2eds/bin/gnu/H-x86_64-pc-linux-gnu/bin/../lib/gcc/nios2-elf/5.2.0/../../../../../H-x86_64-pc-linux-gnu/nios2-elf/lib/mno-hw-mul/libc.a(lib_a-int_errno.o)
 .comment       0x0000000000000023       0x24 /home/ge/altera_lite/16.0/nios2eds/bin/gnu/H-x86_64-pc-linux-gnu/bin/../lib/gcc/nios2-elf/5.2.0/../../../../../H-x86_64-pc-linux-gnu/nios2-elf/lib/mno-hw-mul/libc.a(lib_a-memcmp.o)
 .comment       0x0000000000000023       0x24 /home/ge/altera_lite/16.0/nios2eds/bin/gnu/H-x86_64-pc-linux-gnu/bin/../lib/gcc/nios2-elf/5.2.0/../../../../../H-x86_64-pc-linux-gnu/nios2-elf/lib/mno-hw-mul/libc.a(lib_a-memcpy.o)
 .comment       0x0000000000000023       0x24 /home/ge/altera_lite/16.0/nios2eds/bin/gnu/H-x86_64-pc-linux-gnu/bin/../lib/gcc/nios2-elf/5.2.0/../../../../../H-x86_64-pc-linux-gnu/nios2-elf/lib/mno-hw-mul/libc.a(lib_a-strlen.o)
 .comment       0x0000000000000023       0x24 /home/ge/altera_lite/16.0/nios2eds/bin/gnu/H-x86_64-pc-linux-gnu/bin/../lib/gcc/nios2-elf/5.2.0/../../../../../H-x86_64-pc-linux-gnu/nios2-elf/lib/mno-hw-mul/libc.a(lib_a-__atexit.o)
 .comment       0x0000000000000023       0x24 /home/ge/altera_lite/16.0/nios2eds/bin/gnu/H-x86_64-pc-linux-gnu/bin/../lib/gcc/nios2-elf/5.2.0/../../../../../H-x86_64-pc-linux-gnu/nios2-elf/lib/mno-hw-mul/libc.a(lib_a-__call_atexit.o)
 .comment       0x0000000000000023       0x24 /home/ge/altera_lite/16.0/nios2eds/bin/gnu/H-x86_64-pc-linux-gnu/bin/../lib/gcc/nios2-elf/5.2.0/mno-hw-mul/libgcc.a(lib2-mul.o)
 .comment       0x0000000000000023       0x24 ../StepMotorBSP_bsp//libhal_bsp.a(alt_exit.o)

.debug
 *(.debug)

.line
 *(.line)

.debug_srcinfo
 *(.debug_srcinfo)

.debug_sfnames
 *(.debug_sfnames)

.debug_aranges  0x0000000000000000      0x5b8
 *(.debug_aranges)
 .debug_aranges
                0x0000000000000000       0x28 ../StepMotorBSP_bsp//obj/HAL/src/crt0.o
 .debug_aranges
                0x0000000000000028       0x20 obj/default/hello_world.o
 .debug_aranges
                0x0000000000000048       0x20 ../StepMotorBSP_bsp//libhal_bsp.a(alt_load.o)
 .debug_aranges
                0x0000000000000068       0x20 ../StepMotorBSP_bsp//libhal_bsp.a(alt_main.o)
 .debug_aranges
                0x0000000000000088       0x20 ../StepMotorBSP_bsp//libhal_bsp.a(alt_sys_init.o)
 .debug_aranges
                0x00000000000000a8       0x20 ../StepMotorBSP_bsp//libhal_bsp.a(altera_avalon_jtag_uart_fd.o)
 .debug_aranges
                0x00000000000000c8       0x20 ../StepMotorBSP_bsp//libhal_bsp.a(altera_avalon_jtag_uart_init.o)
 .debug_aranges
                0x00000000000000e8       0x20 ../StepMotorBSP_bsp//libhal_bsp.a(altera_avalon_jtag_uart_ioctl.o)
 .debug_aranges
                0x0000000000000108       0x20 ../StepMotorBSP_bsp//libhal_bsp.a(altera_avalon_jtag_uart_read.o)
 .debug_aranges
                0x0000000000000128       0x20 ../StepMotorBSP_bsp//libhal_bsp.a(altera_avalon_jtag_uart_write.o)
 .debug_aranges
                0x0000000000000148       0x20 ../StepMotorBSP_bsp//libhal_bsp.a(alt_alarm_start.o)
 .debug_aranges
                0x0000000000000168       0x20 ../StepMotorBSP_bsp//libhal_bsp.a(alt_close.o)
 .debug_aranges
                0x0000000000000188       0x20 ../StepMotorBSP_bsp//libhal_bsp.a(alt_dcache_flush_all.o)
 .debug_aranges
                0x00000000000001a8       0x20 ../StepMotorBSP_bsp//libhal_bsp.a(alt_dev.o)
 .debug_aranges
                0x00000000000001c8       0x20 ../StepMotorBSP_bsp//libhal_bsp.a(alt_dev_llist_insert.o)
 .debug_aranges
                0x00000000000001e8       0x20 ../StepMotorBSP_bsp//libhal_bsp.a(alt_do_ctors.o)
 .debug_aranges
                0x0000000000000208       0x20 ../StepMotorBSP_bsp//libhal_bsp.a(alt_do_dtors.o)
 .debug_aranges
                0x0000000000000228       0x18 ../StepMotorBSP_bsp//libhal_bsp.a(alt_errno.o)
 .debug_aranges
                0x0000000000000240       0x20 ../StepMotorBSP_bsp//libhal_bsp.a(alt_icache_flush_all.o)
 .debug_aranges
                0x0000000000000260       0x20 ../StepMotorBSP_bsp//libhal_bsp.a(alt_iic.o)
 .debug_aranges
                0x0000000000000280       0x20 ../StepMotorBSP_bsp//libhal_bsp.a(alt_iic_isr_register.o)
 .debug_aranges
                0x00000000000002a0       0x20 ../StepMotorBSP_bsp//libhal_bsp.a(alt_io_redirect.o)
 .debug_aranges
                0x00000000000002c0       0x30 ../StepMotorBSP_bsp//libhal_bsp.a(alt_irq_entry.o)
 .debug_aranges
                0x00000000000002f0       0x20 ../StepMotorBSP_bsp//libhal_bsp.a(alt_irq_handler.o)
 .debug_aranges
                0x0000000000000310       0x18 ../StepMotorBSP_bsp//libhal_bsp.a(alt_irq_vars.o)
 .debug_aranges
                0x0000000000000328       0x20 ../StepMotorBSP_bsp//libhal_bsp.a(alt_open.o)
 .debug_aranges
                0x0000000000000348       0x20 ../StepMotorBSP_bsp//libhal_bsp.a(alt_release_fd.o)
 .debug_aranges
                0x0000000000000368       0x20 ../StepMotorBSP_bsp//libhal_bsp.a(alt_tick.o)
 .debug_aranges
                0x0000000000000388       0x20 ../StepMotorBSP_bsp//libhal_bsp.a(altera_nios2_gen2_irq.o)
 .debug_aranges
                0x00000000000003a8       0x38 ../StepMotorBSP_bsp//libhal_bsp.a(alt_exception_entry.o)
 .debug_aranges
                0x00000000000003e0       0x20 ../StepMotorBSP_bsp//libhal_bsp.a(alt_find_dev.o)
 .debug_aranges
                0x0000000000000400       0x20 ../StepMotorBSP_bsp//libhal_bsp.a(alt_find_file.o)
 .debug_aranges
                0x0000000000000420       0x20 ../StepMotorBSP_bsp//libhal_bsp.a(alt_get_fd.o)
 .debug_aranges
                0x0000000000000440       0x28 ../StepMotorBSP_bsp//libhal_bsp.a(alt_instruction_exception_entry.o)
 .debug_aranges
                0x0000000000000468       0x20 /home/ge/altera_lite/16.0/nios2eds/bin/gnu/H-x86_64-pc-linux-gnu/bin/../lib/gcc/nios2-elf/5.2.0/../../../../../H-x86_64-pc-linux-gnu/nios2-elf/lib/mno-hw-mul/libc.a(lib_a-atexit.o)
 .debug_aranges
                0x0000000000000488       0x20 /home/ge/altera_lite/16.0/nios2eds/bin/gnu/H-x86_64-pc-linux-gnu/bin/../lib/gcc/nios2-elf/5.2.0/../../../../../H-x86_64-pc-linux-gnu/nios2-elf/lib/mno-hw-mul/libc.a(lib_a-exit.o)
 .debug_aranges
                0x00000000000004a8       0x18 /home/ge/altera_lite/16.0/nios2eds/bin/gnu/H-x86_64-pc-linux-gnu/bin/../lib/gcc/nios2-elf/5.2.0/../../../../../H-x86_64-pc-linux-gnu/nios2-elf/lib/mno-hw-mul/libc.a(lib_a-impure.o)
 .debug_aranges
                0x00000000000004c0       0x18 /home/ge/altera_lite/16.0/nios2eds/bin/gnu/H-x86_64-pc-linux-gnu/bin/../lib/gcc/nios2-elf/5.2.0/../../../../../H-x86_64-pc-linux-gnu/nios2-elf/lib/mno-hw-mul/libc.a(lib_a-int_errno.o)
 .debug_aranges
                0x00000000000004d8       0x20 /home/ge/altera_lite/16.0/nios2eds/bin/gnu/H-x86_64-pc-linux-gnu/bin/../lib/gcc/nios2-elf/5.2.0/../../../../../H-x86_64-pc-linux-gnu/nios2-elf/lib/mno-hw-mul/libc.a(lib_a-memcmp.o)
 .debug_aranges
                0x00000000000004f8       0x20 /home/ge/altera_lite/16.0/nios2eds/bin/gnu/H-x86_64-pc-linux-gnu/bin/../lib/gcc/nios2-elf/5.2.0/../../../../../H-x86_64-pc-linux-gnu/nios2-elf/lib/mno-hw-mul/libc.a(lib_a-memcpy.o)
 .debug_aranges
                0x0000000000000518       0x20 /home/ge/altera_lite/16.0/nios2eds/bin/gnu/H-x86_64-pc-linux-gnu/bin/../lib/gcc/nios2-elf/5.2.0/../../../../../H-x86_64-pc-linux-gnu/nios2-elf/lib/mno-hw-mul/libc.a(lib_a-strlen.o)
 .debug_aranges
                0x0000000000000538       0x20 /home/ge/altera_lite/16.0/nios2eds/bin/gnu/H-x86_64-pc-linux-gnu/bin/../lib/gcc/nios2-elf/5.2.0/../../../../../H-x86_64-pc-linux-gnu/nios2-elf/lib/mno-hw-mul/libc.a(lib_a-__atexit.o)
 .debug_aranges
                0x0000000000000558       0x20 /home/ge/altera_lite/16.0/nios2eds/bin/gnu/H-x86_64-pc-linux-gnu/bin/../lib/gcc/nios2-elf/5.2.0/../../../../../H-x86_64-pc-linux-gnu/nios2-elf/lib/mno-hw-mul/libc.a(lib_a-__call_atexit.o)
 .debug_aranges
                0x0000000000000578       0x20 /home/ge/altera_lite/16.0/nios2eds/bin/gnu/H-x86_64-pc-linux-gnu/bin/../lib/gcc/nios2-elf/5.2.0/mno-hw-mul/libgcc.a(lib2-mul.o)
 .debug_aranges
                0x0000000000000598       0x20 ../StepMotorBSP_bsp//libhal_bsp.a(alt_exit.o)

.debug_pubnames
 *(.debug_pubnames)

.debug_info     0x0000000000000000     0x7598
 *(.debug_info .gnu.linkonce.wi.*)
 .debug_info    0x0000000000000000       0xa3 ../StepMotorBSP_bsp//obj/HAL/src/crt0.o
 .debug_info    0x00000000000000a3       0xb4 obj/default/hello_world.o
 .debug_info    0x0000000000000157      0x145 ../StepMotorBSP_bsp//libhal_bsp.a(alt_load.o)
 .debug_info    0x000000000000029c      0x131 ../StepMotorBSP_bsp//libhal_bsp.a(alt_main.o)
 .debug_info    0x00000000000003cd      0x4c3 ../StepMotorBSP_bsp//libhal_bsp.a(alt_sys_init.o)
 .debug_info    0x0000000000000890      0x52e ../StepMotorBSP_bsp//libhal_bsp.a(altera_avalon_jtag_uart_fd.o)
 .debug_info    0x0000000000000dbe      0x3a0 ../StepMotorBSP_bsp//libhal_bsp.a(altera_avalon_jtag_uart_init.o)
 .debug_info    0x000000000000115e      0x280 ../StepMotorBSP_bsp//libhal_bsp.a(altera_avalon_jtag_uart_ioctl.o)
 .debug_info    0x00000000000013de      0x345 ../StepMotorBSP_bsp//libhal_bsp.a(altera_avalon_jtag_uart_read.o)
 .debug_info    0x0000000000001723      0x340 ../StepMotorBSP_bsp//libhal_bsp.a(altera_avalon_jtag_uart_write.o)
 .debug_info    0x0000000000001a63      0x2cc ../StepMotorBSP_bsp//libhal_bsp.a(alt_alarm_start.o)
 .debug_info    0x0000000000001d2f      0x321 ../StepMotorBSP_bsp//libhal_bsp.a(alt_close.o)
 .debug_info    0x0000000000002050       0x92 ../StepMotorBSP_bsp//libhal_bsp.a(alt_dcache_flush_all.o)
 .debug_info    0x00000000000020e2      0x49c ../StepMotorBSP_bsp//libhal_bsp.a(alt_dev.o)
 .debug_info    0x000000000000257e      0x1a9 ../StepMotorBSP_bsp//libhal_bsp.a(alt_dev_llist_insert.o)
 .debug_info    0x0000000000002727       0x83 ../StepMotorBSP_bsp//libhal_bsp.a(alt_do_ctors.o)
 .debug_info    0x00000000000027aa       0x83 ../StepMotorBSP_bsp//libhal_bsp.a(alt_do_dtors.o)
 .debug_info    0x000000000000282d       0xa6 ../StepMotorBSP_bsp//libhal_bsp.a(alt_errno.o)
 .debug_info    0x00000000000028d3       0x92 ../StepMotorBSP_bsp//libhal_bsp.a(alt_icache_flush_all.o)
 .debug_info    0x0000000000002965      0x350 ../StepMotorBSP_bsp//libhal_bsp.a(alt_iic.o)
 .debug_info    0x0000000000002cb5      0x1ef ../StepMotorBSP_bsp//libhal_bsp.a(alt_iic_isr_register.o)
 .debug_info    0x0000000000002ea4      0x4a5 ../StepMotorBSP_bsp//libhal_bsp.a(alt_io_redirect.o)
 .debug_info    0x0000000000003349       0xac ../StepMotorBSP_bsp//libhal_bsp.a(alt_irq_entry.o)
 .debug_info    0x00000000000033f5      0x187 ../StepMotorBSP_bsp//libhal_bsp.a(alt_irq_handler.o)
 .debug_info    0x000000000000357c       0x88 ../StepMotorBSP_bsp//libhal_bsp.a(alt_irq_vars.o)
 .debug_info    0x0000000000003604      0x3bb ../StepMotorBSP_bsp//libhal_bsp.a(alt_open.o)
 .debug_info    0x00000000000039bf      0x2b0 ../StepMotorBSP_bsp//libhal_bsp.a(alt_release_fd.o)
 .debug_info    0x0000000000003c6f      0x299 ../StepMotorBSP_bsp//libhal_bsp.a(alt_tick.o)
 .debug_info    0x0000000000003f08       0x92 ../StepMotorBSP_bsp//libhal_bsp.a(altera_nios2_gen2_irq.o)
 .debug_info    0x0000000000003f9a       0xb2 ../StepMotorBSP_bsp//libhal_bsp.a(alt_exception_entry.o)
 .debug_info    0x000000000000404c      0x2e9 ../StepMotorBSP_bsp//libhal_bsp.a(alt_find_dev.o)
 .debug_info    0x0000000000004335      0x2e6 ../StepMotorBSP_bsp//libhal_bsp.a(alt_find_file.o)
 .debug_info    0x000000000000461b      0x310 ../StepMotorBSP_bsp//libhal_bsp.a(alt_get_fd.o)
 .debug_info    0x000000000000492b      0x1e7 ../StepMotorBSP_bsp//libhal_bsp.a(alt_instruction_exception_entry.o)
 .debug_info    0x0000000000004b12       0xfe /home/ge/altera_lite/16.0/nios2eds/bin/gnu/H-x86_64-pc-linux-gnu/bin/../lib/gcc/nios2-elf/5.2.0/../../../../../H-x86_64-pc-linux-gnu/nios2-elf/lib/mno-hw-mul/libc.a(lib_a-atexit.o)
 .debug_info    0x0000000000004c10      0x8e4 /home/ge/altera_lite/16.0/nios2eds/bin/gnu/H-x86_64-pc-linux-gnu/bin/../lib/gcc/nios2-elf/5.2.0/../../../../../H-x86_64-pc-linux-gnu/nios2-elf/lib/mno-hw-mul/libc.a(lib_a-exit.o)
 .debug_info    0x00000000000054f4      0x8a1 /home/ge/altera_lite/16.0/nios2eds/bin/gnu/H-x86_64-pc-linux-gnu/bin/../lib/gcc/nios2-elf/5.2.0/../../../../../H-x86_64-pc-linux-gnu/nios2-elf/lib/mno-hw-mul/libc.a(lib_a-impure.o)
 .debug_info    0x0000000000005d95       0x8a /home/ge/altera_lite/16.0/nios2eds/bin/gnu/H-x86_64-pc-linux-gnu/bin/../lib/gcc/nios2-elf/5.2.0/../../../../../H-x86_64-pc-linux-gnu/nios2-elf/lib/mno-hw-mul/libc.a(lib_a-int_errno.o)
 .debug_info    0x0000000000005e1f      0x11a /home/ge/altera_lite/16.0/nios2eds/bin/gnu/H-x86_64-pc-linux-gnu/bin/../lib/gcc/nios2-elf/5.2.0/../../../../../H-x86_64-pc-linux-gnu/nios2-elf/lib/mno-hw-mul/libc.a(lib_a-memcmp.o)
 .debug_info    0x0000000000005f39      0x144 /home/ge/altera_lite/16.0/nios2eds/bin/gnu/H-x86_64-pc-linux-gnu/bin/../lib/gcc/nios2-elf/5.2.0/../../../../../H-x86_64-pc-linux-gnu/nios2-elf/lib/mno-hw-mul/libc.a(lib_a-memcpy.o)
 .debug_info    0x000000000000607d       0xe2 /home/ge/altera_lite/16.0/nios2eds/bin/gnu/H-x86_64-pc-linux-gnu/bin/../lib/gcc/nios2-elf/5.2.0/../../../../../H-x86_64-pc-linux-gnu/nios2-elf/lib/mno-hw-mul/libc.a(lib_a-strlen.o)
 .debug_info    0x000000000000615f      0x934 /home/ge/altera_lite/16.0/nios2eds/bin/gnu/H-x86_64-pc-linux-gnu/bin/../lib/gcc/nios2-elf/5.2.0/../../../../../H-x86_64-pc-linux-gnu/nios2-elf/lib/mno-hw-mul/libc.a(lib_a-__atexit.o)
 .debug_info    0x0000000000006a93      0x965 /home/ge/altera_lite/16.0/nios2eds/bin/gnu/H-x86_64-pc-linux-gnu/bin/../lib/gcc/nios2-elf/5.2.0/../../../../../H-x86_64-pc-linux-gnu/nios2-elf/lib/mno-hw-mul/libc.a(lib_a-__call_atexit.o)
 .debug_info    0x00000000000073f8       0xb4 /home/ge/altera_lite/16.0/nios2eds/bin/gnu/H-x86_64-pc-linux-gnu/bin/../lib/gcc/nios2-elf/5.2.0/mno-hw-mul/libgcc.a(lib2-mul.o)
 .debug_info    0x00000000000074ac       0xec ../StepMotorBSP_bsp//libhal_bsp.a(alt_exit.o)

.debug_abbrev   0x0000000000000000     0x2919
 *(.debug_abbrev)
 .debug_abbrev  0x0000000000000000       0x12 ../StepMotorBSP_bsp//obj/HAL/src/crt0.o
 .debug_abbrev  0x0000000000000012       0x65 obj/default/hello_world.o
 .debug_abbrev  0x0000000000000077       0x9f ../StepMotorBSP_bsp//libhal_bsp.a(alt_load.o)
 .debug_abbrev  0x0000000000000116       0xba ../StepMotorBSP_bsp//libhal_bsp.a(alt_main.o)
 .debug_abbrev  0x00000000000001d0      0x187 ../StepMotorBSP_bsp//libhal_bsp.a(alt_sys_init.o)
 .debug_abbrev  0x0000000000000357      0x127 ../StepMotorBSP_bsp//libhal_bsp.a(altera_avalon_jtag_uart_fd.o)
 .debug_abbrev  0x000000000000047e      0x19e ../StepMotorBSP_bsp//libhal_bsp.a(altera_avalon_jtag_uart_init.o)
 .debug_abbrev  0x000000000000061c      0x111 ../StepMotorBSP_bsp//libhal_bsp.a(altera_avalon_jtag_uart_ioctl.o)
 .debug_abbrev  0x000000000000072d      0x1aa ../StepMotorBSP_bsp//libhal_bsp.a(altera_avalon_jtag_uart_read.o)
 .debug_abbrev  0x00000000000008d7      0x1a8 ../StepMotorBSP_bsp//libhal_bsp.a(altera_avalon_jtag_uart_write.o)
 .debug_abbrev  0x0000000000000a7f      0x162 ../StepMotorBSP_bsp//libhal_bsp.a(alt_alarm_start.o)
 .debug_abbrev  0x0000000000000be1      0x11f ../StepMotorBSP_bsp//libhal_bsp.a(alt_close.o)
 .debug_abbrev  0x0000000000000d00       0x42 ../StepMotorBSP_bsp//libhal_bsp.a(alt_dcache_flush_all.o)
 .debug_abbrev  0x0000000000000d42       0xd9 ../StepMotorBSP_bsp//libhal_bsp.a(alt_dev.o)
 .debug_abbrev  0x0000000000000e1b      0x114 ../StepMotorBSP_bsp//libhal_bsp.a(alt_dev_llist_insert.o)
 .debug_abbrev  0x0000000000000f2f       0x79 ../StepMotorBSP_bsp//libhal_bsp.a(alt_do_ctors.o)
 .debug_abbrev  0x0000000000000fa8       0x79 ../StepMotorBSP_bsp//libhal_bsp.a(alt_do_dtors.o)
 .debug_abbrev  0x0000000000001021       0x5a ../StepMotorBSP_bsp//libhal_bsp.a(alt_errno.o)
 .debug_abbrev  0x000000000000107b       0x42 ../StepMotorBSP_bsp//libhal_bsp.a(alt_icache_flush_all.o)
 .debug_abbrev  0x00000000000010bd      0x163 ../StepMotorBSP_bsp//libhal_bsp.a(alt_iic.o)
 .debug_abbrev  0x0000000000001220      0x169 ../StepMotorBSP_bsp//libhal_bsp.a(alt_iic_isr_register.o)
 .debug_abbrev  0x0000000000001389      0x114 ../StepMotorBSP_bsp//libhal_bsp.a(alt_io_redirect.o)
 .debug_abbrev  0x000000000000149d       0x12 ../StepMotorBSP_bsp//libhal_bsp.a(alt_irq_entry.o)
 .debug_abbrev  0x00000000000014af      0x122 ../StepMotorBSP_bsp//libhal_bsp.a(alt_irq_handler.o)
 .debug_abbrev  0x00000000000015d1       0x40 ../StepMotorBSP_bsp//libhal_bsp.a(alt_irq_vars.o)
 .debug_abbrev  0x0000000000001611      0x148 ../StepMotorBSP_bsp//libhal_bsp.a(alt_open.o)
 .debug_abbrev  0x0000000000001759       0xde ../StepMotorBSP_bsp//libhal_bsp.a(alt_release_fd.o)
 .debug_abbrev  0x0000000000001837      0x15a ../StepMotorBSP_bsp//libhal_bsp.a(alt_tick.o)
 .debug_abbrev  0x0000000000001991       0x42 ../StepMotorBSP_bsp//libhal_bsp.a(altera_nios2_gen2_irq.o)
 .debug_abbrev  0x00000000000019d3       0x12 ../StepMotorBSP_bsp//libhal_bsp.a(alt_exception_entry.o)
 .debug_abbrev  0x00000000000019e5       0xf0 ../StepMotorBSP_bsp//libhal_bsp.a(alt_find_dev.o)
 .debug_abbrev  0x0000000000001ad5       0xf0 ../StepMotorBSP_bsp//libhal_bsp.a(alt_find_file.o)
 .debug_abbrev  0x0000000000001bc5      0x10d ../StepMotorBSP_bsp//libhal_bsp.a(alt_get_fd.o)
 .debug_abbrev  0x0000000000001cd2       0xdc ../StepMotorBSP_bsp//libhal_bsp.a(alt_instruction_exception_entry.o)
 .debug_abbrev  0x0000000000001dae       0xaa /home/ge/altera_lite/16.0/nios2eds/bin/gnu/H-x86_64-pc-linux-gnu/bin/../lib/gcc/nios2-elf/5.2.0/../../../../../H-x86_64-pc-linux-gnu/nios2-elf/lib/mno-hw-mul/libc.a(lib_a-atexit.o)
 .debug_abbrev  0x0000000000001e58      0x1e5 /home/ge/altera_lite/16.0/nios2eds/bin/gnu/H-x86_64-pc-linux-gnu/bin/../lib/gcc/nios2-elf/5.2.0/../../../../../H-x86_64-pc-linux-gnu/nios2-elf/lib/mno-hw-mul/libc.a(lib_a-exit.o)
 .debug_abbrev  0x000000000000203d      0x18f /home/ge/altera_lite/16.0/nios2eds/bin/gnu/H-x86_64-pc-linux-gnu/bin/../lib/gcc/nios2-elf/5.2.0/../../../../../H-x86_64-pc-linux-gnu/nios2-elf/lib/mno-hw-mul/libc.a(lib_a-impure.o)
 .debug_abbrev  0x00000000000021cc       0x37 /home/ge/altera_lite/16.0/nios2eds/bin/gnu/H-x86_64-pc-linux-gnu/bin/../lib/gcc/nios2-elf/5.2.0/../../../../../H-x86_64-pc-linux-gnu/nios2-elf/lib/mno-hw-mul/libc.a(lib_a-int_errno.o)
 .debug_abbrev  0x0000000000002203       0x7f /home/ge/altera_lite/16.0/nios2eds/bin/gnu/H-x86_64-pc-linux-gnu/bin/../lib/gcc/nios2-elf/5.2.0/../../../../../H-x86_64-pc-linux-gnu/nios2-elf/lib/mno-hw-mul/libc.a(lib_a-memcmp.o)
 .debug_abbrev  0x0000000000002282       0xa3 /home/ge/altera_lite/16.0/nios2eds/bin/gnu/H-x86_64-pc-linux-gnu/bin/../lib/gcc/nios2-elf/5.2.0/../../../../../H-x86_64-pc-linux-gnu/nios2-elf/lib/mno-hw-mul/libc.a(lib_a-memcpy.o)
 .debug_abbrev  0x0000000000002325       0x90 /home/ge/altera_lite/16.0/nios2eds/bin/gnu/H-x86_64-pc-linux-gnu/bin/../lib/gcc/nios2-elf/5.2.0/../../../../../H-x86_64-pc-linux-gnu/nios2-elf/lib/mno-hw-mul/libc.a(lib_a-strlen.o)
 .debug_abbrev  0x00000000000023b5      0x21e /home/ge/altera_lite/16.0/nios2eds/bin/gnu/H-x86_64-pc-linux-gnu/bin/../lib/gcc/nios2-elf/5.2.0/../../../../../H-x86_64-pc-linux-gnu/nios2-elf/lib/mno-hw-mul/libc.a(lib_a-__atexit.o)
 .debug_abbrev  0x00000000000025d3      0x22e /home/ge/altera_lite/16.0/nios2eds/bin/gnu/H-x86_64-pc-linux-gnu/bin/../lib/gcc/nios2-elf/5.2.0/../../../../../H-x86_64-pc-linux-gnu/nios2-elf/lib/mno-hw-mul/libc.a(lib_a-__call_atexit.o)
 .debug_abbrev  0x0000000000002801       0x6f /home/ge/altera_lite/16.0/nios2eds/bin/gnu/H-x86_64-pc-linux-gnu/bin/../lib/gcc/nios2-elf/5.2.0/mno-hw-mul/libgcc.a(lib2-mul.o)
 .debug_abbrev  0x0000000000002870       0xa9 ../StepMotorBSP_bsp//libhal_bsp.a(alt_exit.o)

.debug_line     0x0000000000000000     0x297e
 *(.debug_line)
 .debug_line    0x0000000000000000       0x66 ../StepMotorBSP_bsp//obj/HAL/src/crt0.o
 .debug_line    0x0000000000000066       0x49 obj/default/hello_world.o
 .debug_line    0x00000000000000af       0x8e ../StepMotorBSP_bsp//libhal_bsp.a(alt_load.o)
 .debug_line    0x000000000000013d       0xa4 ../StepMotorBSP_bsp//libhal_bsp.a(alt_main.o)
 .debug_line    0x00000000000001e1      0x136 ../StepMotorBSP_bsp//libhal_bsp.a(alt_sys_init.o)
 .debug_line    0x0000000000000317      0x12f ../StepMotorBSP_bsp//libhal_bsp.a(altera_avalon_jtag_uart_fd.o)
 .debug_line    0x0000000000000446      0x18b ../StepMotorBSP_bsp//libhal_bsp.a(altera_avalon_jtag_uart_init.o)
 .debug_line    0x00000000000005d1      0x131 ../StepMotorBSP_bsp//libhal_bsp.a(altera_avalon_jtag_uart_ioctl.o)
 .debug_line    0x0000000000000702      0x171 ../StepMotorBSP_bsp//libhal_bsp.a(altera_avalon_jtag_uart_read.o)
 .debug_line    0x0000000000000873      0x170 ../StepMotorBSP_bsp//libhal_bsp.a(altera_avalon_jtag_uart_write.o)
 .debug_line    0x00000000000009e3       0xfa ../StepMotorBSP_bsp//libhal_bsp.a(alt_alarm_start.o)
 .debug_line    0x0000000000000add      0x16e ../StepMotorBSP_bsp//libhal_bsp.a(alt_close.o)
 .debug_line    0x0000000000000c4b       0x51 ../StepMotorBSP_bsp//libhal_bsp.a(alt_dcache_flush_all.o)
 .debug_line    0x0000000000000c9c      0x100 ../StepMotorBSP_bsp//libhal_bsp.a(alt_dev.o)
 .debug_line    0x0000000000000d9c       0xd0 ../StepMotorBSP_bsp//libhal_bsp.a(alt_dev_llist_insert.o)
 .debug_line    0x0000000000000e6c       0x59 ../StepMotorBSP_bsp//libhal_bsp.a(alt_do_ctors.o)
 .debug_line    0x0000000000000ec5       0x59 ../StepMotorBSP_bsp//libhal_bsp.a(alt_do_dtors.o)
 .debug_line    0x0000000000000f1e       0x51 ../StepMotorBSP_bsp//libhal_bsp.a(alt_errno.o)
 .debug_line    0x0000000000000f6f       0x4f ../StepMotorBSP_bsp//libhal_bsp.a(alt_icache_flush_all.o)
 .debug_line    0x0000000000000fbe       0xef ../StepMotorBSP_bsp//libhal_bsp.a(alt_iic.o)
 .debug_line    0x00000000000010ad       0xdb ../StepMotorBSP_bsp//libhal_bsp.a(alt_iic_isr_register.o)
 .debug_line    0x0000000000001188      0x13d ../StepMotorBSP_bsp//libhal_bsp.a(alt_io_redirect.o)
 .debug_line    0x00000000000012c5       0x6b ../StepMotorBSP_bsp//libhal_bsp.a(alt_irq_entry.o)
 .debug_line    0x0000000000001330       0xaa ../StepMotorBSP_bsp//libhal_bsp.a(alt_irq_handler.o)
 .debug_line    0x00000000000013da       0x50 ../StepMotorBSP_bsp//libhal_bsp.a(alt_irq_vars.o)
 .debug_line    0x000000000000142a      0x12d ../StepMotorBSP_bsp//libhal_bsp.a(alt_open.o)
 .debug_line    0x0000000000001557       0xb0 ../StepMotorBSP_bsp//libhal_bsp.a(alt_release_fd.o)
 .debug_line    0x0000000000001607       0xff ../StepMotorBSP_bsp//libhal_bsp.a(alt_tick.o)
 .debug_line    0x0000000000001706       0x51 ../StepMotorBSP_bsp//libhal_bsp.a(altera_nios2_gen2_irq.o)
 .debug_line    0x0000000000001757       0xb3 ../StepMotorBSP_bsp//libhal_bsp.a(alt_exception_entry.o)
 .debug_line    0x000000000000180a       0xb5 ../StepMotorBSP_bsp//libhal_bsp.a(alt_find_dev.o)
 .debug_line    0x00000000000018bf       0xd1 ../StepMotorBSP_bsp//libhal_bsp.a(alt_find_file.o)
 .debug_line    0x0000000000001990       0xd8 ../StepMotorBSP_bsp//libhal_bsp.a(alt_get_fd.o)
 .debug_line    0x0000000000001a68       0xb9 ../StepMotorBSP_bsp//libhal_bsp.a(alt_instruction_exception_entry.o)
 .debug_line    0x0000000000001b21       0xe7 /home/ge/altera_lite/16.0/nios2eds/bin/gnu/H-x86_64-pc-linux-gnu/bin/../lib/gcc/nios2-elf/5.2.0/../../../../../H-x86_64-pc-linux-gnu/nios2-elf/lib/mno-hw-mul/libc.a(lib_a-atexit.o)
 .debug_line    0x0000000000001c08      0x1fc /home/ge/altera_lite/16.0/nios2eds/bin/gnu/H-x86_64-pc-linux-gnu/bin/../lib/gcc/nios2-elf/5.2.0/../../../../../H-x86_64-pc-linux-gnu/nios2-elf/lib/mno-hw-mul/libc.a(lib_a-exit.o)
 .debug_line    0x0000000000001e04      0x160 /home/ge/altera_lite/16.0/nios2eds/bin/gnu/H-x86_64-pc-linux-gnu/bin/../lib/gcc/nios2-elf/5.2.0/../../../../../H-x86_64-pc-linux-gnu/nios2-elf/lib/mno-hw-mul/libc.a(lib_a-impure.o)
 .debug_line    0x0000000000001f64       0x5f /home/ge/altera_lite/16.0/nios2eds/bin/gnu/H-x86_64-pc-linux-gnu/bin/../lib/gcc/nios2-elf/5.2.0/../../../../../H-x86_64-pc-linux-gnu/nios2-elf/lib/mno-hw-mul/libc.a(lib_a-int_errno.o)
 .debug_line    0x0000000000001fc3      0x176 /home/ge/altera_lite/16.0/nios2eds/bin/gnu/H-x86_64-pc-linux-gnu/bin/../lib/gcc/nios2-elf/5.2.0/../../../../../H-x86_64-pc-linux-gnu/nios2-elf/lib/mno-hw-mul/libc.a(lib_a-memcmp.o)
 .debug_line    0x0000000000002139      0x18c /home/ge/altera_lite/16.0/nios2eds/bin/gnu/H-x86_64-pc-linux-gnu/bin/../lib/gcc/nios2-elf/5.2.0/../../../../../H-x86_64-pc-linux-gnu/nios2-elf/lib/mno-hw-mul/libc.a(lib_a-memcpy.o)
 .debug_line    0x00000000000022c5      0x16f /home/ge/altera_lite/16.0/nios2eds/bin/gnu/H-x86_64-pc-linux-gnu/bin/../lib/gcc/nios2-elf/5.2.0/../../../../../H-x86_64-pc-linux-gnu/nios2-elf/lib/mno-hw-mul/libc.a(lib_a-strlen.o)
 .debug_line    0x0000000000002434      0x21f /home/ge/altera_lite/16.0/nios2eds/bin/gnu/H-x86_64-pc-linux-gnu/bin/../lib/gcc/nios2-elf/5.2.0/../../../../../H-x86_64-pc-linux-gnu/nios2-elf/lib/mno-hw-mul/libc.a(lib_a-__atexit.o)
 .debug_line    0x0000000000002653      0x23a /home/ge/altera_lite/16.0/nios2eds/bin/gnu/H-x86_64-pc-linux-gnu/bin/../lib/gcc/nios2-elf/5.2.0/../../../../../H-x86_64-pc-linux-gnu/nios2-elf/lib/mno-hw-mul/libc.a(lib_a-__call_atexit.o)
 .debug_line    0x000000000000288d       0x80 /home/ge/altera_lite/16.0/nios2eds/bin/gnu/H-x86_64-pc-linux-gnu/bin/../lib/gcc/nios2-elf/5.2.0/mno-hw-mul/libgcc.a(lib2-mul.o)
 .debug_line    0x000000000000290d       0x71 ../StepMotorBSP_bsp//libhal_bsp.a(alt_exit.o)

.debug_frame    0x0000000000000000      0xaa4
 *(.debug_frame)
 .debug_frame   0x0000000000000000       0x2c obj/default/hello_world.o
 .debug_frame   0x000000000000002c       0x5c ../StepMotorBSP_bsp//libhal_bsp.a(alt_load.o)
 .debug_frame   0x0000000000000088       0x2c ../StepMotorBSP_bsp//libhal_bsp.a(alt_main.o)
 .debug_frame   0x00000000000000b4       0x88 ../StepMotorBSP_bsp//libhal_bsp.a(alt_sys_init.o)
 .debug_frame   0x000000000000013c       0xb0 ../StepMotorBSP_bsp//libhal_bsp.a(altera_avalon_jtag_uart_fd.o)
 .debug_frame   0x00000000000001ec       0xa4 ../StepMotorBSP_bsp//libhal_bsp.a(altera_avalon_jtag_uart_init.o)
 .debug_frame   0x0000000000000290       0x34 ../StepMotorBSP_bsp//libhal_bsp.a(altera_avalon_jtag_uart_ioctl.o)
 .debug_frame   0x00000000000002c4       0x38 ../StepMotorBSP_bsp//libhal_bsp.a(altera_avalon_jtag_uart_read.o)
 .debug_frame   0x00000000000002fc       0x38 ../StepMotorBSP_bsp//libhal_bsp.a(altera_avalon_jtag_uart_write.o)
 .debug_frame   0x0000000000000334       0x34 ../StepMotorBSP_bsp//libhal_bsp.a(alt_alarm_start.o)
 .debug_frame   0x0000000000000368       0x60 ../StepMotorBSP_bsp//libhal_bsp.a(alt_close.o)
 .debug_frame   0x00000000000003c8       0x34 ../StepMotorBSP_bsp//libhal_bsp.a(alt_dcache_flush_all.o)
 .debug_frame   0x00000000000003fc       0x34 ../StepMotorBSP_bsp//libhal_bsp.a(alt_dev.o)
 .debug_frame   0x0000000000000430       0x60 ../StepMotorBSP_bsp//libhal_bsp.a(alt_dev_llist_insert.o)
 .debug_frame   0x0000000000000490       0x38 ../StepMotorBSP_bsp//libhal_bsp.a(alt_do_ctors.o)
 .debug_frame   0x00000000000004c8       0x38 ../StepMotorBSP_bsp//libhal_bsp.a(alt_do_dtors.o)
 .debug_frame   0x0000000000000500       0x34 ../StepMotorBSP_bsp//libhal_bsp.a(alt_icache_flush_all.o)
 .debug_frame   0x0000000000000534       0xa4 ../StepMotorBSP_bsp//libhal_bsp.a(alt_iic.o)
 .debug_frame   0x00000000000005d8       0x38 ../StepMotorBSP_bsp//libhal_bsp.a(alt_iic_isr_register.o)
 .debug_frame   0x0000000000000610       0x64 ../StepMotorBSP_bsp//libhal_bsp.a(alt_io_redirect.o)
 .debug_frame   0x0000000000000674       0x38 ../StepMotorBSP_bsp//libhal_bsp.a(alt_irq_handler.o)
 .debug_frame   0x00000000000006ac       0x8c ../StepMotorBSP_bsp//libhal_bsp.a(alt_open.o)
 .debug_frame   0x0000000000000738       0x3c ../StepMotorBSP_bsp//libhal_bsp.a(alt_release_fd.o)
 .debug_frame   0x0000000000000774       0x5c ../StepMotorBSP_bsp//libhal_bsp.a(alt_tick.o)
 .debug_frame   0x00000000000007d0       0x34 ../StepMotorBSP_bsp//libhal_bsp.a(altera_nios2_gen2_irq.o)
 .debug_frame   0x0000000000000804       0x38 ../StepMotorBSP_bsp//libhal_bsp.a(alt_find_dev.o)
 .debug_frame   0x000000000000083c       0x38 ../StepMotorBSP_bsp//libhal_bsp.a(alt_find_file.o)
 .debug_frame   0x0000000000000874       0x3c ../StepMotorBSP_bsp//libhal_bsp.a(alt_get_fd.o)
 .debug_frame   0x00000000000008b0       0x5c ../StepMotorBSP_bsp//libhal_bsp.a(alt_instruction_exception_entry.o)
 .debug_frame   0x000000000000090c       0x20 /home/ge/altera_lite/16.0/nios2eds/bin/gnu/H-x86_64-pc-linux-gnu/bin/../lib/gcc/nios2-elf/5.2.0/../../../../../H-x86_64-pc-linux-gnu/nios2-elf/lib/mno-hw-mul/libc.a(lib_a-atexit.o)
 .debug_frame   0x000000000000092c       0x28 /home/ge/altera_lite/16.0/nios2eds/bin/gnu/H-x86_64-pc-linux-gnu/bin/../lib/gcc/nios2-elf/5.2.0/../../../../../H-x86_64-pc-linux-gnu/nios2-elf/lib/mno-hw-mul/libc.a(lib_a-exit.o)
 .debug_frame   0x0000000000000954       0x20 /home/ge/altera_lite/16.0/nios2eds/bin/gnu/H-x86_64-pc-linux-gnu/bin/../lib/gcc/nios2-elf/5.2.0/../../../../../H-x86_64-pc-linux-gnu/nios2-elf/lib/mno-hw-mul/libc.a(lib_a-memcmp.o)
 .debug_frame   0x0000000000000974       0x38 /home/ge/altera_lite/16.0/nios2eds/bin/gnu/H-x86_64-pc-linux-gnu/bin/../lib/gcc/nios2-elf/5.2.0/../../../../../H-x86_64-pc-linux-gnu/nios2-elf/lib/mno-hw-mul/libc.a(lib_a-memcpy.o)
 .debug_frame   0x00000000000009ac       0x20 /home/ge/altera_lite/16.0/nios2eds/bin/gnu/H-x86_64-pc-linux-gnu/bin/../lib/gcc/nios2-elf/5.2.0/../../../../../H-x86_64-pc-linux-gnu/nios2-elf/lib/mno-hw-mul/libc.a(lib_a-strlen.o)
 .debug_frame   0x00000000000009cc       0x38 /home/ge/altera_lite/16.0/nios2eds/bin/gnu/H-x86_64-pc-linux-gnu/bin/../lib/gcc/nios2-elf/5.2.0/../../../../../H-x86_64-pc-linux-gnu/nios2-elf/lib/mno-hw-mul/libc.a(lib_a-__atexit.o)
 .debug_frame   0x0000000000000a04       0x54 /home/ge/altera_lite/16.0/nios2eds/bin/gnu/H-x86_64-pc-linux-gnu/bin/../lib/gcc/nios2-elf/5.2.0/../../../../../H-x86_64-pc-linux-gnu/nios2-elf/lib/mno-hw-mul/libc.a(lib_a-__call_atexit.o)
 .debug_frame   0x0000000000000a58       0x20 /home/ge/altera_lite/16.0/nios2eds/bin/gnu/H-x86_64-pc-linux-gnu/bin/../lib/gcc/nios2-elf/5.2.0/mno-hw-mul/libgcc.a(lib2-mul.o)
 .debug_frame   0x0000000000000a78       0x2c ../StepMotorBSP_bsp//libhal_bsp.a(alt_exit.o)

.debug_str      0x0000000000000000     0x1c03
 *(.debug_str)
 .debug_str     0x0000000000000000      0x11d obj/default/hello_world.o
                                        0x15b (size before relaxing)
 .debug_str     0x000000000000011d      0x1a8 ../StepMotorBSP_bsp//libhal_bsp.a(alt_load.o)
                                        0x246 (size before relaxing)
 .debug_str     0x00000000000002c5       0x70 ../StepMotorBSP_bsp//libhal_bsp.a(alt_main.o)
                                        0x1d1 (size before relaxing)
 .debug_str     0x0000000000000335      0x1a2 ../StepMotorBSP_bsp//libhal_bsp.a(alt_sys_init.o)
                                        0x38c (size before relaxing)
 .debug_str     0x00000000000004d7       0xb9 ../StepMotorBSP_bsp//libhal_bsp.a(altera_avalon_jtag_uart_fd.o)
                                        0x3d8 (size before relaxing)
 .debug_str     0x0000000000000590       0xd1 ../StepMotorBSP_bsp//libhal_bsp.a(altera_avalon_jtag_uart_init.o)
                                        0x36c (size before relaxing)
 .debug_str     0x0000000000000661       0x4a ../StepMotorBSP_bsp//libhal_bsp.a(altera_avalon_jtag_uart_ioctl.o)
                                        0x2c7 (size before relaxing)
 .debug_str     0x00000000000006ab       0x7f ../StepMotorBSP_bsp//libhal_bsp.a(altera_avalon_jtag_uart_read.o)
                                        0x31c (size before relaxing)
 .debug_str     0x000000000000072a       0x4a ../StepMotorBSP_bsp//libhal_bsp.a(altera_avalon_jtag_uart_write.o)
                                        0x31d (size before relaxing)
 .debug_str     0x0000000000000774       0x59 ../StepMotorBSP_bsp//libhal_bsp.a(alt_alarm_start.o)
                                        0x2b2 (size before relaxing)
 .debug_str     0x00000000000007cd       0x44 ../StepMotorBSP_bsp//libhal_bsp.a(alt_close.o)
                                        0x23f (size before relaxing)
 .debug_str     0x0000000000000811       0x34 ../StepMotorBSP_bsp//libhal_bsp.a(alt_dcache_flush_all.o)
                                        0x189 (size before relaxing)
 .debug_str     0x0000000000000845      0x120 ../StepMotorBSP_bsp//libhal_bsp.a(alt_dev.o)
                                        0x339 (size before relaxing)
 .debug_str     0x0000000000000965       0x34 ../StepMotorBSP_bsp//libhal_bsp.a(alt_dev_llist_insert.o)
                                        0x200 (size before relaxing)
 .debug_str     0x0000000000000999       0x48 ../StepMotorBSP_bsp//libhal_bsp.a(alt_do_ctors.o)
                                        0x104 (size before relaxing)
 .debug_str     0x00000000000009e1       0x4c ../StepMotorBSP_bsp//libhal_bsp.a(alt_do_dtors.o)
                                        0x103 (size before relaxing)
 .debug_str     0x0000000000000a2d       0x14 ../StepMotorBSP_bsp//libhal_bsp.a(alt_errno.o)
                                        0x179 (size before relaxing)
 .debug_str     0x0000000000000a41       0x34 ../StepMotorBSP_bsp//libhal_bsp.a(alt_icache_flush_all.o)
                                        0x189 (size before relaxing)
 .debug_str     0x0000000000000a75       0xc4 ../StepMotorBSP_bsp//libhal_bsp.a(alt_iic.o)
                                        0x272 (size before relaxing)
 .debug_str     0x0000000000000b39       0x4c ../StepMotorBSP_bsp//libhal_bsp.a(alt_iic_isr_register.o)
                                        0x21c (size before relaxing)
 .debug_str     0x0000000000000b85       0x56 ../StepMotorBSP_bsp//libhal_bsp.a(alt_io_redirect.o)
                                        0x34a (size before relaxing)
 .debug_str     0x0000000000000bdb       0x3a ../StepMotorBSP_bsp//libhal_bsp.a(alt_irq_handler.o)
                                        0x1cb (size before relaxing)
 .debug_str     0x0000000000000c15       0x17 ../StepMotorBSP_bsp//libhal_bsp.a(alt_irq_vars.o)
                                        0x16e (size before relaxing)
 .debug_str     0x0000000000000c2c       0x2f ../StepMotorBSP_bsp//libhal_bsp.a(alt_open.o)
                                        0x27f (size before relaxing)
 .debug_str     0x0000000000000c5b       0x28 ../StepMotorBSP_bsp//libhal_bsp.a(alt_release_fd.o)
                                        0x207 (size before relaxing)
 .debug_str     0x0000000000000c83       0x4a ../StepMotorBSP_bsp//libhal_bsp.a(alt_tick.o)
                                        0x286 (size before relaxing)
 .debug_str     0x0000000000000ccd       0x3b ../StepMotorBSP_bsp//libhal_bsp.a(altera_nios2_gen2_irq.o)
                                        0x190 (size before relaxing)
 .debug_str     0x0000000000000d08       0x24 ../StepMotorBSP_bsp//libhal_bsp.a(alt_find_dev.o)
                                        0x220 (size before relaxing)
 .debug_str     0x0000000000000d2c       0x26 ../StepMotorBSP_bsp//libhal_bsp.a(alt_find_file.o)
                                        0x22e (size before relaxing)
 .debug_str     0x0000000000000d52       0x30 ../StepMotorBSP_bsp//libhal_bsp.a(alt_get_fd.o)
                                        0x250 (size before relaxing)
 .debug_str     0x0000000000000d82      0x48b ../StepMotorBSP_bsp//libhal_bsp.a(alt_instruction_exception_entry.o)
                                        0x5d4 (size before relaxing)
 .debug_str     0x000000000000120d      0x17d /home/ge/altera_lite/16.0/nios2eds/bin/gnu/H-x86_64-pc-linux-gnu/bin/../lib/gcc/nios2-elf/5.2.0/../../../../../H-x86_64-pc-linux-gnu/nios2-elf/lib/mno-hw-mul/libc.a(lib_a-atexit.o)
                                        0x222 (size before relaxing)
 .debug_str     0x000000000000138a      0x3b5 /home/ge/altera_lite/16.0/nios2eds/bin/gnu/H-x86_64-pc-linux-gnu/bin/../lib/gcc/nios2-elf/5.2.0/../../../../../H-x86_64-pc-linux-gnu/nios2-elf/lib/mno-hw-mul/libc.a(lib_a-exit.o)
                                        0x5bf (size before relaxing)
 .debug_str     0x000000000000173f       0xd7 /home/ge/altera_lite/16.0/nios2eds/bin/gnu/H-x86_64-pc-linux-gnu/bin/../lib/gcc/nios2-elf/5.2.0/../../../../../H-x86_64-pc-linux-gnu/nios2-elf/lib/mno-hw-mul/libc.a(lib_a-impure.o)
                                        0x5b6 (size before relaxing)
 .debug_str     0x0000000000001816       0x3f /home/ge/altera_lite/16.0/nios2eds/bin/gnu/H-x86_64-pc-linux-gnu/bin/../lib/gcc/nios2-elf/5.2.0/../../../../../H-x86_64-pc-linux-gnu/nios2-elf/lib/mno-hw-mul/libc.a(lib_a-int_errno.o)
                                        0x1de (size before relaxing)
 .debug_str     0x0000000000001855       0xdb /home/ge/altera_lite/16.0/nios2eds/bin/gnu/H-x86_64-pc-linux-gnu/bin/../lib/gcc/nios2-elf/5.2.0/../../../../../H-x86_64-pc-linux-gnu/nios2-elf/lib/mno-hw-mul/libc.a(lib_a-memcmp.o)
                                        0x1e5 (size before relaxing)
 .debug_str     0x0000000000001930       0x6b /home/ge/altera_lite/16.0/nios2eds/bin/gnu/H-x86_64-pc-linux-gnu/bin/../lib/gcc/nios2-elf/5.2.0/../../../../../H-x86_64-pc-linux-gnu/nios2-elf/lib/mno-hw-mul/libc.a(lib_a-memcpy.o)
                                        0x20c (size before relaxing)
 .debug_str     0x000000000000199b       0x51 /home/ge/altera_lite/16.0/nios2eds/bin/gnu/H-x86_64-pc-linux-gnu/bin/../lib/gcc/nios2-elf/5.2.0/../../../../../H-x86_64-pc-linux-gnu/nios2-elf/lib/mno-hw-mul/libc.a(lib_a-strlen.o)
                                        0x1f8 (size before relaxing)
 .debug_str     0x00000000000019ec       0x3f /home/ge/altera_lite/16.0/nios2eds/bin/gnu/H-x86_64-pc-linux-gnu/bin/../lib/gcc/nios2-elf/5.2.0/../../../../../H-x86_64-pc-linux-gnu/nios2-elf/lib/mno-hw-mul/libc.a(lib_a-__atexit.o)
                                        0x5f7 (size before relaxing)
 .debug_str     0x0000000000001a2b       0x65 /home/ge/altera_lite/16.0/nios2eds/bin/gnu/H-x86_64-pc-linux-gnu/bin/../lib/gcc/nios2-elf/5.2.0/../../../../../H-x86_64-pc-linux-gnu/nios2-elf/lib/mno-hw-mul/libc.a(lib_a-__call_atexit.o)
                                        0x5e3 (size before relaxing)
 .debug_str     0x0000000000001a90      0x149 /home/ge/altera_lite/16.0/nios2eds/bin/gnu/H-x86_64-pc-linux-gnu/bin/../lib/gcc/nios2-elf/5.2.0/mno-hw-mul/libgcc.a(lib2-mul.o)
                                        0x194 (size before relaxing)
 .debug_str     0x0000000000001bd9       0x2a ../StepMotorBSP_bsp//libhal_bsp.a(alt_exit.o)
                                        0x185 (size before relaxing)

.debug_loc      0x0000000000000000      0x803
 *(.debug_loc)
 .debug_loc     0x0000000000000000       0x2c /home/ge/altera_lite/16.0/nios2eds/bin/gnu/H-x86_64-pc-linux-gnu/bin/../lib/gcc/nios2-elf/5.2.0/../../../../../H-x86_64-pc-linux-gnu/nios2-elf/lib/mno-hw-mul/libc.a(lib_a-atexit.o)
 .debug_loc     0x000000000000002c       0x1e /home/ge/altera_lite/16.0/nios2eds/bin/gnu/H-x86_64-pc-linux-gnu/bin/../lib/gcc/nios2-elf/5.2.0/../../../../../H-x86_64-pc-linux-gnu/nios2-elf/lib/mno-hw-mul/libc.a(lib_a-exit.o)
 .debug_loc     0x000000000000004a      0x126 /home/ge/altera_lite/16.0/nios2eds/bin/gnu/H-x86_64-pc-linux-gnu/bin/../lib/gcc/nios2-elf/5.2.0/../../../../../H-x86_64-pc-linux-gnu/nios2-elf/lib/mno-hw-mul/libc.a(lib_a-memcmp.o)
 .debug_loc     0x0000000000000170      0x266 /home/ge/altera_lite/16.0/nios2eds/bin/gnu/H-x86_64-pc-linux-gnu/bin/../lib/gcc/nios2-elf/5.2.0/../../../../../H-x86_64-pc-linux-gnu/nios2-elf/lib/mno-hw-mul/libc.a(lib_a-memcpy.o)
 .debug_loc     0x00000000000003d6       0x47 /home/ge/altera_lite/16.0/nios2eds/bin/gnu/H-x86_64-pc-linux-gnu/bin/../lib/gcc/nios2-elf/5.2.0/../../../../../H-x86_64-pc-linux-gnu/nios2-elf/lib/mno-hw-mul/libc.a(lib_a-strlen.o)
 .debug_loc     0x000000000000041d      0x185 /home/ge/altera_lite/16.0/nios2eds/bin/gnu/H-x86_64-pc-linux-gnu/bin/../lib/gcc/nios2-elf/5.2.0/../../../../../H-x86_64-pc-linux-gnu/nios2-elf/lib/mno-hw-mul/libc.a(lib_a-__atexit.o)
 .debug_loc     0x00000000000005a2      0x1ce /home/ge/altera_lite/16.0/nios2eds/bin/gnu/H-x86_64-pc-linux-gnu/bin/../lib/gcc/nios2-elf/5.2.0/../../../../../H-x86_64-pc-linux-gnu/nios2-elf/lib/mno-hw-mul/libc.a(lib_a-__call_atexit.o)
 .debug_loc     0x0000000000000770       0x93 /home/ge/altera_lite/16.0/nios2eds/bin/gnu/H-x86_64-pc-linux-gnu/bin/../lib/gcc/nios2-elf/5.2.0/mno-hw-mul/libgcc.a(lib2-mul.o)

.debug_macinfo
 *(.debug_macinfo)

.debug_weaknames
 *(.debug_weaknames)

.debug_funcnames
 *(.debug_funcnames)

.debug_typenames
 *(.debug_typenames)

.debug_varnames
 *(.debug_varnames)

.debug_alt_sim_info
                0x0000000000000000       0x10
 *(.debug_alt_sim_info)
 .debug_alt_sim_info
                0x0000000000000000       0x10 ../StepMotorBSP_bsp//obj/HAL/src/crt0.o
                0x0000000000040000                __alt_data_end = 0x40000
                0x0000000000040000                PROVIDE (__alt_stack_pointer, __alt_data_end)
                [!provide]                        PROVIDE (__alt_stack_limit, __alt_stack_base)
                [!provide]                        PROVIDE (__alt_heap_start, end)
                [!provide]                        PROVIDE (__alt_heap_limit, 0x40000)
OUTPUT(StepMotorBSP.elf elf32-littlenios2)

.debug_ranges   0x0000000000000000      0x178
 .debug_ranges  0x0000000000000000       0x20 ../StepMotorBSP_bsp//obj/HAL/src/crt0.o
 .debug_ranges  0x0000000000000020       0x30 ../StepMotorBSP_bsp//libhal_bsp.a(altera_avalon_jtag_uart_init.o)
 .debug_ranges  0x0000000000000050       0x18 ../StepMotorBSP_bsp//libhal_bsp.a(altera_avalon_jtag_uart_read.o)
 .debug_ranges  0x0000000000000068       0x28 ../StepMotorBSP_bsp//libhal_bsp.a(alt_irq_entry.o)
 .debug_ranges  0x0000000000000090       0x10 ../StepMotorBSP_bsp//libhal_bsp.a(alt_irq_handler.o)
 .debug_ranges  0x00000000000000a0       0x30 ../StepMotorBSP_bsp//libhal_bsp.a(alt_exception_entry.o)
 .debug_ranges  0x00000000000000d0       0x18 ../StepMotorBSP_bsp//libhal_bsp.a(alt_instruction_exception_entry.o)
 .debug_ranges  0x00000000000000e8       0x10 /home/ge/altera_lite/16.0/nios2eds/bin/gnu/H-x86_64-pc-linux-gnu/bin/../lib/gcc/nios2-elf/5.2.0/../../../../../H-x86_64-pc-linux-gnu/nios2-elf/lib/mno-hw-mul/libc.a(lib_a-atexit.o)
 .debug_ranges  0x00000000000000f8       0x10 /home/ge/altera_lite/16.0/nios2eds/bin/gnu/H-x86_64-pc-linux-gnu/bin/../lib/gcc/nios2-elf/5.2.0/../../../../../H-x86_64-pc-linux-gnu/nios2-elf/lib/mno-hw-mul/libc.a(lib_a-exit.o)
 .debug_ranges  0x0000000000000108       0x10 /home/ge/altera_lite/16.0/nios2eds/bin/gnu/H-x86_64-pc-linux-gnu/bin/../lib/gcc/nios2-elf/5.2.0/../../../../../H-x86_64-pc-linux-gnu/nios2-elf/lib/mno-hw-mul/libc.a(lib_a-memcmp.o)
 .debug_ranges  0x0000000000000118       0x10 /home/ge/altera_lite/16.0/nios2eds/bin/gnu/H-x86_64-pc-linux-gnu/bin/../lib/gcc/nios2-elf/5.2.0/../../../../../H-x86_64-pc-linux-gnu/nios2-elf/lib/mno-hw-mul/libc.a(lib_a-memcpy.o)
 .debug_ranges  0x0000000000000128       0x10 /home/ge/altera_lite/16.0/nios2eds/bin/gnu/H-x86_64-pc-linux-gnu/bin/../lib/gcc/nios2-elf/5.2.0/../../../../../H-x86_64-pc-linux-gnu/nios2-elf/lib/mno-hw-mul/libc.a(lib_a-strlen.o)
 .debug_ranges  0x0000000000000138       0x10 /home/ge/altera_lite/16.0/nios2eds/bin/gnu/H-x86_64-pc-linux-gnu/bin/../lib/gcc/nios2-elf/5.2.0/../../../../../H-x86_64-pc-linux-gnu/nios2-elf/lib/mno-hw-mul/libc.a(lib_a-__atexit.o)
 .debug_ranges  0x0000000000000148       0x30 /home/ge/altera_lite/16.0/nios2eds/bin/gnu/H-x86_64-pc-linux-gnu/bin/../lib/gcc/nios2-elf/5.2.0/../../../../../H-x86_64-pc-linux-gnu/nios2-elf/lib/mno-hw-mul/libc.a(lib_a-__call_atexit.o)
