Archive member included to satisfy reference by file (symbol)

../StepMotorBSP_bsp//libhal_bsp.a(alt_load.o)
                              ../StepMotorBSP_bsp//obj/HAL/src/crt0.o (alt_load)
../StepMotorBSP_bsp//libhal_bsp.a(alt_main.o)
                              ../StepMotorBSP_bsp//obj/HAL/src/crt0.o (alt_main)
../StepMotorBSP_bsp//libhal_bsp.a(alt_usleep.o)
                              obj/default/hello_world.o (usleep)
../StepMotorBSP_bsp//libhal_bsp.a(alt_sys_init.o)
                              ../StepMotorBSP_bsp//libhal_bsp.a(alt_main.o) (alt_irq_init)
../StepMotorBSP_bsp//libhal_bsp.a(altera_avalon_jtag_uart_fd.o)
                              ../StepMotorBSP_bsp//libhal_bsp.a(alt_sys_init.o) (altera_avalon_jtag_uart_read_fd)
../StepMotorBSP_bsp//libhal_bsp.a(altera_avalon_jtag_uart_init.o)
                              ../StepMotorBSP_bsp//libhal_bsp.a(alt_sys_init.o) (altera_avalon_jtag_uart_init)
../StepMotorBSP_bsp//libhal_bsp.a(altera_avalon_jtag_uart_ioctl.o)
                              ../StepMotorBSP_bsp//libhal_bsp.a(altera_avalon_jtag_uart_fd.o) (altera_avalon_jtag_uart_ioctl)
../StepMotorBSP_bsp//libhal_bsp.a(altera_avalon_jtag_uart_read.o)
                              ../StepMotorBSP_bsp//libhal_bsp.a(altera_avalon_jtag_uart_fd.o) (altera_avalon_jtag_uart_read)
../StepMotorBSP_bsp//libhal_bsp.a(altera_avalon_jtag_uart_write.o)
                              ../StepMotorBSP_bsp//libhal_bsp.a(altera_avalon_jtag_uart_fd.o) (altera_avalon_jtag_uart_write)
../StepMotorBSP_bsp//libhal_bsp.a(alt_alarm_start.o)
                              ../StepMotorBSP_bsp//libhal_bsp.a(altera_avalon_jtag_uart_init.o) (alt_alarm_start)
../StepMotorBSP_bsp//libhal_bsp.a(alt_busy_sleep.o)
                              ../StepMotorBSP_bsp//libhal_bsp.a(alt_usleep.o) (alt_busy_sleep)
../StepMotorBSP_bsp//libhal_bsp.a(alt_close.o)
                              ../StepMotorBSP_bsp//libhal_bsp.a(alt_main.o) (close)
../StepMotorBSP_bsp//libhal_bsp.a(alt_dcache_flush_all.o)
                              ../StepMotorBSP_bsp//libhal_bsp.a(alt_load.o) (alt_dcache_flush_all)
../StepMotorBSP_bsp//libhal_bsp.a(alt_dev.o)
                              ../StepMotorBSP_bsp//libhal_bsp.a(alt_sys_init.o) (alt_dev_list)
../StepMotorBSP_bsp//libhal_bsp.a(alt_dev_llist_insert.o)
                              ../StepMotorBSP_bsp//libhal_bsp.a(alt_sys_init.o) (alt_dev_llist_insert)
../StepMotorBSP_bsp//libhal_bsp.a(alt_do_ctors.o)
                              ../StepMotorBSP_bsp//libhal_bsp.a(alt_main.o) (_do_ctors)
../StepMotorBSP_bsp//libhal_bsp.a(alt_do_dtors.o)
                              ../StepMotorBSP_bsp//libhal_bsp.a(alt_main.o) (_do_dtors)
../StepMotorBSP_bsp//libhal_bsp.a(alt_errno.o)
                              ../StepMotorBSP_bsp//libhal_bsp.a(alt_close.o) (alt_errno)
../StepMotorBSP_bsp//libhal_bsp.a(alt_icache_flush_all.o)
                              ../StepMotorBSP_bsp//libhal_bsp.a(alt_load.o) (alt_icache_flush_all)
../StepMotorBSP_bsp//libhal_bsp.a(alt_iic.o)
                              ../StepMotorBSP_bsp//libhal_bsp.a(altera_avalon_jtag_uart_init.o) (alt_ic_isr_register)
../StepMotorBSP_bsp//libhal_bsp.a(alt_iic_isr_register.o)
                              ../StepMotorBSP_bsp//libhal_bsp.a(alt_iic.o) (alt_iic_isr_register)
../StepMotorBSP_bsp//libhal_bsp.a(alt_io_redirect.o)
                              ../StepMotorBSP_bsp//libhal_bsp.a(alt_main.o) (alt_io_redirect)
../StepMotorBSP_bsp//libhal_bsp.a(alt_irq_entry.o)
                              ../StepMotorBSP_bsp//libhal_bsp.a(alt_iic_isr_register.o) (alt_irq_entry)
../StepMotorBSP_bsp//libhal_bsp.a(alt_irq_handler.o)
                              ../StepMotorBSP_bsp//libhal_bsp.a(alt_iic_isr_register.o) (alt_irq)
../StepMotorBSP_bsp//libhal_bsp.a(alt_irq_vars.o)
                              ../StepMotorBSP_bsp//libhal_bsp.a(alt_iic.o) (alt_irq_active)
../StepMotorBSP_bsp//libhal_bsp.a(alt_open.o)
                              ../StepMotorBSP_bsp//libhal_bsp.a(alt_io_redirect.o) (open)
../StepMotorBSP_bsp//libhal_bsp.a(alt_release_fd.o)
                              ../StepMotorBSP_bsp//libhal_bsp.a(alt_close.o) (alt_release_fd)
../StepMotorBSP_bsp//libhal_bsp.a(alt_tick.o)
                              ../StepMotorBSP_bsp//libhal_bsp.a(altera_avalon_jtag_uart_init.o) (_alt_tick_rate)
../StepMotorBSP_bsp//libhal_bsp.a(altera_nios2_gen2_irq.o)
                              ../StepMotorBSP_bsp//libhal_bsp.a(alt_sys_init.o) (altera_nios2_gen2_irq_init)
../StepMotorBSP_bsp//libhal_bsp.a(alt_exception_entry.o)
                              ../StepMotorBSP_bsp//libhal_bsp.a(alt_irq_entry.o) (alt_exception)
../StepMotorBSP_bsp//libhal_bsp.a(alt_find_dev.o)
                              ../StepMotorBSP_bsp//libhal_bsp.a(alt_open.o) (alt_find_dev)
../StepMotorBSP_bsp//libhal_bsp.a(alt_find_file.o)
                              ../StepMotorBSP_bsp//libhal_bsp.a(alt_open.o) (alt_find_file)
../StepMotorBSP_bsp//libhal_bsp.a(alt_get_fd.o)
                              ../StepMotorBSP_bsp//libhal_bsp.a(alt_open.o) (alt_get_fd)
../StepMotorBSP_bsp//libhal_bsp.a(alt_instruction_exception_entry.o)
                              ../StepMotorBSP_bsp//libhal_bsp.a(alt_exception_entry.o) (alt_instruction_exception_entry)
/home/ge/altera_lite/16.0/nios2eds/bin/gnu/H-x86_64-pc-linux-gnu/bin/../lib/gcc/nios2-elf/5.2.0/../../../../../H-x86_64-pc-linux-gnu/nios2-elf/lib/mno-hw-mul/libc.a(lib_a-atexit.o)
                              ../StepMotorBSP_bsp//libhal_bsp.a(alt_main.o) (atexit)
/home/ge/altera_lite/16.0/nios2eds/bin/gnu/H-x86_64-pc-linux-gnu/bin/../lib/gcc/nios2-elf/5.2.0/../../../../../H-x86_64-pc-linux-gnu/nios2-elf/lib/mno-hw-mul/libc.a(lib_a-exit.o)
                              ../StepMotorBSP_bsp//libhal_bsp.a(alt_main.o) (exit)
/home/ge/altera_lite/16.0/nios2eds/bin/gnu/H-x86_64-pc-linux-gnu/bin/../lib/gcc/nios2-elf/5.2.0/../../../../../H-x86_64-pc-linux-gnu/nios2-elf/lib/mno-hw-mul/libc.a(lib_a-impure.o)
                              /home/ge/altera_lite/16.0/nios2eds/bin/gnu/H-x86_64-pc-linux-gnu/bin/../lib/gcc/nios2-elf/5.2.0/../../../../../H-x86_64-pc-linux-gnu/nios2-elf/lib/mno-hw-mul/libc.a(lib_a-exit.o) (_global_impure_ptr)
/home/ge/altera_lite/16.0/nios2eds/bin/gnu/H-x86_64-pc-linux-gnu/bin/../lib/gcc/nios2-elf/5.2.0/../../../../../H-x86_64-pc-linux-gnu/nios2-elf/lib/mno-hw-mul/libc.a(lib_a-int_errno.o)
                              ../StepMotorBSP_bsp//libhal_bsp.a(alt_close.o) (errno)
/home/ge/altera_lite/16.0/nios2eds/bin/gnu/H-x86_64-pc-linux-gnu/bin/../lib/gcc/nios2-elf/5.2.0/../../../../../H-x86_64-pc-linux-gnu/nios2-elf/lib/mno-hw-mul/libc.a(lib_a-memcmp.o)
                              ../StepMotorBSP_bsp//libhal_bsp.a(alt_find_dev.o) (memcmp)
/home/ge/altera_lite/16.0/nios2eds/bin/gnu/H-x86_64-pc-linux-gnu/bin/../lib/gcc/nios2-elf/5.2.0/../../../../../H-x86_64-pc-linux-gnu/nios2-elf/lib/mno-hw-mul/libc.a(lib_a-memcpy.o)
                              ../StepMotorBSP_bsp//libhal_bsp.a(altera_avalon_jtag_uart_read.o) (memcpy)
/home/ge/altera_lite/16.0/nios2eds/bin/gnu/H-x86_64-pc-linux-gnu/bin/../lib/gcc/nios2-elf/5.2.0/../../../../../H-x86_64-pc-linux-gnu/nios2-elf/lib/mno-hw-mul/libc.a(lib_a-strlen.o)
                              ../StepMotorBSP_bsp//libhal_bsp.a(alt_find_dev.o) (strlen)
/home/ge/altera_lite/16.0/nios2eds/bin/gnu/H-x86_64-pc-linux-gnu/bin/../lib/gcc/nios2-elf/5.2.0/../../../../../H-x86_64-pc-linux-gnu/nios2-elf/lib/mno-hw-mul/libc.a(lib_a-__atexit.o)
                              /home/ge/altera_lite/16.0/nios2eds/bin/gnu/H-x86_64-pc-linux-gnu/bin/../lib/gcc/nios2-elf/5.2.0/../../../../../H-x86_64-pc-linux-gnu/nios2-elf/lib/mno-hw-mul/libc.a(lib_a-atexit.o) (__register_exitproc)
/home/ge/altera_lite/16.0/nios2eds/bin/gnu/H-x86_64-pc-linux-gnu/bin/../lib/gcc/nios2-elf/5.2.0/../../../../../H-x86_64-pc-linux-gnu/nios2-elf/lib/mno-hw-mul/libc.a(lib_a-__call_atexit.o)
                              /home/ge/altera_lite/16.0/nios2eds/bin/gnu/H-x86_64-pc-linux-gnu/bin/../lib/gcc/nios2-elf/5.2.0/../../../../../H-x86_64-pc-linux-gnu/nios2-elf/lib/mno-hw-mul/libc.a(lib_a-exit.o) (__call_exitprocs)
/home/ge/altera_lite/16.0/nios2eds/bin/gnu/H-x86_64-pc-linux-gnu/bin/../lib/gcc/nios2-elf/5.2.0/mno-hw-mul/libgcc.a(lib2-divmod.o)
                              ../StepMotorBSP_bsp//libhal_bsp.a(alt_busy_sleep.o) (__udivsi3)
/home/ge/altera_lite/16.0/nios2eds/bin/gnu/H-x86_64-pc-linux-gnu/bin/../lib/gcc/nios2-elf/5.2.0/mno-hw-mul/libgcc.a(lib2-mul.o)
                              ../StepMotorBSP_bsp//libhal_bsp.a(alt_busy_sleep.o) (__mulsi3)
../StepMotorBSP_bsp//libhal_bsp.a(alt_exit.o)
                              /home/ge/altera_lite/16.0/nios2eds/bin/gnu/H-x86_64-pc-linux-gnu/bin/../lib/gcc/nios2-elf/5.2.0/../../../../../H-x86_64-pc-linux-gnu/nios2-elf/lib/mno-hw-mul/libc.a(lib_a-exit.o) (_exit)

Allocating common symbols
Common symbol       size              file

alt_irq             0x100             ../StepMotorBSP_bsp//libhal_bsp.a(alt_irq_handler.o)
errno               0x4               /home/ge/altera_lite/16.0/nios2eds/bin/gnu/H-x86_64-pc-linux-gnu/bin/../lib/gcc/nios2-elf/5.2.0/../../../../../H-x86_64-pc-linux-gnu/nios2-elf/lib/mno-hw-mul/libc.a(lib_a-int_errno.o)

Memory Configuration

Name             Origin             Length             Attributes
reset            0x0000000000020000 0x0000000000000020
onchip_memory2_1 0x0000000000020020 0x000000000001ffe0
onchip_memory2_0 0x0000000000040000 0x0000000000008000
*default*        0x0000000000000000 0xffffffffffffffff

Linker script and memory map

LOAD ../StepMotorBSP_bsp//obj/HAL/src/crt0.o
LOAD obj/default/hello_world.o
LOAD /home/ge/altera_lite/16.0/nios2eds/bin/gnu/H-x86_64-pc-linux-gnu/bin/../lib/gcc/nios2-elf/5.2.0/../../../../../H-x86_64-pc-linux-gnu/nios2-elf/lib/mno-hw-mul/libstdc++.a
LOAD /home/ge/altera_lite/16.0/nios2eds/bin/gnu/H-x86_64-pc-linux-gnu/bin/../lib/gcc/nios2-elf/5.2.0/../../../../../H-x86_64-pc-linux-gnu/nios2-elf/lib/mno-hw-mul/libm.a
LOAD /home/ge/altera_lite/16.0/nios2eds/bin/gnu/H-x86_64-pc-linux-gnu/bin/../lib/gcc/nios2-elf/5.2.0/mno-hw-mul/libgcc.a
START GROUP
LOAD /home/ge/altera_lite/16.0/nios2eds/bin/gnu/H-x86_64-pc-linux-gnu/bin/../lib/gcc/nios2-elf/5.2.0/../../../../../H-x86_64-pc-linux-gnu/nios2-elf/lib/mno-hw-mul/libc.a
LOAD /home/ge/altera_lite/16.0/nios2eds/bin/gnu/H-x86_64-pc-linux-gnu/bin/../lib/gcc/nios2-elf/5.2.0/mno-hw-mul/libgcc.a
LOAD ../StepMotorBSP_bsp//libhal_bsp.a
LOAD /home/ge/altera_lite/16.0/nios2eds/bin/gnu/H-x86_64-pc-linux-gnu/bin/../lib/gcc/nios2-elf/5.2.0/../../../../../H-x86_64-pc-linux-gnu/nios2-elf/lib/mno-hw-mul/libm.a
END GROUP
LOAD /home/ge/altera_lite/16.0/nios2eds/bin/gnu/H-x86_64-pc-linux-gnu/bin/../lib/gcc/nios2-elf/5.2.0/mno-hw-mul/libgcc.a
                0x0000000000020000                __alt_mem_onchip_memory2_1 = 0x20000
                0x0000000000040000                __alt_mem_onchip_memory2_0 = 0x40000

.entry          0x0000000000020000       0x20
 *(.entry)
 .entry         0x0000000000020000       0x20 ../StepMotorBSP_bsp//obj/HAL/src/crt0.o
                0x0000000000020000                __reset

.exceptions     0x0000000000020020      0x210
                0x0000000000020020                PROVIDE (__ram_exceptions_start, ABSOLUTE (.))
                0x0000000000020020                . = ALIGN (0x20)
 *(.irq)
 *(.exceptions.entry.label)
 .exceptions.entry.label
                0x0000000000020020        0x0 ../StepMotorBSP_bsp//libhal_bsp.a(alt_irq_entry.o)
                0x0000000000020020                alt_irq_entry
 .exceptions.entry.label
                0x0000000000020020        0x0 ../StepMotorBSP_bsp//libhal_bsp.a(alt_exception_entry.o)
                0x0000000000020020                alt_exception
 *(.exceptions.entry.user)
 *(.exceptions.entry.ecc_fatal)
 *(.exceptions.entry)
 .exceptions.entry
                0x0000000000020020       0x54 ../StepMotorBSP_bsp//libhal_bsp.a(alt_exception_entry.o)
 *(.exceptions.irqtest.user)
 *(.exceptions.irqtest)
 .exceptions.irqtest
                0x0000000000020074       0x10 ../StepMotorBSP_bsp//libhal_bsp.a(alt_irq_entry.o)
 *(.exceptions.irqhandler.user)
 *(.exceptions.irqhandler)
 .exceptions.irqhandler
                0x0000000000020084        0x4 ../StepMotorBSP_bsp//libhal_bsp.a(alt_irq_entry.o)
 *(.exceptions.irqreturn.user)
 *(.exceptions.irqreturn)
 .exceptions.irqreturn
                0x0000000000020088        0x4 ../StepMotorBSP_bsp//libhal_bsp.a(alt_irq_entry.o)
 *(.exceptions.notirq.label)
 .exceptions.notirq.label
                0x000000000002008c        0x0 ../StepMotorBSP_bsp//libhal_bsp.a(alt_irq_entry.o)
 *(.exceptions.notirq.user)
 *(.exceptions.notirq)
 .exceptions.notirq
                0x000000000002008c        0x8 ../StepMotorBSP_bsp//libhal_bsp.a(alt_exception_entry.o)
 *(.exceptions.soft.user)
 *(.exceptions.soft)
 *(.exceptions.unknown.user)
 *(.exceptions.unknown)
 .exceptions.unknown
                0x0000000000020094       0x14 ../StepMotorBSP_bsp//libhal_bsp.a(alt_exception_entry.o)
 *(.exceptions.exit.label)
 .exceptions.exit.label
                0x00000000000200a8        0x0 ../StepMotorBSP_bsp//libhal_bsp.a(alt_irq_entry.o)
 .exceptions.exit.label
                0x00000000000200a8        0x0 ../StepMotorBSP_bsp//libhal_bsp.a(alt_exception_entry.o)
 *(.exceptions.exit.user)
 *(.exceptions.exit)
 .exceptions.exit
                0x00000000000200a8       0x54 ../StepMotorBSP_bsp//libhal_bsp.a(alt_exception_entry.o)
 *(.exceptions)
 .exceptions    0x00000000000200fc       0xd4 ../StepMotorBSP_bsp//libhal_bsp.a(alt_irq_handler.o)
                0x00000000000200fc                alt_irq_handler
 .exceptions    0x00000000000201d0       0x60 ../StepMotorBSP_bsp//libhal_bsp.a(alt_instruction_exception_entry.o)
                0x00000000000201d0                alt_instruction_exception_entry
                0x0000000000020230                PROVIDE (__ram_exceptions_end, ABSOLUTE (.))
                0x0000000000020020                PROVIDE (__flash_exceptions_start, LOADADDR (.exceptions))

.text           0x0000000000020230     0x26c8
                [!provide]                        PROVIDE (stext, ABSOLUTE (.))
 *(.interp)
 *(.hash)
 *(.dynsym)
 *(.dynstr)
 *(.gnu.version)
 *(.gnu.version_d)
 *(.gnu.version_r)
 *(.rel.init)
 *(.rela.init)
 *(.rel.text .rel.text.* .rel.gnu.linkonce.t.*)
 *(.rela.text .rela.text.* .rela.gnu.linkonce.t.*)
 *(.rel.fini)
 *(.rela.fini)
 *(.rel.rodata .rel.rodata.* .rel.gnu.linkonce.r.*)
 *(.rela.rodata .rela.rodata.* .rela.gnu.linkonce.r.*)
 *(.rel.data .rel.data.* .rel.gnu.linkonce.d.*)
 *(.rela.data .rela.data.* .rela.gnu.linkonce.d.*)
 *(.rel.tdata .rel.tdata.* .rel.gnu.linkonce.td.*)
 *(.rela.tdata .rela.tdata.* .rela.gnu.linkonce.td.*)
 *(.rel.tbss .rel.tbss.* .rel.gnu.linkonce.tb.*)
 *(.rela.tbss .rela.tbss.* .rela.gnu.linkonce.tb.*)
 *(.rel.ctors)
 *(.rela.ctors)
 *(.rel.dtors)
 *(.rela.dtors)
 *(.rel.got)
 *(.rela.got)
 *(.rel.sdata .rel.sdata.* .rel.gnu.linkonce.s.*)
 *(.rela.sdata .rela.sdata.* .rela.gnu.linkonce.s.*)
 *(.rel.sbss .rel.sbss.* .rel.gnu.linkonce.sb.*)
 *(.rela.sbss .rela.sbss.* .rela.gnu.linkonce.sb.*)
 *(.rel.sdata2 .rel.sdata2.* .rel.gnu.linkonce.s2.*)
 *(.rela.sdata2 .rela.sdata2.* .rela.gnu.linkonce.s2.*)
 *(.rel.sbss2 .rel.sbss2.* .rel.gnu.linkonce.sb2.*)
 *(.rela.sbss2 .rela.sbss2.* .rela.gnu.linkonce.sb2.*)
 *(.rel.bss .rel.bss.* .rel.gnu.linkonce.b.*)
 *(.rela.bss .rela.bss.* .rela.gnu.linkonce.b.*)
 *(.rel.plt)
 *(.rela.plt)
 *(.rel.dyn)
 *(.init)
 *(.plt)
 *(.text .stub .text.* .gnu.linkonce.t.*)
 .text          0x0000000000020230       0x3c ../StepMotorBSP_bsp//obj/HAL/src/crt0.o
                0x0000000000020230                _start
 .text          0x000000000002026c       0x60 obj/default/hello_world.o
                0x000000000002026c                main
 .text          0x00000000000202cc       0xec ../StepMotorBSP_bsp//libhal_bsp.a(alt_load.o)
                0x0000000000020334                alt_load
 .text          0x00000000000203b8       0x7c ../StepMotorBSP_bsp//libhal_bsp.a(alt_main.o)
                0x00000000000203b8                alt_main
 .text          0x0000000000020434       0x30 ../StepMotorBSP_bsp//libhal_bsp.a(alt_usleep.o)
                0x0000000000020434                usleep
 .text          0x0000000000020464       0xb8 ../StepMotorBSP_bsp//libhal_bsp.a(alt_sys_init.o)
                0x000000000002049c                alt_irq_init
                0x00000000000204d4                alt_sys_init
 .text          0x000000000002051c      0x164 ../StepMotorBSP_bsp//libhal_bsp.a(altera_avalon_jtag_uart_fd.o)
                0x000000000002051c                altera_avalon_jtag_uart_read_fd
                0x000000000002057c                altera_avalon_jtag_uart_write_fd
                0x00000000000205dc                altera_avalon_jtag_uart_close_fd
                0x000000000002062c                altera_avalon_jtag_uart_ioctl_fd
 .text          0x0000000000020680      0x3e4 ../StepMotorBSP_bsp//libhal_bsp.a(altera_avalon_jtag_uart_init.o)
                0x0000000000020680                altera_avalon_jtag_uart_init
                0x00000000000209fc                altera_avalon_jtag_uart_close
 .text          0x0000000000020a64       0xf0 ../StepMotorBSP_bsp//libhal_bsp.a(altera_avalon_jtag_uart_ioctl.o)
                0x0000000000020a64                altera_avalon_jtag_uart_ioctl
 .text          0x0000000000020b54      0x21c ../StepMotorBSP_bsp//libhal_bsp.a(altera_avalon_jtag_uart_read.o)
                0x0000000000020b54                altera_avalon_jtag_uart_read
 .text          0x0000000000020d70      0x224 ../StepMotorBSP_bsp//libhal_bsp.a(altera_avalon_jtag_uart_write.o)
                0x0000000000020d70                altera_avalon_jtag_uart_write
 .text          0x0000000000020f94      0x140 ../StepMotorBSP_bsp//libhal_bsp.a(alt_alarm_start.o)
                0x0000000000020f94                alt_alarm_start
 .text          0x00000000000210d4      0x158 ../StepMotorBSP_bsp//libhal_bsp.a(alt_busy_sleep.o)
                0x00000000000210d4                alt_busy_sleep
 .text          0x000000000002122c      0x128 ../StepMotorBSP_bsp//libhal_bsp.a(alt_close.o)
                0x000000000002127c                close
 .text          0x0000000000021354       0x20 ../StepMotorBSP_bsp//libhal_bsp.a(alt_dcache_flush_all.o)
                0x0000000000021354                alt_dcache_flush_all
 .text          0x0000000000021374       0x2c ../StepMotorBSP_bsp//libhal_bsp.a(alt_dev.o)
 .text          0x00000000000213a0       0xf4 ../StepMotorBSP_bsp//libhal_bsp.a(alt_dev_llist_insert.o)
                0x00000000000213f0                alt_dev_llist_insert
 .text          0x0000000000021494       0x60 ../StepMotorBSP_bsp//libhal_bsp.a(alt_do_ctors.o)
                0x0000000000021494                _do_ctors
 .text          0x00000000000214f4       0x60 ../StepMotorBSP_bsp//libhal_bsp.a(alt_do_dtors.o)
                0x00000000000214f4                _do_dtors
 .text          0x0000000000021554        0x0 ../StepMotorBSP_bsp//libhal_bsp.a(alt_errno.o)
 .text          0x0000000000021554       0x20 ../StepMotorBSP_bsp//libhal_bsp.a(alt_icache_flush_all.o)
                0x0000000000021554                alt_icache_flush_all
 .text          0x0000000000021574      0x1e0 ../StepMotorBSP_bsp//libhal_bsp.a(alt_iic.o)
                0x0000000000021574                alt_ic_isr_register
                0x00000000000215c4                alt_ic_irq_enable
                0x0000000000021664                alt_ic_irq_disable
                0x0000000000021708                alt_ic_irq_enabled
 .text          0x0000000000021754       0xf0 ../StepMotorBSP_bsp//libhal_bsp.a(alt_iic_isr_register.o)
                0x0000000000021754                alt_iic_isr_register
 .text          0x0000000000021844      0x160 ../StepMotorBSP_bsp//libhal_bsp.a(alt_io_redirect.o)
                0x0000000000021928                alt_io_redirect
 .text          0x00000000000219a4        0x0 ../StepMotorBSP_bsp//libhal_bsp.a(alt_irq_entry.o)
 .text          0x00000000000219a4        0x0 ../StepMotorBSP_bsp//libhal_bsp.a(alt_irq_handler.o)
 .text          0x00000000000219a4        0x0 ../StepMotorBSP_bsp//libhal_bsp.a(alt_irq_vars.o)
 .text          0x00000000000219a4      0x2a4 ../StepMotorBSP_bsp//libhal_bsp.a(alt_open.o)
                0x0000000000021ae8                open
 .text          0x0000000000021c48       0x84 ../StepMotorBSP_bsp//libhal_bsp.a(alt_release_fd.o)
                0x0000000000021c48                alt_release_fd
 .text          0x0000000000021ccc      0x1a4 ../StepMotorBSP_bsp//libhal_bsp.a(alt_tick.o)
                0x0000000000021ccc                alt_alarm_stop
                0x0000000000021d68                alt_tick
 .text          0x0000000000021e70       0x24 ../StepMotorBSP_bsp//libhal_bsp.a(altera_nios2_gen2_irq.o)
                0x0000000000021e70                altera_nios2_gen2_irq_init
 .text          0x0000000000021e94        0x0 ../StepMotorBSP_bsp//libhal_bsp.a(alt_exception_entry.o)
 .text          0x0000000000021e94       0x90 ../StepMotorBSP_bsp//libhal_bsp.a(alt_find_dev.o)
                0x0000000000021e94                alt_find_dev
 .text          0x0000000000021f24      0x114 ../StepMotorBSP_bsp//libhal_bsp.a(alt_find_file.o)
                0x0000000000021f24                alt_find_file
 .text          0x0000000000022038       0xd4 ../StepMotorBSP_bsp//libhal_bsp.a(alt_get_fd.o)
                0x0000000000022038                alt_get_fd
 .text          0x000000000002210c       0x9c ../StepMotorBSP_bsp//libhal_bsp.a(alt_instruction_exception_entry.o)
                0x000000000002210c                alt_exception_cause_generated_bad_addr
 .text          0x00000000000221a8        0x0 /home/ge/altera_lite/16.0/nios2eds/bin/gnu/H-x86_64-pc-linux-gnu/bin/../lib/gcc/nios2-elf/5.2.0/../../../../../H-x86_64-pc-linux-gnu/nios2-elf/lib/mno-hw-mul/libc.a(lib_a-atexit.o)
 .text.atexit   0x00000000000221a8       0x14 /home/ge/altera_lite/16.0/nios2eds/bin/gnu/H-x86_64-pc-linux-gnu/bin/../lib/gcc/nios2-elf/5.2.0/../../../../../H-x86_64-pc-linux-gnu/nios2-elf/lib/mno-hw-mul/libc.a(lib_a-atexit.o)
                0x00000000000221a8                atexit
 .text          0x00000000000221bc        0x0 /home/ge/altera_lite/16.0/nios2eds/bin/gnu/H-x86_64-pc-linux-gnu/bin/../lib/gcc/nios2-elf/5.2.0/../../../../../H-x86_64-pc-linux-gnu/nios2-elf/lib/mno-hw-mul/libc.a(lib_a-exit.o)
 .text.exit     0x00000000000221bc       0x38 /home/ge/altera_lite/16.0/nios2eds/bin/gnu/H-x86_64-pc-linux-gnu/bin/../lib/gcc/nios2-elf/5.2.0/../../../../../H-x86_64-pc-linux-gnu/nios2-elf/lib/mno-hw-mul/libc.a(lib_a-exit.o)
                0x00000000000221bc                exit
 .text          0x00000000000221f4        0x0 /home/ge/altera_lite/16.0/nios2eds/bin/gnu/H-x86_64-pc-linux-gnu/bin/../lib/gcc/nios2-elf/5.2.0/../../../../../H-x86_64-pc-linux-gnu/nios2-elf/lib/mno-hw-mul/libc.a(lib_a-impure.o)
 .text          0x00000000000221f4        0x0 /home/ge/altera_lite/16.0/nios2eds/bin/gnu/H-x86_64-pc-linux-gnu/bin/../lib/gcc/nios2-elf/5.2.0/../../../../../H-x86_64-pc-linux-gnu/nios2-elf/lib/mno-hw-mul/libc.a(lib_a-int_errno.o)
 .text          0x00000000000221f4        0x0 /home/ge/altera_lite/16.0/nios2eds/bin/gnu/H-x86_64-pc-linux-gnu/bin/../lib/gcc/nios2-elf/5.2.0/../../../../../H-x86_64-pc-linux-gnu/nios2-elf/lib/mno-hw-mul/libc.a(lib_a-memcmp.o)
 .text.memcmp   0x00000000000221f4       0x7c /home/ge/altera_lite/16.0/nios2eds/bin/gnu/H-x86_64-pc-linux-gnu/bin/../lib/gcc/nios2-elf/5.2.0/../../../../../H-x86_64-pc-linux-gnu/nios2-elf/lib/mno-hw-mul/libc.a(lib_a-memcmp.o)
                0x00000000000221f4                memcmp
 .text          0x0000000000022270        0x0 /home/ge/altera_lite/16.0/nios2eds/bin/gnu/H-x86_64-pc-linux-gnu/bin/../lib/gcc/nios2-elf/5.2.0/../../../../../H-x86_64-pc-linux-gnu/nios2-elf/lib/mno-hw-mul/libc.a(lib_a-memcpy.o)
 .text.memcpy   0x0000000000022270      0x148 /home/ge/altera_lite/16.0/nios2eds/bin/gnu/H-x86_64-pc-linux-gnu/bin/../lib/gcc/nios2-elf/5.2.0/../../../../../H-x86_64-pc-linux-gnu/nios2-elf/lib/mno-hw-mul/libc.a(lib_a-memcpy.o)
                0x0000000000022270                memcpy
 .text          0x00000000000223b8        0x0 /home/ge/altera_lite/16.0/nios2eds/bin/gnu/H-x86_64-pc-linux-gnu/bin/../lib/gcc/nios2-elf/5.2.0/../../../../../H-x86_64-pc-linux-gnu/nios2-elf/lib/mno-hw-mul/libc.a(lib_a-strlen.o)
 .text.strlen   0x00000000000223b8       0x98 /home/ge/altera_lite/16.0/nios2eds/bin/gnu/H-x86_64-pc-linux-gnu/bin/../lib/gcc/nios2-elf/5.2.0/../../../../../H-x86_64-pc-linux-gnu/nios2-elf/lib/mno-hw-mul/libc.a(lib_a-strlen.o)
                0x00000000000223b8                strlen
 .text          0x0000000000022450        0x0 /home/ge/altera_lite/16.0/nios2eds/bin/gnu/H-x86_64-pc-linux-gnu/bin/../lib/gcc/nios2-elf/5.2.0/../../../../../H-x86_64-pc-linux-gnu/nios2-elf/lib/mno-hw-mul/libc.a(lib_a-__atexit.o)
 .text.__register_exitproc
                0x0000000000022450      0x118 /home/ge/altera_lite/16.0/nios2eds/bin/gnu/H-x86_64-pc-linux-gnu/bin/../lib/gcc/nios2-elf/5.2.0/../../../../../H-x86_64-pc-linux-gnu/nios2-elf/lib/mno-hw-mul/libc.a(lib_a-__atexit.o)
                0x0000000000022450                __register_exitproc
 .text          0x0000000000022568        0x0 /home/ge/altera_lite/16.0/nios2eds/bin/gnu/H-x86_64-pc-linux-gnu/bin/../lib/gcc/nios2-elf/5.2.0/../../../../../H-x86_64-pc-linux-gnu/nios2-elf/lib/mno-hw-mul/libc.a(lib_a-__call_atexit.o)
 .text.__call_exitprocs
                0x0000000000022568      0x180 /home/ge/altera_lite/16.0/nios2eds/bin/gnu/H-x86_64-pc-linux-gnu/bin/../lib/gcc/nios2-elf/5.2.0/../../../../../H-x86_64-pc-linux-gnu/nios2-elf/lib/mno-hw-mul/libc.a(lib_a-__call_atexit.o)
                0x0000000000022568                __call_exitprocs
 .text          0x00000000000226e8      0x1b4 /home/ge/altera_lite/16.0/nios2eds/bin/gnu/H-x86_64-pc-linux-gnu/bin/../lib/gcc/nios2-elf/5.2.0/mno-hw-mul/libgcc.a(lib2-divmod.o)
                0x00000000000226e8                __divsi3
                0x000000000002276c                __modsi3
                0x00000000000227e0                __udivsi3
                0x0000000000022844                __umodsi3
 .text          0x000000000002289c       0x28 /home/ge/altera_lite/16.0/nios2eds/bin/gnu/H-x86_64-pc-linux-gnu/bin/../lib/gcc/nios2-elf/5.2.0/mno-hw-mul/libgcc.a(lib2-mul.o)
                0x000000000002289c                __mulsi3
 .text          0x00000000000228c4       0x34 ../StepMotorBSP_bsp//libhal_bsp.a(alt_exit.o)
                0x00000000000228c4                _exit
 *(.gnu.warning.*)
 *(.fini)
                [!provide]                        PROVIDE (__etext, ABSOLUTE (.))
                [!provide]                        PROVIDE (_etext, ABSOLUTE (.))
                [!provide]                        PROVIDE (etext, ABSOLUTE (.))
 *(.eh_frame_hdr)
                0x00000000000228f8                . = ALIGN (0x4)
                [!provide]                        PROVIDE (__preinit_array_start, ABSOLUTE (.))
 *(.preinit_array)
                [!provide]                        PROVIDE (__preinit_array_end, ABSOLUTE (.))
                [!provide]                        PROVIDE (__init_array_start, ABSOLUTE (.))
 *(.init_array)
                [!provide]                        PROVIDE (__init_array_end, ABSOLUTE (.))
                [!provide]                        PROVIDE (__fini_array_start, ABSOLUTE (.))
 *(.fini_array)
                [!provide]                        PROVIDE (__fini_array_end, ABSOLUTE (.))
 *(.eh_frame)
 *(.gcc_except_table .gcc_except_table.*)
 *(.dynamic)
                0x00000000000228f8                PROVIDE (__CTOR_LIST__, ABSOLUTE (.))
 *(.ctors)
 *(SORT(.ctors.*))
                0x00000000000228f8                PROVIDE (__CTOR_END__, ABSOLUTE (.))
                0x00000000000228f8                PROVIDE (__DTOR_LIST__, ABSOLUTE (.))
 *(.dtors)
 *(SORT(.dtors.*))
                0x00000000000228f8                PROVIDE (__DTOR_END__, ABSOLUTE (.))
 *(.jcr)
                0x00000000000228f8                . = ALIGN (0x4)

.rodata         0x00000000000228f8       0x38
                0x00000000000228f8                PROVIDE (__ram_rodata_start, ABSOLUTE (.))
                0x00000000000228f8                . = ALIGN (0x4)
 *(.rodata .rodata.* .gnu.linkonce.r.*)
 .rodata        0x00000000000228f8       0x11 ../StepMotorBSP_bsp//libhal_bsp.a(alt_main.o)
 *fill*         0x0000000000022909        0x3 
 .rodata        0x000000000002290c       0x11 ../StepMotorBSP_bsp//libhal_bsp.a(alt_sys_init.o)
 *fill*         0x000000000002291d        0x3 
 .rodata        0x0000000000022920        0xa ../StepMotorBSP_bsp//libhal_bsp.a(alt_dev.o)
 *fill*         0x000000000002292a        0x2 
 .rodata.str1.4
                0x000000000002292c        0x4 /home/ge/altera_lite/16.0/nios2eds/bin/gnu/H-x86_64-pc-linux-gnu/bin/../lib/gcc/nios2-elf/5.2.0/../../../../../H-x86_64-pc-linux-gnu/nios2-elf/lib/mno-hw-mul/libc.a(lib_a-impure.o)
                                          0x2 (size before relaxing)
 *(.rodata1)
                0x0000000000022930                . = ALIGN (0x4)
                0x0000000000022930                PROVIDE (__ram_rodata_end, ABSOLUTE (.))
                0x00000000000228f8                PROVIDE (__flash_rodata_start, LOADADDR (.rodata))

.rwdata         0x0000000000022930     0x1658 load address 0x0000000000023f88
                0x0000000000022930                PROVIDE (__ram_rwdata_start, ABSOLUTE (.))
                0x0000000000022930                . = ALIGN (0x4)
 *(.got.plt)
 *(.got)
 *(.data1)
 *(.data .data.* .gnu.linkonce.d.*)
 .data          0x0000000000022930        0x0 ../StepMotorBSP_bsp//obj/HAL/src/crt0.o
 .data          0x0000000000022930        0x0 obj/default/hello_world.o
 .data          0x0000000000022930        0x0 ../StepMotorBSP_bsp//libhal_bsp.a(alt_load.o)
 .data          0x0000000000022930        0x0 ../StepMotorBSP_bsp//libhal_bsp.a(alt_main.o)
 .data          0x0000000000022930        0x0 ../StepMotorBSP_bsp//libhal_bsp.a(alt_usleep.o)
 .data          0x0000000000022930     0x1060 ../StepMotorBSP_bsp//libhal_bsp.a(alt_sys_init.o)
 .data          0x0000000000023990        0x0 ../StepMotorBSP_bsp//libhal_bsp.a(altera_avalon_jtag_uart_fd.o)
 .data          0x0000000000023990        0x0 ../StepMotorBSP_bsp//libhal_bsp.a(altera_avalon_jtag_uart_init.o)
 .data          0x0000000000023990        0x0 ../StepMotorBSP_bsp//libhal_bsp.a(altera_avalon_jtag_uart_ioctl.o)
 .data          0x0000000000023990        0x0 ../StepMotorBSP_bsp//libhal_bsp.a(altera_avalon_jtag_uart_read.o)
 .data          0x0000000000023990        0x0 ../StepMotorBSP_bsp//libhal_bsp.a(altera_avalon_jtag_uart_write.o)
 .data          0x0000000000023990        0x0 ../StepMotorBSP_bsp//libhal_bsp.a(alt_alarm_start.o)
 .data          0x0000000000023990        0x0 ../StepMotorBSP_bsp//libhal_bsp.a(alt_busy_sleep.o)
 .data          0x0000000000023990        0x0 ../StepMotorBSP_bsp//libhal_bsp.a(alt_close.o)
 .data          0x0000000000023990        0x0 ../StepMotorBSP_bsp//libhal_bsp.a(alt_dcache_flush_all.o)
 .data          0x0000000000023990      0x1a8 ../StepMotorBSP_bsp//libhal_bsp.a(alt_dev.o)
                0x0000000000023990                alt_dev_null
                0x00000000000239b8                alt_fd_list
 .data          0x0000000000023b38        0x0 ../StepMotorBSP_bsp//libhal_bsp.a(alt_dev_llist_insert.o)
 .data          0x0000000000023b38        0x0 ../StepMotorBSP_bsp//libhal_bsp.a(alt_do_ctors.o)
 .data          0x0000000000023b38        0x0 ../StepMotorBSP_bsp//libhal_bsp.a(alt_do_dtors.o)
 .data          0x0000000000023b38        0x0 ../StepMotorBSP_bsp//libhal_bsp.a(alt_errno.o)
 .data          0x0000000000023b38        0x0 ../StepMotorBSP_bsp//libhal_bsp.a(alt_icache_flush_all.o)
 .data          0x0000000000023b38        0x0 ../StepMotorBSP_bsp//libhal_bsp.a(alt_iic.o)
 .data          0x0000000000023b38        0x0 ../StepMotorBSP_bsp//libhal_bsp.a(alt_iic_isr_register.o)
 .data          0x0000000000023b38        0x0 ../StepMotorBSP_bsp//libhal_bsp.a(alt_io_redirect.o)
 .data          0x0000000000023b38        0x0 ../StepMotorBSP_bsp//libhal_bsp.a(alt_irq_entry.o)
 .data          0x0000000000023b38        0x0 ../StepMotorBSP_bsp//libhal_bsp.a(alt_irq_handler.o)
 .data          0x0000000000023b38        0x0 ../StepMotorBSP_bsp//libhal_bsp.a(alt_irq_vars.o)
 .data          0x0000000000023b38        0x0 ../StepMotorBSP_bsp//libhal_bsp.a(alt_open.o)
 .data          0x0000000000023b38        0x0 ../StepMotorBSP_bsp//libhal_bsp.a(alt_release_fd.o)
 .data          0x0000000000023b38        0x0 ../StepMotorBSP_bsp//libhal_bsp.a(alt_tick.o)
 .data          0x0000000000023b38        0x0 ../StepMotorBSP_bsp//libhal_bsp.a(altera_nios2_gen2_irq.o)
 .data          0x0000000000023b38        0x0 ../StepMotorBSP_bsp//libhal_bsp.a(alt_exception_entry.o)
 .data          0x0000000000023b38        0x0 ../StepMotorBSP_bsp//libhal_bsp.a(alt_find_dev.o)
 .data          0x0000000000023b38        0x0 ../StepMotorBSP_bsp//libhal_bsp.a(alt_find_file.o)
 .data          0x0000000000023b38        0x0 ../StepMotorBSP_bsp//libhal_bsp.a(alt_get_fd.o)
 .data          0x0000000000023b38        0x0 ../StepMotorBSP_bsp//libhal_bsp.a(alt_instruction_exception_entry.o)
 .data          0x0000000000023b38        0x0 /home/ge/altera_lite/16.0/nios2eds/bin/gnu/H-x86_64-pc-linux-gnu/bin/../lib/gcc/nios2-elf/5.2.0/../../../../../H-x86_64-pc-linux-gnu/nios2-elf/lib/mno-hw-mul/libc.a(lib_a-atexit.o)
 .data          0x0000000000023b38        0x0 /home/ge/altera_lite/16.0/nios2eds/bin/gnu/H-x86_64-pc-linux-gnu/bin/../lib/gcc/nios2-elf/5.2.0/../../../../../H-x86_64-pc-linux-gnu/nios2-elf/lib/mno-hw-mul/libc.a(lib_a-exit.o)
 .data          0x0000000000023b38        0x0 /home/ge/altera_lite/16.0/nios2eds/bin/gnu/H-x86_64-pc-linux-gnu/bin/../lib/gcc/nios2-elf/5.2.0/../../../../../H-x86_64-pc-linux-gnu/nios2-elf/lib/mno-hw-mul/libc.a(lib_a-impure.o)
 .data.impure_data
                0x0000000000023b38      0x424 /home/ge/altera_lite/16.0/nios2eds/bin/gnu/H-x86_64-pc-linux-gnu/bin/../lib/gcc/nios2-elf/5.2.0/../../../../../H-x86_64-pc-linux-gnu/nios2-elf/lib/mno-hw-mul/libc.a(lib_a-impure.o)
 .data          0x0000000000023f5c        0x0 /home/ge/altera_lite/16.0/nios2eds/bin/gnu/H-x86_64-pc-linux-gnu/bin/../lib/gcc/nios2-elf/5.2.0/../../../../../H-x86_64-pc-linux-gnu/nios2-elf/lib/mno-hw-mul/libc.a(lib_a-int_errno.o)
 .data          0x0000000000023f5c        0x0 /home/ge/altera_lite/16.0/nios2eds/bin/gnu/H-x86_64-pc-linux-gnu/bin/../lib/gcc/nios2-elf/5.2.0/../../../../../H-x86_64-pc-linux-gnu/nios2-elf/lib/mno-hw-mul/libc.a(lib_a-memcmp.o)
 .data          0x0000000000023f5c        0x0 /home/ge/altera_lite/16.0/nios2eds/bin/gnu/H-x86_64-pc-linux-gnu/bin/../lib/gcc/nios2-elf/5.2.0/../../../../../H-x86_64-pc-linux-gnu/nios2-elf/lib/mno-hw-mul/libc.a(lib_a-memcpy.o)
 .data          0x0000000000023f5c        0x0 /home/ge/altera_lite/16.0/nios2eds/bin/gnu/H-x86_64-pc-linux-gnu/bin/../lib/gcc/nios2-elf/5.2.0/../../../../../H-x86_64-pc-linux-gnu/nios2-elf/lib/mno-hw-mul/libc.a(lib_a-strlen.o)
 .data          0x0000000000023f5c        0x0 /home/ge/altera_lite/16.0/nios2eds/bin/gnu/H-x86_64-pc-linux-gnu/bin/../lib/gcc/nios2-elf/5.2.0/../../../../../H-x86_64-pc-linux-gnu/nios2-elf/lib/mno-hw-mul/libc.a(lib_a-__atexit.o)
 .data          0x0000000000023f5c        0x0 /home/ge/altera_lite/16.0/nios2eds/bin/gnu/H-x86_64-pc-linux-gnu/bin/../lib/gcc/nios2-elf/5.2.0/../../../../../H-x86_64-pc-linux-gnu/nios2-elf/lib/mno-hw-mul/libc.a(lib_a-__call_atexit.o)
 .data          0x0000000000023f5c        0x0 /home/ge/altera_lite/16.0/nios2eds/bin/gnu/H-x86_64-pc-linux-gnu/bin/../lib/gcc/nios2-elf/5.2.0/mno-hw-mul/libgcc.a(lib2-divmod.o)
 .data          0x0000000000023f5c        0x0 /home/ge/altera_lite/16.0/nios2eds/bin/gnu/H-x86_64-pc-linux-gnu/bin/../lib/gcc/nios2-elf/5.2.0/mno-hw-mul/libgcc.a(lib2-mul.o)
 .data          0x0000000000023f5c        0x0 ../StepMotorBSP_bsp//libhal_bsp.a(alt_exit.o)
                0x000000000002bf5c                _gp = ABSOLUTE ((. + 0x8000))
                [!provide]                        PROVIDE (gp, _gp)
 *(.rwdata .rwdata.*)
 *(.sdata .sdata.* .gnu.linkonce.s.*)
 .sdata         0x0000000000023f5c       0x14 ../StepMotorBSP_bsp//libhal_bsp.a(alt_dev.o)
                0x0000000000023f5c                alt_fs_list
                0x0000000000023f64                alt_dev_list
                0x0000000000023f6c                alt_max_fd
 .sdata         0x0000000000023f70        0x4 ../StepMotorBSP_bsp//libhal_bsp.a(alt_errno.o)
                0x0000000000023f70                alt_errno
 .sdata         0x0000000000023f74        0x4 ../StepMotorBSP_bsp//libhal_bsp.a(alt_irq_vars.o)
                0x0000000000023f74                alt_priority_mask
 .sdata         0x0000000000023f78        0x8 ../StepMotorBSP_bsp//libhal_bsp.a(alt_tick.o)
                0x0000000000023f78                alt_alarm_list
 .sdata._global_impure_ptr
                0x0000000000023f80        0x4 /home/ge/altera_lite/16.0/nios2eds/bin/gnu/H-x86_64-pc-linux-gnu/bin/../lib/gcc/nios2-elf/5.2.0/../../../../../H-x86_64-pc-linux-gnu/nios2-elf/lib/mno-hw-mul/libc.a(lib_a-impure.o)
                0x0000000000023f80                _global_impure_ptr
 .sdata._impure_ptr
                0x0000000000023f84        0x4 /home/ge/altera_lite/16.0/nios2eds/bin/gnu/H-x86_64-pc-linux-gnu/bin/../lib/gcc/nios2-elf/5.2.0/../../../../../H-x86_64-pc-linux-gnu/nios2-elf/lib/mno-hw-mul/libc.a(lib_a-impure.o)
                0x0000000000023f84                _impure_ptr
 *(.sdata2 .sdata2.* .gnu.linkonce.s2.*)
                0x0000000000023f88                . = ALIGN (0x4)
                0x0000000000023f88                _edata = ABSOLUTE (.)
                [!provide]                        PROVIDE (edata, ABSOLUTE (.))
                0x0000000000023f88                PROVIDE (__ram_rwdata_end, ABSOLUTE (.))
                0x0000000000023f88                PROVIDE (__flash_rwdata_start, LOADADDR (.rwdata))

.bss            0x00000000000255e0      0x120
                0x00000000000255e0                __bss_start = ABSOLUTE (.)
                [!provide]                        PROVIDE (__sbss_start, ABSOLUTE (.))
                [!provide]                        PROVIDE (___sbss_start, ABSOLUTE (.))
 *(.dynsbss)
 *(.sbss .sbss.* .gnu.linkonce.sb.*)
 .sbss          0x00000000000255e0        0xc ../StepMotorBSP_bsp//libhal_bsp.a(alt_main.o)
                0x00000000000255e0                alt_argc
                0x00000000000255e4                alt_argv
                0x00000000000255e8                alt_envp
 .sbss          0x00000000000255ec        0x4 ../StepMotorBSP_bsp//libhal_bsp.a(alt_irq_vars.o)
                0x00000000000255ec                alt_irq_active
 .sbss          0x00000000000255f0        0x8 ../StepMotorBSP_bsp//libhal_bsp.a(alt_tick.o)
                0x00000000000255f0                _alt_tick_rate
                0x00000000000255f4                _alt_nticks
 .sbss          0x00000000000255f8        0x4 ../StepMotorBSP_bsp//libhal_bsp.a(alt_instruction_exception_entry.o)
                0x00000000000255f8                alt_instruction_exception_handler
 .sbss          0x00000000000255fc        0x4 /home/ge/altera_lite/16.0/nios2eds/bin/gnu/H-x86_64-pc-linux-gnu/bin/../lib/gcc/nios2-elf/5.2.0/../../../../../H-x86_64-pc-linux-gnu/nios2-elf/lib/mno-hw-mul/libc.a(lib_a-int_errno.o)
                0x00000000000255fc                errno
 *(.sbss2 .sbss2.* .gnu.linkonce.sb2.*)
 *(.scommon)
                [!provide]                        PROVIDE (__sbss_end, ABSOLUTE (.))
                [!provide]                        PROVIDE (___sbss_end, ABSOLUTE (.))
 *(.dynbss)
 *(.bss .bss.* .gnu.linkonce.b.*)
 .bss           0x0000000000025600        0x0 ../StepMotorBSP_bsp//obj/HAL/src/crt0.o
 .bss           0x0000000000025600        0x0 obj/default/hello_world.o
 .bss           0x0000000000025600        0x0 ../StepMotorBSP_bsp//libhal_bsp.a(alt_load.o)
 .bss           0x0000000000025600        0x0 ../StepMotorBSP_bsp//libhal_bsp.a(alt_main.o)
 .bss           0x0000000000025600        0x0 ../StepMotorBSP_bsp//libhal_bsp.a(alt_usleep.o)
 .bss           0x0000000000025600        0x0 ../StepMotorBSP_bsp//libhal_bsp.a(alt_sys_init.o)
 .bss           0x0000000000025600        0x0 ../StepMotorBSP_bsp//libhal_bsp.a(altera_avalon_jtag_uart_fd.o)
 .bss           0x0000000000025600        0x0 ../StepMotorBSP_bsp//libhal_bsp.a(altera_avalon_jtag_uart_init.o)
 .bss           0x0000000000025600        0x0 ../StepMotorBSP_bsp//libhal_bsp.a(altera_avalon_jtag_uart_ioctl.o)
 .bss           0x0000000000025600        0x0 ../StepMotorBSP_bsp//libhal_bsp.a(altera_avalon_jtag_uart_read.o)
 .bss           0x0000000000025600        0x0 ../StepMotorBSP_bsp//libhal_bsp.a(altera_avalon_jtag_uart_write.o)
 .bss           0x0000000000025600        0x0 ../StepMotorBSP_bsp//libhal_bsp.a(alt_alarm_start.o)
 .bss           0x0000000000025600        0x0 ../StepMotorBSP_bsp//libhal_bsp.a(alt_busy_sleep.o)
 .bss           0x0000000000025600        0x0 ../StepMotorBSP_bsp//libhal_bsp.a(alt_close.o)
 .bss           0x0000000000025600        0x0 ../StepMotorBSP_bsp//libhal_bsp.a(alt_dcache_flush_all.o)
 .bss           0x0000000000025600        0x0 ../StepMotorBSP_bsp//libhal_bsp.a(alt_dev.o)
 .bss           0x0000000000025600        0x0 ../StepMotorBSP_bsp//libhal_bsp.a(alt_dev_llist_insert.o)
 .bss           0x0000000000025600        0x0 ../StepMotorBSP_bsp//libhal_bsp.a(alt_do_ctors.o)
 .bss           0x0000000000025600        0x0 ../StepMotorBSP_bsp//libhal_bsp.a(alt_do_dtors.o)
 .bss           0x0000000000025600        0x0 ../StepMotorBSP_bsp//libhal_bsp.a(alt_errno.o)
 .bss           0x0000000000025600        0x0 ../StepMotorBSP_bsp//libhal_bsp.a(alt_icache_flush_all.o)
 .bss           0x0000000000025600        0x0 ../StepMotorBSP_bsp//libhal_bsp.a(alt_iic.o)
 .bss           0x0000000000025600        0x0 ../StepMotorBSP_bsp//libhal_bsp.a(alt_iic_isr_register.o)
 .bss           0x0000000000025600        0x0 ../StepMotorBSP_bsp//libhal_bsp.a(alt_io_redirect.o)
 .bss           0x0000000000025600        0x0 ../StepMotorBSP_bsp//libhal_bsp.a(alt_irq_entry.o)
 .bss           0x0000000000025600        0x0 ../StepMotorBSP_bsp//libhal_bsp.a(alt_irq_handler.o)
 .bss           0x0000000000025600        0x0 ../StepMotorBSP_bsp//libhal_bsp.a(alt_irq_vars.o)
 .bss           0x0000000000025600        0x0 ../StepMotorBSP_bsp//libhal_bsp.a(alt_open.o)
 .bss           0x0000000000025600        0x0 ../StepMotorBSP_bsp//libhal_bsp.a(alt_release_fd.o)
 .bss           0x0000000000025600        0x0 ../StepMotorBSP_bsp//libhal_bsp.a(alt_tick.o)
 .bss           0x0000000000025600        0x0 ../StepMotorBSP_bsp//libhal_bsp.a(altera_nios2_gen2_irq.o)
 .bss           0x0000000000025600        0x0 ../StepMotorBSP_bsp//libhal_bsp.a(alt_exception_entry.o)
 .bss           0x0000000000025600        0x0 ../StepMotorBSP_bsp//libhal_bsp.a(alt_find_dev.o)
 .bss           0x0000000000025600        0x0 ../StepMotorBSP_bsp//libhal_bsp.a(alt_find_file.o)
 .bss           0x0000000000025600        0x0 ../StepMotorBSP_bsp//libhal_bsp.a(alt_get_fd.o)
 .bss           0x0000000000025600        0x0 ../StepMotorBSP_bsp//libhal_bsp.a(alt_instruction_exception_entry.o)
 .bss           0x0000000000025600        0x0 /home/ge/altera_lite/16.0/nios2eds/bin/gnu/H-x86_64-pc-linux-gnu/bin/../lib/gcc/nios2-elf/5.2.0/../../../../../H-x86_64-pc-linux-gnu/nios2-elf/lib/mno-hw-mul/libc.a(lib_a-atexit.o)
 .bss           0x0000000000025600        0x0 /home/ge/altera_lite/16.0/nios2eds/bin/gnu/H-x86_64-pc-linux-gnu/bin/../lib/gcc/nios2-elf/5.2.0/../../../../../H-x86_64-pc-linux-gnu/nios2-elf/lib/mno-hw-mul/libc.a(lib_a-exit.o)
 .bss           0x0000000000025600        0x0 /home/ge/altera_lite/16.0/nios2eds/bin/gnu/H-x86_64-pc-linux-gnu/bin/../lib/gcc/nios2-elf/5.2.0/../../../../../H-x86_64-pc-linux-gnu/nios2-elf/lib/mno-hw-mul/libc.a(lib_a-impure.o)
 .bss           0x0000000000025600        0x0 /home/ge/altera_lite/16.0/nios2eds/bin/gnu/H-x86_64-pc-linux-gnu/bin/../lib/gcc/nios2-elf/5.2.0/../../../../../H-x86_64-pc-linux-gnu/nios2-elf/lib/mno-hw-mul/libc.a(lib_a-int_errno.o)
 .bss           0x0000000000025600        0x0 /home/ge/altera_lite/16.0/nios2eds/bin/gnu/H-x86_64-pc-linux-gnu/bin/../lib/gcc/nios2-elf/5.2.0/../../../../../H-x86_64-pc-linux-gnu/nios2-elf/lib/mno-hw-mul/libc.a(lib_a-memcmp.o)
 .bss           0x0000000000025600        0x0 /home/ge/altera_lite/16.0/nios2eds/bin/gnu/H-x86_64-pc-linux-gnu/bin/../lib/gcc/nios2-elf/5.2.0/../../../../../H-x86_64-pc-linux-gnu/nios2-elf/lib/mno-hw-mul/libc.a(lib_a-memcpy.o)
 .bss           0x0000000000025600        0x0 /home/ge/altera_lite/16.0/nios2eds/bin/gnu/H-x86_64-pc-linux-gnu/bin/../lib/gcc/nios2-elf/5.2.0/../../../../../H-x86_64-pc-linux-gnu/nios2-elf/lib/mno-hw-mul/libc.a(lib_a-strlen.o)
 .bss           0x0000000000025600        0x0 /home/ge/altera_lite/16.0/nios2eds/bin/gnu/H-x86_64-pc-linux-gnu/bin/../lib/gcc/nios2-elf/5.2.0/../../../../../H-x86_64-pc-linux-gnu/nios2-elf/lib/mno-hw-mul/libc.a(lib_a-__atexit.o)
 .bss           0x0000000000025600        0x0 /home/ge/altera_lite/16.0/nios2eds/bin/gnu/H-x86_64-pc-linux-gnu/bin/../lib/gcc/nios2-elf/5.2.0/../../../../../H-x86_64-pc-linux-gnu/nios2-elf/lib/mno-hw-mul/libc.a(lib_a-__call_atexit.o)
 .bss           0x0000000000025600        0x0 /home/ge/altera_lite/16.0/nios2eds/bin/gnu/H-x86_64-pc-linux-gnu/bin/../lib/gcc/nios2-elf/5.2.0/mno-hw-mul/libgcc.a(lib2-divmod.o)
 .bss           0x0000000000025600        0x0 /home/ge/altera_lite/16.0/nios2eds/bin/gnu/H-x86_64-pc-linux-gnu/bin/../lib/gcc/nios2-elf/5.2.0/mno-hw-mul/libgcc.a(lib2-mul.o)
 .bss           0x0000000000025600        0x0 ../StepMotorBSP_bsp//libhal_bsp.a(alt_exit.o)
 *(COMMON)
 COMMON         0x0000000000025600      0x100 ../StepMotorBSP_bsp//libhal_bsp.a(alt_irq_handler.o)
                0x0000000000025600                alt_irq
                0x0000000000025700                . = ALIGN (0x4)
                0x0000000000025700                __bss_end = ABSOLUTE (.)

.onchip_memory2_1
                0x0000000000025700        0x0
                [!provide]                        PROVIDE (_alt_partition_onchip_memory2_1_start, ABSOLUTE (.))
 *(.onchip_memory2_1 .onchip_memory2_1. onchip_memory2_1.*)
                0x0000000000025700                . = ALIGN (0x4)
                [!provide]                        PROVIDE (_alt_partition_onchip_memory2_1_end, ABSOLUTE (.))
                0x0000000000025700                _end = ABSOLUTE (.)
                0x0000000000025700                end = ABSOLUTE (.)
                0x0000000000025700                __alt_stack_base = ABSOLUTE (.)
                [!provide]                        PROVIDE (_alt_partition_onchip_memory2_1_load_addr, LOADADDR (.onchip_memory2_1))

.onchip_memory2_0
                0x0000000000040000        0x0 load address 0x0000000000025700
                [!provide]                        PROVIDE (_alt_partition_onchip_memory2_0_start, ABSOLUTE (.))
 *(.onchip_memory2_0 .onchip_memory2_0. onchip_memory2_0.*)
                0x0000000000040000                . = ALIGN (0x4)
                [!provide]                        PROVIDE (_alt_partition_onchip_memory2_0_end, ABSOLUTE (.))
                [!provide]                        PROVIDE (_alt_partition_onchip_memory2_0_load_addr, LOADADDR (.onchip_memory2_0))

.stab
 *(.stab)

.stabstr
 *(.stabstr)

.stab.excl
 *(.stab.excl)

.stab.exclstr
 *(.stab.exclstr)

.stab.index
 *(.stab.index)

.stab.indexstr
 *(.stab.indexstr)

.comment        0x0000000000000000       0x23
 *(.comment)
 .comment       0x0000000000000000       0x23 obj/default/hello_world.o
                                         0x24 (size before relaxing)
 .comment       0x0000000000000023       0x24 ../StepMotorBSP_bsp//libhal_bsp.a(alt_load.o)
 .comment       0x0000000000000023       0x24 ../StepMotorBSP_bsp//libhal_bsp.a(alt_main.o)
 .comment       0x0000000000000023       0x24 ../StepMotorBSP_bsp//libhal_bsp.a(alt_usleep.o)
 .comment       0x0000000000000023       0x24 ../StepMotorBSP_bsp//libhal_bsp.a(alt_sys_init.o)
 .comment       0x0000000000000023       0x24 ../StepMotorBSP_bsp//libhal_bsp.a(altera_avalon_jtag_uart_fd.o)
 .comment       0x0000000000000023       0x24 ../StepMotorBSP_bsp//libhal_bsp.a(altera_avalon_jtag_uart_init.o)
 .comment       0x0000000000000023       0x24 ../StepMotorBSP_bsp//libhal_bsp.a(altera_avalon_jtag_uart_ioctl.o)
 .comment       0x0000000000000023       0x24 ../StepMotorBSP_bsp//libhal_bsp.a(altera_avalon_jtag_uart_read.o)
 .comment       0x0000000000000023       0x24 ../StepMotorBSP_bsp//libhal_bsp.a(altera_avalon_jtag_uart_write.o)
 .comment       0x0000000000000023       0x24 ../StepMotorBSP_bsp//libhal_bsp.a(alt_alarm_start.o)
 .comment       0x0000000000000023       0x24 ../StepMotorBSP_bsp//libhal_bsp.a(alt_busy_sleep.o)
 .comment       0x0000000000000023       0x24 ../StepMotorBSP_bsp//libhal_bsp.a(alt_close.o)
 .comment       0x0000000000000023       0x24 ../StepMotorBSP_bsp//libhal_bsp.a(alt_dcache_flush_all.o)
 .comment       0x0000000000000023       0x24 ../StepMotorBSP_bsp//libhal_bsp.a(alt_dev.o)
 .comment       0x0000000000000023       0x24 ../StepMotorBSP_bsp//libhal_bsp.a(alt_dev_llist_insert.o)
 .comment       0x0000000000000023       0x24 ../StepMotorBSP_bsp//libhal_bsp.a(alt_do_ctors.o)
 .comment       0x0000000000000023       0x24 ../StepMotorBSP_bsp//libhal_bsp.a(alt_do_dtors.o)
 .comment       0x0000000000000023       0x24 ../StepMotorBSP_bsp//libhal_bsp.a(alt_errno.o)
 .comment       0x0000000000000023       0x24 ../StepMotorBSP_bsp//libhal_bsp.a(alt_icache_flush_all.o)
 .comment       0x0000000000000023       0x24 ../StepMotorBSP_bsp//libhal_bsp.a(alt_iic.o)
 .comment       0x0000000000000023       0x24 ../StepMotorBSP_bsp//libhal_bsp.a(alt_iic_isr_register.o)
 .comment       0x0000000000000023       0x24 ../StepMotorBSP_bsp//libhal_bsp.a(alt_io_redirect.o)
 .comment       0x0000000000000023       0x24 ../StepMotorBSP_bsp//libhal_bsp.a(alt_irq_handler.o)
 .comment       0x0000000000000023       0x24 ../StepMotorBSP_bsp//libhal_bsp.a(alt_irq_vars.o)
 .comment       0x0000000000000023       0x24 ../StepMotorBSP_bsp//libhal_bsp.a(alt_open.o)
 .comment       0x0000000000000023       0x24 ../StepMotorBSP_bsp//libhal_bsp.a(alt_release_fd.o)
 .comment       0x0000000000000023       0x24 ../StepMotorBSP_bsp//libhal_bsp.a(alt_tick.o)
 .comment       0x0000000000000023       0x24 ../StepMotorBSP_bsp//libhal_bsp.a(altera_nios2_gen2_irq.o)
 .comment       0x0000000000000023       0x24 ../StepMotorBSP_bsp//libhal_bsp.a(alt_find_dev.o)
 .comment       0x0000000000000023       0x24 ../StepMotorBSP_bsp//libhal_bsp.a(alt_find_file.o)
 .comment       0x0000000000000023       0x24 ../StepMotorBSP_bsp//libhal_bsp.a(alt_get_fd.o)
 .comment       0x0000000000000023       0x24 ../StepMotorBSP_bsp//libhal_bsp.a(alt_instruction_exception_entry.o)
 .comment       0x0000000000000023       0x24 /home/ge/altera_lite/16.0/nios2eds/bin/gnu/H-x86_64-pc-linux-gnu/bin/../lib/gcc/nios2-elf/5.2.0/../../../../../H-x86_64-pc-linux-gnu/nios2-elf/lib/mno-hw-mul/libc.a(lib_a-atexit.o)
 .comment       0x0000000000000023       0x24 /home/ge/altera_lite/16.0/nios2eds/bin/gnu/H-x86_64-pc-linux-gnu/bin/../lib/gcc/nios2-elf/5.2.0/../../../../../H-x86_64-pc-linux-gnu/nios2-elf/lib/mno-hw-mul/libc.a(lib_a-exit.o)
 .comment       0x0000000000000023       0x24 /home/ge/altera_lite/16.0/nios2eds/bin/gnu/H-x86_64-pc-linux-gnu/bin/../lib/gcc/nios2-elf/5.2.0/../../../../../H-x86_64-pc-linux-gnu/nios2-elf/lib/mno-hw-mul/libc.a(lib_a-impure.o)
 .comment       0x0000000000000023       0x24 /home/ge/altera_lite/16.0/nios2eds/bin/gnu/H-x86_64-pc-linux-gnu/bin/../lib/gcc/nios2-elf/5.2.0/../../../../../H-x86_64-pc-linux-gnu/nios2-elf/lib/mno-hw-mul/libc.a(lib_a-int_errno.o)
 .comment       0x0000000000000023       0x24 /home/ge/altera_lite/16.0/nios2eds/bin/gnu/H-x86_64-pc-linux-gnu/bin/../lib/gcc/nios2-elf/5.2.0/../../../../../H-x86_64-pc-linux-gnu/nios2-elf/lib/mno-hw-mul/libc.a(lib_a-memcmp.o)
 .comment       0x0000000000000023       0x24 /home/ge/altera_lite/16.0/nios2eds/bin/gnu/H-x86_64-pc-linux-gnu/bin/../lib/gcc/nios2-elf/5.2.0/../../../../../H-x86_64-pc-linux-gnu/nios2-elf/lib/mno-hw-mul/libc.a(lib_a-memcpy.o)
 .comment       0x0000000000000023       0x24 /home/ge/altera_lite/16.0/nios2eds/bin/gnu/H-x86_64-pc-linux-gnu/bin/../lib/gcc/nios2-elf/5.2.0/../../../../../H-x86_64-pc-linux-gnu/nios2-elf/lib/mno-hw-mul/libc.a(lib_a-strlen.o)
 .comment       0x0000000000000023       0x24 /home/ge/altera_lite/16.0/nios2eds/bin/gnu/H-x86_64-pc-linux-gnu/bin/../lib/gcc/nios2-elf/5.2.0/../../../../../H-x86_64-pc-linux-gnu/nios2-elf/lib/mno-hw-mul/libc.a(lib_a-__atexit.o)
 .comment       0x0000000000000023       0x24 /home/ge/altera_lite/16.0/nios2eds/bin/gnu/H-x86_64-pc-linux-gnu/bin/../lib/gcc/nios2-elf/5.2.0/../../../../../H-x86_64-pc-linux-gnu/nios2-elf/lib/mno-hw-mul/libc.a(lib_a-__call_atexit.o)
 .comment       0x0000000000000023       0x24 /home/ge/altera_lite/16.0/nios2eds/bin/gnu/H-x86_64-pc-linux-gnu/bin/../lib/gcc/nios2-elf/5.2.0/mno-hw-mul/libgcc.a(lib2-divmod.o)
 .comment       0x0000000000000023       0x24 /home/ge/altera_lite/16.0/nios2eds/bin/gnu/H-x86_64-pc-linux-gnu/bin/../lib/gcc/nios2-elf/5.2.0/mno-hw-mul/libgcc.a(lib2-mul.o)
 .comment       0x0000000000000023       0x24 ../StepMotorBSP_bsp//libhal_bsp.a(alt_exit.o)

.debug
 *(.debug)

.line
 *(.line)

.debug_srcinfo
 *(.debug_srcinfo)

.debug_sfnames
 *(.debug_sfnames)

.debug_aranges  0x0000000000000000      0x618
 *(.debug_aranges)
 .debug_aranges
                0x0000000000000000       0x28 ../StepMotorBSP_bsp//obj/HAL/src/crt0.o
 .debug_aranges
                0x0000000000000028       0x20 obj/default/hello_world.o
 .debug_aranges
                0x0000000000000048       0x20 ../StepMotorBSP_bsp//libhal_bsp.a(alt_load.o)
 .debug_aranges
                0x0000000000000068       0x20 ../StepMotorBSP_bsp//libhal_bsp.a(alt_main.o)
 .debug_aranges
                0x0000000000000088       0x20 ../StepMotorBSP_bsp//libhal_bsp.a(alt_usleep.o)
 .debug_aranges
                0x00000000000000a8       0x20 ../StepMotorBSP_bsp//libhal_bsp.a(alt_sys_init.o)
 .debug_aranges
                0x00000000000000c8       0x20 ../StepMotorBSP_bsp//libhal_bsp.a(altera_avalon_jtag_uart_fd.o)
 .debug_aranges
                0x00000000000000e8       0x20 ../StepMotorBSP_bsp//libhal_bsp.a(altera_avalon_jtag_uart_init.o)
 .debug_aranges
                0x0000000000000108       0x20 ../StepMotorBSP_bsp//libhal_bsp.a(altera_avalon_jtag_uart_ioctl.o)
 .debug_aranges
                0x0000000000000128       0x20 ../StepMotorBSP_bsp//libhal_bsp.a(altera_avalon_jtag_uart_read.o)
 .debug_aranges
                0x0000000000000148       0x20 ../StepMotorBSP_bsp//libhal_bsp.a(altera_avalon_jtag_uart_write.o)
 .debug_aranges
                0x0000000000000168       0x20 ../StepMotorBSP_bsp//libhal_bsp.a(alt_alarm_start.o)
 .debug_aranges
                0x0000000000000188       0x20 ../StepMotorBSP_bsp//libhal_bsp.a(alt_busy_sleep.o)
 .debug_aranges
                0x00000000000001a8       0x20 ../StepMotorBSP_bsp//libhal_bsp.a(alt_close.o)
 .debug_aranges
                0x00000000000001c8       0x20 ../StepMotorBSP_bsp//libhal_bsp.a(alt_dcache_flush_all.o)
 .debug_aranges
                0x00000000000001e8       0x20 ../StepMotorBSP_bsp//libhal_bsp.a(alt_dev.o)
 .debug_aranges
                0x0000000000000208       0x20 ../StepMotorBSP_bsp//libhal_bsp.a(alt_dev_llist_insert.o)
 .debug_aranges
                0x0000000000000228       0x20 ../StepMotorBSP_bsp//libhal_bsp.a(alt_do_ctors.o)
 .debug_aranges
                0x0000000000000248       0x20 ../StepMotorBSP_bsp//libhal_bsp.a(alt_do_dtors.o)
 .debug_aranges
                0x0000000000000268       0x18 ../StepMotorBSP_bsp//libhal_bsp.a(alt_errno.o)
 .debug_aranges
                0x0000000000000280       0x20 ../StepMotorBSP_bsp//libhal_bsp.a(alt_icache_flush_all.o)
 .debug_aranges
                0x00000000000002a0       0x20 ../StepMotorBSP_bsp//libhal_bsp.a(alt_iic.o)
 .debug_aranges
                0x00000000000002c0       0x20 ../StepMotorBSP_bsp//libhal_bsp.a(alt_iic_isr_register.o)
 .debug_aranges
                0x00000000000002e0       0x20 ../StepMotorBSP_bsp//libhal_bsp.a(alt_io_redirect.o)
 .debug_aranges
                0x0000000000000300       0x30 ../StepMotorBSP_bsp//libhal_bsp.a(alt_irq_entry.o)
 .debug_aranges
                0x0000000000000330       0x20 ../StepMotorBSP_bsp//libhal_bsp.a(alt_irq_handler.o)
 .debug_aranges
                0x0000000000000350       0x18 ../StepMotorBSP_bsp//libhal_bsp.a(alt_irq_vars.o)
 .debug_aranges
                0x0000000000000368       0x20 ../StepMotorBSP_bsp//libhal_bsp.a(alt_open.o)
 .debug_aranges
                0x0000000000000388       0x20 ../StepMotorBSP_bsp//libhal_bsp.a(alt_release_fd.o)
 .debug_aranges
                0x00000000000003a8       0x20 ../StepMotorBSP_bsp//libhal_bsp.a(alt_tick.o)
 .debug_aranges
                0x00000000000003c8       0x20 ../StepMotorBSP_bsp//libhal_bsp.a(altera_nios2_gen2_irq.o)
 .debug_aranges
                0x00000000000003e8       0x38 ../StepMotorBSP_bsp//libhal_bsp.a(alt_exception_entry.o)
 .debug_aranges
                0x0000000000000420       0x20 ../StepMotorBSP_bsp//libhal_bsp.a(alt_find_dev.o)
 .debug_aranges
                0x0000000000000440       0x20 ../StepMotorBSP_bsp//libhal_bsp.a(alt_find_file.o)
 .debug_aranges
                0x0000000000000460       0x20 ../StepMotorBSP_bsp//libhal_bsp.a(alt_get_fd.o)
 .debug_aranges
                0x0000000000000480       0x28 ../StepMotorBSP_bsp//libhal_bsp.a(alt_instruction_exception_entry.o)
 .debug_aranges
                0x00000000000004a8       0x20 /home/ge/altera_lite/16.0/nios2eds/bin/gnu/H-x86_64-pc-linux-gnu/bin/../lib/gcc/nios2-elf/5.2.0/../../../../../H-x86_64-pc-linux-gnu/nios2-elf/lib/mno-hw-mul/libc.a(lib_a-atexit.o)
 .debug_aranges
                0x00000000000004c8       0x20 /home/ge/altera_lite/16.0/nios2eds/bin/gnu/H-x86_64-pc-linux-gnu/bin/../lib/gcc/nios2-elf/5.2.0/../../../../../H-x86_64-pc-linux-gnu/nios2-elf/lib/mno-hw-mul/libc.a(lib_a-exit.o)
 .debug_aranges
                0x00000000000004e8       0x18 /home/ge/altera_lite/16.0/nios2eds/bin/gnu/H-x86_64-pc-linux-gnu/bin/../lib/gcc/nios2-elf/5.2.0/../../../../../H-x86_64-pc-linux-gnu/nios2-elf/lib/mno-hw-mul/libc.a(lib_a-impure.o)
 .debug_aranges
                0x0000000000000500       0x18 /home/ge/altera_lite/16.0/nios2eds/bin/gnu/H-x86_64-pc-linux-gnu/bin/../lib/gcc/nios2-elf/5.2.0/../../../../../H-x86_64-pc-linux-gnu/nios2-elf/lib/mno-hw-mul/libc.a(lib_a-int_errno.o)
 .debug_aranges
                0x0000000000000518       0x20 /home/ge/altera_lite/16.0/nios2eds/bin/gnu/H-x86_64-pc-linux-gnu/bin/../lib/gcc/nios2-elf/5.2.0/../../../../../H-x86_64-pc-linux-gnu/nios2-elf/lib/mno-hw-mul/libc.a(lib_a-memcmp.o)
 .debug_aranges
                0x0000000000000538       0x20 /home/ge/altera_lite/16.0/nios2eds/bin/gnu/H-x86_64-pc-linux-gnu/bin/../lib/gcc/nios2-elf/5.2.0/../../../../../H-x86_64-pc-linux-gnu/nios2-elf/lib/mno-hw-mul/libc.a(lib_a-memcpy.o)
 .debug_aranges
                0x0000000000000558       0x20 /home/ge/altera_lite/16.0/nios2eds/bin/gnu/H-x86_64-pc-linux-gnu/bin/../lib/gcc/nios2-elf/5.2.0/../../../../../H-x86_64-pc-linux-gnu/nios2-elf/lib/mno-hw-mul/libc.a(lib_a-strlen.o)
 .debug_aranges
                0x0000000000000578       0x20 /home/ge/altera_lite/16.0/nios2eds/bin/gnu/H-x86_64-pc-linux-gnu/bin/../lib/gcc/nios2-elf/5.2.0/../../../../../H-x86_64-pc-linux-gnu/nios2-elf/lib/mno-hw-mul/libc.a(lib_a-__atexit.o)
 .debug_aranges
                0x0000000000000598       0x20 /home/ge/altera_lite/16.0/nios2eds/bin/gnu/H-x86_64-pc-linux-gnu/bin/../lib/gcc/nios2-elf/5.2.0/../../../../../H-x86_64-pc-linux-gnu/nios2-elf/lib/mno-hw-mul/libc.a(lib_a-__call_atexit.o)
 .debug_aranges
                0x00000000000005b8       0x20 /home/ge/altera_lite/16.0/nios2eds/bin/gnu/H-x86_64-pc-linux-gnu/bin/../lib/gcc/nios2-elf/5.2.0/mno-hw-mul/libgcc.a(lib2-divmod.o)
 .debug_aranges
                0x00000000000005d8       0x20 /home/ge/altera_lite/16.0/nios2eds/bin/gnu/H-x86_64-pc-linux-gnu/bin/../lib/gcc/nios2-elf/5.2.0/mno-hw-mul/libgcc.a(lib2-mul.o)
 .debug_aranges
                0x00000000000005f8       0x20 ../StepMotorBSP_bsp//libhal_bsp.a(alt_exit.o)

.debug_pubnames
 *(.debug_pubnames)

.debug_info     0x0000000000000000     0x79f9
 *(.debug_info .gnu.linkonce.wi.*)
 .debug_info    0x0000000000000000       0xa3 ../StepMotorBSP_bsp//obj/HAL/src/crt0.o
 .debug_info    0x00000000000000a3       0xcb obj/default/hello_world.o
 .debug_info    0x000000000000016e      0x145 ../StepMotorBSP_bsp//libhal_bsp.a(alt_load.o)
 .debug_info    0x00000000000002b3      0x131 ../StepMotorBSP_bsp//libhal_bsp.a(alt_main.o)
 .debug_info    0x00000000000003e4       0xb0 ../StepMotorBSP_bsp//libhal_bsp.a(alt_usleep.o)
 .debug_info    0x0000000000000494      0x4c3 ../StepMotorBSP_bsp//libhal_bsp.a(alt_sys_init.o)
 .debug_info    0x0000000000000957      0x52e ../StepMotorBSP_bsp//libhal_bsp.a(altera_avalon_jtag_uart_fd.o)
 .debug_info    0x0000000000000e85      0x3a0 ../StepMotorBSP_bsp//libhal_bsp.a(altera_avalon_jtag_uart_init.o)
 .debug_info    0x0000000000001225      0x280 ../StepMotorBSP_bsp//libhal_bsp.a(altera_avalon_jtag_uart_ioctl.o)
 .debug_info    0x00000000000014a5      0x345 ../StepMotorBSP_bsp//libhal_bsp.a(altera_avalon_jtag_uart_read.o)
 .debug_info    0x00000000000017ea      0x340 ../StepMotorBSP_bsp//libhal_bsp.a(altera_avalon_jtag_uart_write.o)
 .debug_info    0x0000000000001b2a      0x2cc ../StepMotorBSP_bsp//libhal_bsp.a(alt_alarm_start.o)
 .debug_info    0x0000000000001df6       0xd7 ../StepMotorBSP_bsp//libhal_bsp.a(alt_busy_sleep.o)
 .debug_info    0x0000000000001ecd      0x321 ../StepMotorBSP_bsp//libhal_bsp.a(alt_close.o)
 .debug_info    0x00000000000021ee       0x92 ../StepMotorBSP_bsp//libhal_bsp.a(alt_dcache_flush_all.o)
 .debug_info    0x0000000000002280      0x49c ../StepMotorBSP_bsp//libhal_bsp.a(alt_dev.o)
 .debug_info    0x000000000000271c      0x1a9 ../StepMotorBSP_bsp//libhal_bsp.a(alt_dev_llist_insert.o)
 .debug_info    0x00000000000028c5       0x83 ../StepMotorBSP_bsp//libhal_bsp.a(alt_do_ctors.o)
 .debug_info    0x0000000000002948       0x83 ../StepMotorBSP_bsp//libhal_bsp.a(alt_do_dtors.o)
 .debug_info    0x00000000000029cb       0xa6 ../StepMotorBSP_bsp//libhal_bsp.a(alt_errno.o)
 .debug_info    0x0000000000002a71       0x92 ../StepMotorBSP_bsp//libhal_bsp.a(alt_icache_flush_all.o)
 .debug_info    0x0000000000002b03      0x350 ../StepMotorBSP_bsp//libhal_bsp.a(alt_iic.o)
 .debug_info    0x0000000000002e53      0x1ef ../StepMotorBSP_bsp//libhal_bsp.a(alt_iic_isr_register.o)
 .debug_info    0x0000000000003042      0x4a5 ../StepMotorBSP_bsp//libhal_bsp.a(alt_io_redirect.o)
 .debug_info    0x00000000000034e7       0xac ../StepMotorBSP_bsp//libhal_bsp.a(alt_irq_entry.o)
 .debug_info    0x0000000000003593      0x187 ../StepMotorBSP_bsp//libhal_bsp.a(alt_irq_handler.o)
 .debug_info    0x000000000000371a       0x88 ../StepMotorBSP_bsp//libhal_bsp.a(alt_irq_vars.o)
 .debug_info    0x00000000000037a2      0x3bb ../StepMotorBSP_bsp//libhal_bsp.a(alt_open.o)
 .debug_info    0x0000000000003b5d      0x2b0 ../StepMotorBSP_bsp//libhal_bsp.a(alt_release_fd.o)
 .debug_info    0x0000000000003e0d      0x299 ../StepMotorBSP_bsp//libhal_bsp.a(alt_tick.o)
 .debug_info    0x00000000000040a6       0x92 ../StepMotorBSP_bsp//libhal_bsp.a(altera_nios2_gen2_irq.o)
 .debug_info    0x0000000000004138       0xb2 ../StepMotorBSP_bsp//libhal_bsp.a(alt_exception_entry.o)
 .debug_info    0x00000000000041ea      0x2e9 ../StepMotorBSP_bsp//libhal_bsp.a(alt_find_dev.o)
 .debug_info    0x00000000000044d3      0x2e6 ../StepMotorBSP_bsp//libhal_bsp.a(alt_find_file.o)
 .debug_info    0x00000000000047b9      0x310 ../StepMotorBSP_bsp//libhal_bsp.a(alt_get_fd.o)
 .debug_info    0x0000000000004ac9      0x1e7 ../StepMotorBSP_bsp//libhal_bsp.a(alt_instruction_exception_entry.o)
 .debug_info    0x0000000000004cb0       0xfe /home/ge/altera_lite/16.0/nios2eds/bin/gnu/H-x86_64-pc-linux-gnu/bin/../lib/gcc/nios2-elf/5.2.0/../../../../../H-x86_64-pc-linux-gnu/nios2-elf/lib/mno-hw-mul/libc.a(lib_a-atexit.o)
 .debug_info    0x0000000000004dae      0x8e4 /home/ge/altera_lite/16.0/nios2eds/bin/gnu/H-x86_64-pc-linux-gnu/bin/../lib/gcc/nios2-elf/5.2.0/../../../../../H-x86_64-pc-linux-gnu/nios2-elf/lib/mno-hw-mul/libc.a(lib_a-exit.o)
 .debug_info    0x0000000000005692      0x8a1 /home/ge/altera_lite/16.0/nios2eds/bin/gnu/H-x86_64-pc-linux-gnu/bin/../lib/gcc/nios2-elf/5.2.0/../../../../../H-x86_64-pc-linux-gnu/nios2-elf/lib/mno-hw-mul/libc.a(lib_a-impure.o)
 .debug_info    0x0000000000005f33       0x8a /home/ge/altera_lite/16.0/nios2eds/bin/gnu/H-x86_64-pc-linux-gnu/bin/../lib/gcc/nios2-elf/5.2.0/../../../../../H-x86_64-pc-linux-gnu/nios2-elf/lib/mno-hw-mul/libc.a(lib_a-int_errno.o)
 .debug_info    0x0000000000005fbd      0x11a /home/ge/altera_lite/16.0/nios2eds/bin/gnu/H-x86_64-pc-linux-gnu/bin/../lib/gcc/nios2-elf/5.2.0/../../../../../H-x86_64-pc-linux-gnu/nios2-elf/lib/mno-hw-mul/libc.a(lib_a-memcmp.o)
 .debug_info    0x00000000000060d7      0x144 /home/ge/altera_lite/16.0/nios2eds/bin/gnu/H-x86_64-pc-linux-gnu/bin/../lib/gcc/nios2-elf/5.2.0/../../../../../H-x86_64-pc-linux-gnu/nios2-elf/lib/mno-hw-mul/libc.a(lib_a-memcpy.o)
 .debug_info    0x000000000000621b       0xe2 /home/ge/altera_lite/16.0/nios2eds/bin/gnu/H-x86_64-pc-linux-gnu/bin/../lib/gcc/nios2-elf/5.2.0/../../../../../H-x86_64-pc-linux-gnu/nios2-elf/lib/mno-hw-mul/libc.a(lib_a-strlen.o)
 .debug_info    0x00000000000062fd      0x934 /home/ge/altera_lite/16.0/nios2eds/bin/gnu/H-x86_64-pc-linux-gnu/bin/../lib/gcc/nios2-elf/5.2.0/../../../../../H-x86_64-pc-linux-gnu/nios2-elf/lib/mno-hw-mul/libc.a(lib_a-__atexit.o)
 .debug_info    0x0000000000006c31      0x965 /home/ge/altera_lite/16.0/nios2eds/bin/gnu/H-x86_64-pc-linux-gnu/bin/../lib/gcc/nios2-elf/5.2.0/../../../../../H-x86_64-pc-linux-gnu/nios2-elf/lib/mno-hw-mul/libc.a(lib_a-__call_atexit.o)
 .debug_info    0x0000000000007596      0x2c3 /home/ge/altera_lite/16.0/nios2eds/bin/gnu/H-x86_64-pc-linux-gnu/bin/../lib/gcc/nios2-elf/5.2.0/mno-hw-mul/libgcc.a(lib2-divmod.o)
 .debug_info    0x0000000000007859       0xb4 /home/ge/altera_lite/16.0/nios2eds/bin/gnu/H-x86_64-pc-linux-gnu/bin/../lib/gcc/nios2-elf/5.2.0/mno-hw-mul/libgcc.a(lib2-mul.o)
 .debug_info    0x000000000000790d       0xec ../StepMotorBSP_bsp//libhal_bsp.a(alt_exit.o)

.debug_abbrev   0x0000000000000000     0x2b24
 *(.debug_abbrev)
 .debug_abbrev  0x0000000000000000       0x12 ../StepMotorBSP_bsp//obj/HAL/src/crt0.o
 .debug_abbrev  0x0000000000000012       0x84 obj/default/hello_world.o
 .debug_abbrev  0x0000000000000096       0x9f ../StepMotorBSP_bsp//libhal_bsp.a(alt_load.o)
 .debug_abbrev  0x0000000000000135       0xba ../StepMotorBSP_bsp//libhal_bsp.a(alt_main.o)
 .debug_abbrev  0x00000000000001ef       0x60 ../StepMotorBSP_bsp//libhal_bsp.a(alt_usleep.o)
 .debug_abbrev  0x000000000000024f      0x187 ../StepMotorBSP_bsp//libhal_bsp.a(alt_sys_init.o)
 .debug_abbrev  0x00000000000003d6      0x127 ../StepMotorBSP_bsp//libhal_bsp.a(altera_avalon_jtag_uart_fd.o)
 .debug_abbrev  0x00000000000004fd      0x19e ../StepMotorBSP_bsp//libhal_bsp.a(altera_avalon_jtag_uart_init.o)
 .debug_abbrev  0x000000000000069b      0x111 ../StepMotorBSP_bsp//libhal_bsp.a(altera_avalon_jtag_uart_ioctl.o)
 .debug_abbrev  0x00000000000007ac      0x1aa ../StepMotorBSP_bsp//libhal_bsp.a(altera_avalon_jtag_uart_read.o)
 .debug_abbrev  0x0000000000000956      0x1a8 ../StepMotorBSP_bsp//libhal_bsp.a(altera_avalon_jtag_uart_write.o)
 .debug_abbrev  0x0000000000000afe      0x162 ../StepMotorBSP_bsp//libhal_bsp.a(alt_alarm_start.o)
 .debug_abbrev  0x0000000000000c60       0x7e ../StepMotorBSP_bsp//libhal_bsp.a(alt_busy_sleep.o)
 .debug_abbrev  0x0000000000000cde      0x11f ../StepMotorBSP_bsp//libhal_bsp.a(alt_close.o)
 .debug_abbrev  0x0000000000000dfd       0x42 ../StepMotorBSP_bsp//libhal_bsp.a(alt_dcache_flush_all.o)
 .debug_abbrev  0x0000000000000e3f       0xd9 ../StepMotorBSP_bsp//libhal_bsp.a(alt_dev.o)
 .debug_abbrev  0x0000000000000f18      0x114 ../StepMotorBSP_bsp//libhal_bsp.a(alt_dev_llist_insert.o)
 .debug_abbrev  0x000000000000102c       0x79 ../StepMotorBSP_bsp//libhal_bsp.a(alt_do_ctors.o)
 .debug_abbrev  0x00000000000010a5       0x79 ../StepMotorBSP_bsp//libhal_bsp.a(alt_do_dtors.o)
 .debug_abbrev  0x000000000000111e       0x5a ../StepMotorBSP_bsp//libhal_bsp.a(alt_errno.o)
 .debug_abbrev  0x0000000000001178       0x42 ../StepMotorBSP_bsp//libhal_bsp.a(alt_icache_flush_all.o)
 .debug_abbrev  0x00000000000011ba      0x163 ../StepMotorBSP_bsp//libhal_bsp.a(alt_iic.o)
 .debug_abbrev  0x000000000000131d      0x169 ../StepMotorBSP_bsp//libhal_bsp.a(alt_iic_isr_register.o)
 .debug_abbrev  0x0000000000001486      0x114 ../StepMotorBSP_bsp//libhal_bsp.a(alt_io_redirect.o)
 .debug_abbrev  0x000000000000159a       0x12 ../StepMotorBSP_bsp//libhal_bsp.a(alt_irq_entry.o)
 .debug_abbrev  0x00000000000015ac      0x122 ../StepMotorBSP_bsp//libhal_bsp.a(alt_irq_handler.o)
 .debug_abbrev  0x00000000000016ce       0x40 ../StepMotorBSP_bsp//libhal_bsp.a(alt_irq_vars.o)
 .debug_abbrev  0x000000000000170e      0x148 ../StepMotorBSP_bsp//libhal_bsp.a(alt_open.o)
 .debug_abbrev  0x0000000000001856       0xde ../StepMotorBSP_bsp//libhal_bsp.a(alt_release_fd.o)
 .debug_abbrev  0x0000000000001934      0x15a ../StepMotorBSP_bsp//libhal_bsp.a(alt_tick.o)
 .debug_abbrev  0x0000000000001a8e       0x42 ../StepMotorBSP_bsp//libhal_bsp.a(altera_nios2_gen2_irq.o)
 .debug_abbrev  0x0000000000001ad0       0x12 ../StepMotorBSP_bsp//libhal_bsp.a(alt_exception_entry.o)
 .debug_abbrev  0x0000000000001ae2       0xf0 ../StepMotorBSP_bsp//libhal_bsp.a(alt_find_dev.o)
 .debug_abbrev  0x0000000000001bd2       0xf0 ../StepMotorBSP_bsp//libhal_bsp.a(alt_find_file.o)
 .debug_abbrev  0x0000000000001cc2      0x10d ../StepMotorBSP_bsp//libhal_bsp.a(alt_get_fd.o)
 .debug_abbrev  0x0000000000001dcf       0xdc ../StepMotorBSP_bsp//libhal_bsp.a(alt_instruction_exception_entry.o)
 .debug_abbrev  0x0000000000001eab       0xaa /home/ge/altera_lite/16.0/nios2eds/bin/gnu/H-x86_64-pc-linux-gnu/bin/../lib/gcc/nios2-elf/5.2.0/../../../../../H-x86_64-pc-linux-gnu/nios2-elf/lib/mno-hw-mul/libc.a(lib_a-atexit.o)
 .debug_abbrev  0x0000000000001f55      0x1e5 /home/ge/altera_lite/16.0/nios2eds/bin/gnu/H-x86_64-pc-linux-gnu/bin/../lib/gcc/nios2-elf/5.2.0/../../../../../H-x86_64-pc-linux-gnu/nios2-elf/lib/mno-hw-mul/libc.a(lib_a-exit.o)
 .debug_abbrev  0x000000000000213a      0x18f /home/ge/altera_lite/16.0/nios2eds/bin/gnu/H-x86_64-pc-linux-gnu/bin/../lib/gcc/nios2-elf/5.2.0/../../../../../H-x86_64-pc-linux-gnu/nios2-elf/lib/mno-hw-mul/libc.a(lib_a-impure.o)
 .debug_abbrev  0x00000000000022c9       0x37 /home/ge/altera_lite/16.0/nios2eds/bin/gnu/H-x86_64-pc-linux-gnu/bin/../lib/gcc/nios2-elf/5.2.0/../../../../../H-x86_64-pc-linux-gnu/nios2-elf/lib/mno-hw-mul/libc.a(lib_a-int_errno.o)
 .debug_abbrev  0x0000000000002300       0x7f /home/ge/altera_lite/16.0/nios2eds/bin/gnu/H-x86_64-pc-linux-gnu/bin/../lib/gcc/nios2-elf/5.2.0/../../../../../H-x86_64-pc-linux-gnu/nios2-elf/lib/mno-hw-mul/libc.a(lib_a-memcmp.o)
 .debug_abbrev  0x000000000000237f       0xa3 /home/ge/altera_lite/16.0/nios2eds/bin/gnu/H-x86_64-pc-linux-gnu/bin/../lib/gcc/nios2-elf/5.2.0/../../../../../H-x86_64-pc-linux-gnu/nios2-elf/lib/mno-hw-mul/libc.a(lib_a-memcpy.o)
 .debug_abbrev  0x0000000000002422       0x90 /home/ge/altera_lite/16.0/nios2eds/bin/gnu/H-x86_64-pc-linux-gnu/bin/../lib/gcc/nios2-elf/5.2.0/../../../../../H-x86_64-pc-linux-gnu/nios2-elf/lib/mno-hw-mul/libc.a(lib_a-strlen.o)
 .debug_abbrev  0x00000000000024b2      0x21e /home/ge/altera_lite/16.0/nios2eds/bin/gnu/H-x86_64-pc-linux-gnu/bin/../lib/gcc/nios2-elf/5.2.0/../../../../../H-x86_64-pc-linux-gnu/nios2-elf/lib/mno-hw-mul/libc.a(lib_a-__atexit.o)
 .debug_abbrev  0x00000000000026d0      0x22e /home/ge/altera_lite/16.0/nios2eds/bin/gnu/H-x86_64-pc-linux-gnu/bin/../lib/gcc/nios2-elf/5.2.0/../../../../../H-x86_64-pc-linux-gnu/nios2-elf/lib/mno-hw-mul/libc.a(lib_a-__call_atexit.o)
 .debug_abbrev  0x00000000000028fe      0x10e /home/ge/altera_lite/16.0/nios2eds/bin/gnu/H-x86_64-pc-linux-gnu/bin/../lib/gcc/nios2-elf/5.2.0/mno-hw-mul/libgcc.a(lib2-divmod.o)
 .debug_abbrev  0x0000000000002a0c       0x6f /home/ge/altera_lite/16.0/nios2eds/bin/gnu/H-x86_64-pc-linux-gnu/bin/../lib/gcc/nios2-elf/5.2.0/mno-hw-mul/libgcc.a(lib2-mul.o)
 .debug_abbrev  0x0000000000002a7b       0xa9 ../StepMotorBSP_bsp//libhal_bsp.a(alt_exit.o)

.debug_line     0x0000000000000000     0x2beb
 *(.debug_line)
 .debug_line    0x0000000000000000       0x66 ../StepMotorBSP_bsp//obj/HAL/src/crt0.o
 .debug_line    0x0000000000000066       0x5a obj/default/hello_world.o
 .debug_line    0x00000000000000c0       0x8e ../StepMotorBSP_bsp//libhal_bsp.a(alt_load.o)
 .debug_line    0x000000000000014e       0xa4 ../StepMotorBSP_bsp//libhal_bsp.a(alt_main.o)
 .debug_line    0x00000000000001f2       0xb5 ../StepMotorBSP_bsp//libhal_bsp.a(alt_usleep.o)
 .debug_line    0x00000000000002a7      0x136 ../StepMotorBSP_bsp//libhal_bsp.a(alt_sys_init.o)
 .debug_line    0x00000000000003dd      0x12f ../StepMotorBSP_bsp//libhal_bsp.a(altera_avalon_jtag_uart_fd.o)
 .debug_line    0x000000000000050c      0x18b ../StepMotorBSP_bsp//libhal_bsp.a(altera_avalon_jtag_uart_init.o)
 .debug_line    0x0000000000000697      0x131 ../StepMotorBSP_bsp//libhal_bsp.a(altera_avalon_jtag_uart_ioctl.o)
 .debug_line    0x00000000000007c8      0x171 ../StepMotorBSP_bsp//libhal_bsp.a(altera_avalon_jtag_uart_read.o)
 .debug_line    0x0000000000000939      0x170 ../StepMotorBSP_bsp//libhal_bsp.a(altera_avalon_jtag_uart_write.o)
 .debug_line    0x0000000000000aa9       0xfa ../StepMotorBSP_bsp//libhal_bsp.a(alt_alarm_start.o)
 .debug_line    0x0000000000000ba3       0xa2 ../StepMotorBSP_bsp//libhal_bsp.a(alt_busy_sleep.o)
 .debug_line    0x0000000000000c45      0x16e ../StepMotorBSP_bsp//libhal_bsp.a(alt_close.o)
 .debug_line    0x0000000000000db3       0x51 ../StepMotorBSP_bsp//libhal_bsp.a(alt_dcache_flush_all.o)
 .debug_line    0x0000000000000e04      0x100 ../StepMotorBSP_bsp//libhal_bsp.a(alt_dev.o)
 .debug_line    0x0000000000000f04       0xd0 ../StepMotorBSP_bsp//libhal_bsp.a(alt_dev_llist_insert.o)
 .debug_line    0x0000000000000fd4       0x59 ../StepMotorBSP_bsp//libhal_bsp.a(alt_do_ctors.o)
 .debug_line    0x000000000000102d       0x59 ../StepMotorBSP_bsp//libhal_bsp.a(alt_do_dtors.o)
 .debug_line    0x0000000000001086       0x51 ../StepMotorBSP_bsp//libhal_bsp.a(alt_errno.o)
 .debug_line    0x00000000000010d7       0x4f ../StepMotorBSP_bsp//libhal_bsp.a(alt_icache_flush_all.o)
 .debug_line    0x0000000000001126       0xef ../StepMotorBSP_bsp//libhal_bsp.a(alt_iic.o)
 .debug_line    0x0000000000001215       0xdb ../StepMotorBSP_bsp//libhal_bsp.a(alt_iic_isr_register.o)
 .debug_line    0x00000000000012f0      0x13d ../StepMotorBSP_bsp//libhal_bsp.a(alt_io_redirect.o)
 .debug_line    0x000000000000142d       0x6b ../StepMotorBSP_bsp//libhal_bsp.a(alt_irq_entry.o)
 .debug_line    0x0000000000001498       0xaa ../StepMotorBSP_bsp//libhal_bsp.a(alt_irq_handler.o)
 .debug_line    0x0000000000001542       0x50 ../StepMotorBSP_bsp//libhal_bsp.a(alt_irq_vars.o)
 .debug_line    0x0000000000001592      0x12d ../StepMotorBSP_bsp//libhal_bsp.a(alt_open.o)
 .debug_line    0x00000000000016bf       0xb0 ../StepMotorBSP_bsp//libhal_bsp.a(alt_release_fd.o)
 .debug_line    0x000000000000176f       0xff ../StepMotorBSP_bsp//libhal_bsp.a(alt_tick.o)
 .debug_line    0x000000000000186e       0x51 ../StepMotorBSP_bsp//libhal_bsp.a(altera_nios2_gen2_irq.o)
 .debug_line    0x00000000000018bf       0xb3 ../StepMotorBSP_bsp//libhal_bsp.a(alt_exception_entry.o)
 .debug_line    0x0000000000001972       0xb5 ../StepMotorBSP_bsp//libhal_bsp.a(alt_find_dev.o)
 .debug_line    0x0000000000001a27       0xd1 ../StepMotorBSP_bsp//libhal_bsp.a(alt_find_file.o)
 .debug_line    0x0000000000001af8       0xd8 ../StepMotorBSP_bsp//libhal_bsp.a(alt_get_fd.o)
 .debug_line    0x0000000000001bd0       0xb9 ../StepMotorBSP_bsp//libhal_bsp.a(alt_instruction_exception_entry.o)
 .debug_line    0x0000000000001c89       0xe7 /home/ge/altera_lite/16.0/nios2eds/bin/gnu/H-x86_64-pc-linux-gnu/bin/../lib/gcc/nios2-elf/5.2.0/../../../../../H-x86_64-pc-linux-gnu/nios2-elf/lib/mno-hw-mul/libc.a(lib_a-atexit.o)
 .debug_line    0x0000000000001d70      0x1fc /home/ge/altera_lite/16.0/nios2eds/bin/gnu/H-x86_64-pc-linux-gnu/bin/../lib/gcc/nios2-elf/5.2.0/../../../../../H-x86_64-pc-linux-gnu/nios2-elf/lib/mno-hw-mul/libc.a(lib_a-exit.o)
 .debug_line    0x0000000000001f6c      0x160 /home/ge/altera_lite/16.0/nios2eds/bin/gnu/H-x86_64-pc-linux-gnu/bin/../lib/gcc/nios2-elf/5.2.0/../../../../../H-x86_64-pc-linux-gnu/nios2-elf/lib/mno-hw-mul/libc.a(lib_a-impure.o)
 .debug_line    0x00000000000020cc       0x5f /home/ge/altera_lite/16.0/nios2eds/bin/gnu/H-x86_64-pc-linux-gnu/bin/../lib/gcc/nios2-elf/5.2.0/../../../../../H-x86_64-pc-linux-gnu/nios2-elf/lib/mno-hw-mul/libc.a(lib_a-int_errno.o)
 .debug_line    0x000000000000212b      0x176 /home/ge/altera_lite/16.0/nios2eds/bin/gnu/H-x86_64-pc-linux-gnu/bin/../lib/gcc/nios2-elf/5.2.0/../../../../../H-x86_64-pc-linux-gnu/nios2-elf/lib/mno-hw-mul/libc.a(lib_a-memcmp.o)
 .debug_line    0x00000000000022a1      0x18c /home/ge/altera_lite/16.0/nios2eds/bin/gnu/H-x86_64-pc-linux-gnu/bin/../lib/gcc/nios2-elf/5.2.0/../../../../../H-x86_64-pc-linux-gnu/nios2-elf/lib/mno-hw-mul/libc.a(lib_a-memcpy.o)
 .debug_line    0x000000000000242d      0x16f /home/ge/altera_lite/16.0/nios2eds/bin/gnu/H-x86_64-pc-linux-gnu/bin/../lib/gcc/nios2-elf/5.2.0/../../../../../H-x86_64-pc-linux-gnu/nios2-elf/lib/mno-hw-mul/libc.a(lib_a-strlen.o)
 .debug_line    0x000000000000259c      0x21f /home/ge/altera_lite/16.0/nios2eds/bin/gnu/H-x86_64-pc-linux-gnu/bin/../lib/gcc/nios2-elf/5.2.0/../../../../../H-x86_64-pc-linux-gnu/nios2-elf/lib/mno-hw-mul/libc.a(lib_a-__atexit.o)
 .debug_line    0x00000000000027bb      0x23a /home/ge/altera_lite/16.0/nios2eds/bin/gnu/H-x86_64-pc-linux-gnu/bin/../lib/gcc/nios2-elf/5.2.0/../../../../../H-x86_64-pc-linux-gnu/nios2-elf/lib/mno-hw-mul/libc.a(lib_a-__call_atexit.o)
 .debug_line    0x00000000000029f5      0x105 /home/ge/altera_lite/16.0/nios2eds/bin/gnu/H-x86_64-pc-linux-gnu/bin/../lib/gcc/nios2-elf/5.2.0/mno-hw-mul/libgcc.a(lib2-divmod.o)
 .debug_line    0x0000000000002afa       0x80 /home/ge/altera_lite/16.0/nios2eds/bin/gnu/H-x86_64-pc-linux-gnu/bin/../lib/gcc/nios2-elf/5.2.0/mno-hw-mul/libgcc.a(lib2-mul.o)
 .debug_line    0x0000000000002b7a       0x71 ../StepMotorBSP_bsp//libhal_bsp.a(alt_exit.o)

.debug_frame    0x0000000000000000      0xb64
 *(.debug_frame)
 .debug_frame   0x0000000000000000       0x2c obj/default/hello_world.o
 .debug_frame   0x000000000000002c       0x5c ../StepMotorBSP_bsp//libhal_bsp.a(alt_load.o)
 .debug_frame   0x0000000000000088       0x2c ../StepMotorBSP_bsp//libhal_bsp.a(alt_main.o)
 .debug_frame   0x00000000000000b4       0x38 ../StepMotorBSP_bsp//libhal_bsp.a(alt_usleep.o)
 .debug_frame   0x00000000000000ec       0x88 ../StepMotorBSP_bsp//libhal_bsp.a(alt_sys_init.o)
 .debug_frame   0x0000000000000174       0xb0 ../StepMotorBSP_bsp//libhal_bsp.a(altera_avalon_jtag_uart_fd.o)
 .debug_frame   0x0000000000000224       0xa4 ../StepMotorBSP_bsp//libhal_bsp.a(altera_avalon_jtag_uart_init.o)
 .debug_frame   0x00000000000002c8       0x34 ../StepMotorBSP_bsp//libhal_bsp.a(altera_avalon_jtag_uart_ioctl.o)
 .debug_frame   0x00000000000002fc       0x38 ../StepMotorBSP_bsp//libhal_bsp.a(altera_avalon_jtag_uart_read.o)
 .debug_frame   0x0000000000000334       0x38 ../StepMotorBSP_bsp//libhal_bsp.a(altera_avalon_jtag_uart_write.o)
 .debug_frame   0x000000000000036c       0x34 ../StepMotorBSP_bsp//libhal_bsp.a(alt_alarm_start.o)
 .debug_frame   0x00000000000003a0       0x38 ../StepMotorBSP_bsp//libhal_bsp.a(alt_busy_sleep.o)
 .debug_frame   0x00000000000003d8       0x60 ../StepMotorBSP_bsp//libhal_bsp.a(alt_close.o)
 .debug_frame   0x0000000000000438       0x34 ../StepMotorBSP_bsp//libhal_bsp.a(alt_dcache_flush_all.o)
 .debug_frame   0x000000000000046c       0x34 ../StepMotorBSP_bsp//libhal_bsp.a(alt_dev.o)
 .debug_frame   0x00000000000004a0       0x60 ../StepMotorBSP_bsp//libhal_bsp.a(alt_dev_llist_insert.o)
 .debug_frame   0x0000000000000500       0x38 ../StepMotorBSP_bsp//libhal_bsp.a(alt_do_ctors.o)
 .debug_frame   0x0000000000000538       0x38 ../StepMotorBSP_bsp//libhal_bsp.a(alt_do_dtors.o)
 .debug_frame   0x0000000000000570       0x34 ../StepMotorBSP_bsp//libhal_bsp.a(alt_icache_flush_all.o)
 .debug_frame   0x00000000000005a4       0xa4 ../StepMotorBSP_bsp//libhal_bsp.a(alt_iic.o)
 .debug_frame   0x0000000000000648       0x38 ../StepMotorBSP_bsp//libhal_bsp.a(alt_iic_isr_register.o)
 .debug_frame   0x0000000000000680       0x64 ../StepMotorBSP_bsp//libhal_bsp.a(alt_io_redirect.o)
 .debug_frame   0x00000000000006e4       0x38 ../StepMotorBSP_bsp//libhal_bsp.a(alt_irq_handler.o)
 .debug_frame   0x000000000000071c       0x8c ../StepMotorBSP_bsp//libhal_bsp.a(alt_open.o)
 .debug_frame   0x00000000000007a8       0x3c ../StepMotorBSP_bsp//libhal_bsp.a(alt_release_fd.o)
 .debug_frame   0x00000000000007e4       0x5c ../StepMotorBSP_bsp//libhal_bsp.a(alt_tick.o)
 .debug_frame   0x0000000000000840       0x34 ../StepMotorBSP_bsp//libhal_bsp.a(altera_nios2_gen2_irq.o)
 .debug_frame   0x0000000000000874       0x38 ../StepMotorBSP_bsp//libhal_bsp.a(alt_find_dev.o)
 .debug_frame   0x00000000000008ac       0x38 ../StepMotorBSP_bsp//libhal_bsp.a(alt_find_file.o)
 .debug_frame   0x00000000000008e4       0x3c ../StepMotorBSP_bsp//libhal_bsp.a(alt_get_fd.o)
 .debug_frame   0x0000000000000920       0x5c ../StepMotorBSP_bsp//libhal_bsp.a(alt_instruction_exception_entry.o)
 .debug_frame   0x000000000000097c       0x20 /home/ge/altera_lite/16.0/nios2eds/bin/gnu/H-x86_64-pc-linux-gnu/bin/../lib/gcc/nios2-elf/5.2.0/../../../../../H-x86_64-pc-linux-gnu/nios2-elf/lib/mno-hw-mul/libc.a(lib_a-atexit.o)
 .debug_frame   0x000000000000099c       0x28 /home/ge/altera_lite/16.0/nios2eds/bin/gnu/H-x86_64-pc-linux-gnu/bin/../lib/gcc/nios2-elf/5.2.0/../../../../../H-x86_64-pc-linux-gnu/nios2-elf/lib/mno-hw-mul/libc.a(lib_a-exit.o)
 .debug_frame   0x00000000000009c4       0x20 /home/ge/altera_lite/16.0/nios2eds/bin/gnu/H-x86_64-pc-linux-gnu/bin/../lib/gcc/nios2-elf/5.2.0/../../../../../H-x86_64-pc-linux-gnu/nios2-elf/lib/mno-hw-mul/libc.a(lib_a-memcmp.o)
 .debug_frame   0x00000000000009e4       0x38 /home/ge/altera_lite/16.0/nios2eds/bin/gnu/H-x86_64-pc-linux-gnu/bin/../lib/gcc/nios2-elf/5.2.0/../../../../../H-x86_64-pc-linux-gnu/nios2-elf/lib/mno-hw-mul/libc.a(lib_a-memcpy.o)
 .debug_frame   0x0000000000000a1c       0x20 /home/ge/altera_lite/16.0/nios2eds/bin/gnu/H-x86_64-pc-linux-gnu/bin/../lib/gcc/nios2-elf/5.2.0/../../../../../H-x86_64-pc-linux-gnu/nios2-elf/lib/mno-hw-mul/libc.a(lib_a-strlen.o)
 .debug_frame   0x0000000000000a3c       0x38 /home/ge/altera_lite/16.0/nios2eds/bin/gnu/H-x86_64-pc-linux-gnu/bin/../lib/gcc/nios2-elf/5.2.0/../../../../../H-x86_64-pc-linux-gnu/nios2-elf/lib/mno-hw-mul/libc.a(lib_a-__atexit.o)
 .debug_frame   0x0000000000000a74       0x54 /home/ge/altera_lite/16.0/nios2eds/bin/gnu/H-x86_64-pc-linux-gnu/bin/../lib/gcc/nios2-elf/5.2.0/../../../../../H-x86_64-pc-linux-gnu/nios2-elf/lib/mno-hw-mul/libc.a(lib_a-__call_atexit.o)
 .debug_frame   0x0000000000000ac8       0x50 /home/ge/altera_lite/16.0/nios2eds/bin/gnu/H-x86_64-pc-linux-gnu/bin/../lib/gcc/nios2-elf/5.2.0/mno-hw-mul/libgcc.a(lib2-divmod.o)
 .debug_frame   0x0000000000000b18       0x20 /home/ge/altera_lite/16.0/nios2eds/bin/gnu/H-x86_64-pc-linux-gnu/bin/../lib/gcc/nios2-elf/5.2.0/mno-hw-mul/libgcc.a(lib2-mul.o)
 .debug_frame   0x0000000000000b38       0x2c ../StepMotorBSP_bsp//libhal_bsp.a(alt_exit.o)

.debug_str      0x0000000000000000     0x1ceb
 *(.debug_str)
 .debug_str     0x0000000000000000      0x124 obj/default/hello_world.o
                                        0x162 (size before relaxing)
 .debug_str     0x0000000000000124      0x1a8 ../StepMotorBSP_bsp//libhal_bsp.a(alt_load.o)
                                        0x246 (size before relaxing)
 .debug_str     0x00000000000002cc       0x70 ../StepMotorBSP_bsp//libhal_bsp.a(alt_main.o)
                                        0x1d1 (size before relaxing)
 .debug_str     0x000000000000033c       0x20 ../StepMotorBSP_bsp//libhal_bsp.a(alt_usleep.o)
                                        0x17c (size before relaxing)
 .debug_str     0x000000000000035c      0x1a2 ../StepMotorBSP_bsp//libhal_bsp.a(alt_sys_init.o)
                                        0x38c (size before relaxing)
 .debug_str     0x00000000000004fe       0xb9 ../StepMotorBSP_bsp//libhal_bsp.a(altera_avalon_jtag_uart_fd.o)
                                        0x3d8 (size before relaxing)
 .debug_str     0x00000000000005b7       0xd1 ../StepMotorBSP_bsp//libhal_bsp.a(altera_avalon_jtag_uart_init.o)
                                        0x36c (size before relaxing)
 .debug_str     0x0000000000000688       0x4a ../StepMotorBSP_bsp//libhal_bsp.a(altera_avalon_jtag_uart_ioctl.o)
                                        0x2c7 (size before relaxing)
 .debug_str     0x00000000000006d2       0x7f ../StepMotorBSP_bsp//libhal_bsp.a(altera_avalon_jtag_uart_read.o)
                                        0x31c (size before relaxing)
 .debug_str     0x0000000000000751       0x4a ../StepMotorBSP_bsp//libhal_bsp.a(altera_avalon_jtag_uart_write.o)
                                        0x31d (size before relaxing)
 .debug_str     0x000000000000079b       0x59 ../StepMotorBSP_bsp//libhal_bsp.a(alt_alarm_start.o)
                                        0x2b2 (size before relaxing)
 .debug_str     0x00000000000007f4       0x42 ../StepMotorBSP_bsp//libhal_bsp.a(alt_busy_sleep.o)
                                        0x19f (size before relaxing)
 .debug_str     0x0000000000000836       0x44 ../StepMotorBSP_bsp//libhal_bsp.a(alt_close.o)
                                        0x23f (size before relaxing)
 .debug_str     0x000000000000087a       0x34 ../StepMotorBSP_bsp//libhal_bsp.a(alt_dcache_flush_all.o)
                                        0x189 (size before relaxing)
 .debug_str     0x00000000000008ae      0x120 ../StepMotorBSP_bsp//libhal_bsp.a(alt_dev.o)
                                        0x339 (size before relaxing)
 .debug_str     0x00000000000009ce       0x34 ../StepMotorBSP_bsp//libhal_bsp.a(alt_dev_llist_insert.o)
                                        0x200 (size before relaxing)
 .debug_str     0x0000000000000a02       0x48 ../StepMotorBSP_bsp//libhal_bsp.a(alt_do_ctors.o)
                                        0x104 (size before relaxing)
 .debug_str     0x0000000000000a4a       0x4c ../StepMotorBSP_bsp//libhal_bsp.a(alt_do_dtors.o)
                                        0x103 (size before relaxing)
 .debug_str     0x0000000000000a96       0x14 ../StepMotorBSP_bsp//libhal_bsp.a(alt_errno.o)
                                        0x179 (size before relaxing)
 .debug_str     0x0000000000000aaa       0x34 ../StepMotorBSP_bsp//libhal_bsp.a(alt_icache_flush_all.o)
                                        0x189 (size before relaxing)
 .debug_str     0x0000000000000ade       0xc4 ../StepMotorBSP_bsp//libhal_bsp.a(alt_iic.o)
                                        0x272 (size before relaxing)
 .debug_str     0x0000000000000ba2       0x4c ../StepMotorBSP_bsp//libhal_bsp.a(alt_iic_isr_register.o)
                                        0x21c (size before relaxing)
 .debug_str     0x0000000000000bee       0x56 ../StepMotorBSP_bsp//libhal_bsp.a(alt_io_redirect.o)
                                        0x34a (size before relaxing)
 .debug_str     0x0000000000000c44       0x3a ../StepMotorBSP_bsp//libhal_bsp.a(alt_irq_handler.o)
                                        0x1cb (size before relaxing)
 .debug_str     0x0000000000000c7e       0x17 ../StepMotorBSP_bsp//libhal_bsp.a(alt_irq_vars.o)
                                        0x16e (size before relaxing)
 .debug_str     0x0000000000000c95       0x2f ../StepMotorBSP_bsp//libhal_bsp.a(alt_open.o)
                                        0x27f (size before relaxing)
 .debug_str     0x0000000000000cc4       0x28 ../StepMotorBSP_bsp//libhal_bsp.a(alt_release_fd.o)
                                        0x207 (size before relaxing)
 .debug_str     0x0000000000000cec       0x4a ../StepMotorBSP_bsp//libhal_bsp.a(alt_tick.o)
                                        0x286 (size before relaxing)
 .debug_str     0x0000000000000d36       0x3b ../StepMotorBSP_bsp//libhal_bsp.a(altera_nios2_gen2_irq.o)
                                        0x190 (size before relaxing)
 .debug_str     0x0000000000000d71       0x24 ../StepMotorBSP_bsp//libhal_bsp.a(alt_find_dev.o)
                                        0x220 (size before relaxing)
 .debug_str     0x0000000000000d95       0x26 ../StepMotorBSP_bsp//libhal_bsp.a(alt_find_file.o)
                                        0x22e (size before relaxing)
 .debug_str     0x0000000000000dbb       0x30 ../StepMotorBSP_bsp//libhal_bsp.a(alt_get_fd.o)
                                        0x250 (size before relaxing)
 .debug_str     0x0000000000000deb      0x48b ../StepMotorBSP_bsp//libhal_bsp.a(alt_instruction_exception_entry.o)
                                        0x5d4 (size before relaxing)
 .debug_str     0x0000000000001276      0x17d /home/ge/altera_lite/16.0/nios2eds/bin/gnu/H-x86_64-pc-linux-gnu/bin/../lib/gcc/nios2-elf/5.2.0/../../../../../H-x86_64-pc-linux-gnu/nios2-elf/lib/mno-hw-mul/libc.a(lib_a-atexit.o)
                                        0x222 (size before relaxing)
 .debug_str     0x00000000000013f3      0x3b5 /home/ge/altera_lite/16.0/nios2eds/bin/gnu/H-x86_64-pc-linux-gnu/bin/../lib/gcc/nios2-elf/5.2.0/../../../../../H-x86_64-pc-linux-gnu/nios2-elf/lib/mno-hw-mul/libc.a(lib_a-exit.o)
                                        0x5bf (size before relaxing)
 .debug_str     0x00000000000017a8       0xd7 /home/ge/altera_lite/16.0/nios2eds/bin/gnu/H-x86_64-pc-linux-gnu/bin/../lib/gcc/nios2-elf/5.2.0/../../../../../H-x86_64-pc-linux-gnu/nios2-elf/lib/mno-hw-mul/libc.a(lib_a-impure.o)
                                        0x5b6 (size before relaxing)
 .debug_str     0x000000000000187f       0x3f /home/ge/altera_lite/16.0/nios2eds/bin/gnu/H-x86_64-pc-linux-gnu/bin/../lib/gcc/nios2-elf/5.2.0/../../../../../H-x86_64-pc-linux-gnu/nios2-elf/lib/mno-hw-mul/libc.a(lib_a-int_errno.o)
                                        0x1de (size before relaxing)
 .debug_str     0x00000000000018be       0xdb /home/ge/altera_lite/16.0/nios2eds/bin/gnu/H-x86_64-pc-linux-gnu/bin/../lib/gcc/nios2-elf/5.2.0/../../../../../H-x86_64-pc-linux-gnu/nios2-elf/lib/mno-hw-mul/libc.a(lib_a-memcmp.o)
                                        0x1e5 (size before relaxing)
 .debug_str     0x0000000000001999       0x6b /home/ge/altera_lite/16.0/nios2eds/bin/gnu/H-x86_64-pc-linux-gnu/bin/../lib/gcc/nios2-elf/5.2.0/../../../../../H-x86_64-pc-linux-gnu/nios2-elf/lib/mno-hw-mul/libc.a(lib_a-memcpy.o)
                                        0x20c (size before relaxing)
 .debug_str     0x0000000000001a04       0x51 /home/ge/altera_lite/16.0/nios2eds/bin/gnu/H-x86_64-pc-linux-gnu/bin/../lib/gcc/nios2-elf/5.2.0/../../../../../H-x86_64-pc-linux-gnu/nios2-elf/lib/mno-hw-mul/libc.a(lib_a-strlen.o)
                                        0x1f8 (size before relaxing)
 .debug_str     0x0000000000001a55       0x3f /home/ge/altera_lite/16.0/nios2eds/bin/gnu/H-x86_64-pc-linux-gnu/bin/../lib/gcc/nios2-elf/5.2.0/../../../../../H-x86_64-pc-linux-gnu/nios2-elf/lib/mno-hw-mul/libc.a(lib_a-__atexit.o)
                                        0x5f7 (size before relaxing)
 .debug_str     0x0000000000001a94       0x65 /home/ge/altera_lite/16.0/nios2eds/bin/gnu/H-x86_64-pc-linux-gnu/bin/../lib/gcc/nios2-elf/5.2.0/../../../../../H-x86_64-pc-linux-gnu/nios2-elf/lib/mno-hw-mul/libc.a(lib_a-__call_atexit.o)
                                        0x5e3 (size before relaxing)
 .debug_str     0x0000000000001af9      0x188 /home/ge/altera_lite/16.0/nios2eds/bin/gnu/H-x86_64-pc-linux-gnu/bin/../lib/gcc/nios2-elf/5.2.0/mno-hw-mul/libgcc.a(lib2-divmod.o)
                                        0x1d3 (size before relaxing)
 .debug_str     0x0000000000001c81       0x40 /home/ge/altera_lite/16.0/nios2eds/bin/gnu/H-x86_64-pc-linux-gnu/bin/../lib/gcc/nios2-elf/5.2.0/mno-hw-mul/libgcc.a(lib2-mul.o)
                                        0x194 (size before relaxing)
 .debug_str     0x0000000000001cc1       0x2a ../StepMotorBSP_bsp//libhal_bsp.a(alt_exit.o)
                                        0x185 (size before relaxing)

.debug_loc      0x0000000000000000      0xcb1
 *(.debug_loc)
 .debug_loc     0x0000000000000000       0x2c /home/ge/altera_lite/16.0/nios2eds/bin/gnu/H-x86_64-pc-linux-gnu/bin/../lib/gcc/nios2-elf/5.2.0/../../../../../H-x86_64-pc-linux-gnu/nios2-elf/lib/mno-hw-mul/libc.a(lib_a-atexit.o)
 .debug_loc     0x000000000000002c       0x1e /home/ge/altera_lite/16.0/nios2eds/bin/gnu/H-x86_64-pc-linux-gnu/bin/../lib/gcc/nios2-elf/5.2.0/../../../../../H-x86_64-pc-linux-gnu/nios2-elf/lib/mno-hw-mul/libc.a(lib_a-exit.o)
 .debug_loc     0x000000000000004a      0x126 /home/ge/altera_lite/16.0/nios2eds/bin/gnu/H-x86_64-pc-linux-gnu/bin/../lib/gcc/nios2-elf/5.2.0/../../../../../H-x86_64-pc-linux-gnu/nios2-elf/lib/mno-hw-mul/libc.a(lib_a-memcmp.o)
 .debug_loc     0x0000000000000170      0x266 /home/ge/altera_lite/16.0/nios2eds/bin/gnu/H-x86_64-pc-linux-gnu/bin/../lib/gcc/nios2-elf/5.2.0/../../../../../H-x86_64-pc-linux-gnu/nios2-elf/lib/mno-hw-mul/libc.a(lib_a-memcpy.o)
 .debug_loc     0x00000000000003d6       0x47 /home/ge/altera_lite/16.0/nios2eds/bin/gnu/H-x86_64-pc-linux-gnu/bin/../lib/gcc/nios2-elf/5.2.0/../../../../../H-x86_64-pc-linux-gnu/nios2-elf/lib/mno-hw-mul/libc.a(lib_a-strlen.o)
 .debug_loc     0x000000000000041d      0x185 /home/ge/altera_lite/16.0/nios2eds/bin/gnu/H-x86_64-pc-linux-gnu/bin/../lib/gcc/nios2-elf/5.2.0/../../../../../H-x86_64-pc-linux-gnu/nios2-elf/lib/mno-hw-mul/libc.a(lib_a-__atexit.o)
 .debug_loc     0x00000000000005a2      0x1ce /home/ge/altera_lite/16.0/nios2eds/bin/gnu/H-x86_64-pc-linux-gnu/bin/../lib/gcc/nios2-elf/5.2.0/../../../../../H-x86_64-pc-linux-gnu/nios2-elf/lib/mno-hw-mul/libc.a(lib_a-__call_atexit.o)
 .debug_loc     0x0000000000000770      0x4ae /home/ge/altera_lite/16.0/nios2eds/bin/gnu/H-x86_64-pc-linux-gnu/bin/../lib/gcc/nios2-elf/5.2.0/mno-hw-mul/libgcc.a(lib2-divmod.o)
 .debug_loc     0x0000000000000c1e       0x93 /home/ge/altera_lite/16.0/nios2eds/bin/gnu/H-x86_64-pc-linux-gnu/bin/../lib/gcc/nios2-elf/5.2.0/mno-hw-mul/libgcc.a(lib2-mul.o)

.debug_macinfo
 *(.debug_macinfo)

.debug_weaknames
 *(.debug_weaknames)

.debug_funcnames
 *(.debug_funcnames)

.debug_typenames
 *(.debug_typenames)

.debug_varnames
 *(.debug_varnames)

.debug_alt_sim_info
                0x0000000000000000       0x40
 *(.debug_alt_sim_info)
 .debug_alt_sim_info
                0x0000000000000000       0x10 ../StepMotorBSP_bsp//obj/HAL/src/crt0.o
 .debug_alt_sim_info
                0x0000000000000010       0x30 ../StepMotorBSP_bsp//libhal_bsp.a(alt_busy_sleep.o)
                0x0000000000040000                __alt_data_end = 0x40000
                0x0000000000040000                PROVIDE (__alt_stack_pointer, __alt_data_end)
                [!provide]                        PROVIDE (__alt_stack_limit, __alt_stack_base)
                [!provide]                        PROVIDE (__alt_heap_start, end)
                [!provide]                        PROVIDE (__alt_heap_limit, 0x40000)
OUTPUT(StepMotorBSP.elf elf32-littlenios2)

.debug_ranges   0x0000000000000000      0x1d8
 .debug_ranges  0x0000000000000000       0x20 ../StepMotorBSP_bsp//obj/HAL/src/crt0.o
 .debug_ranges  0x0000000000000020       0x30 ../StepMotorBSP_bsp//libhal_bsp.a(altera_avalon_jtag_uart_init.o)
 .debug_ranges  0x0000000000000050       0x18 ../StepMotorBSP_bsp//libhal_bsp.a(altera_avalon_jtag_uart_read.o)
 .debug_ranges  0x0000000000000068       0x28 ../StepMotorBSP_bsp//libhal_bsp.a(alt_irq_entry.o)
 .debug_ranges  0x0000000000000090       0x10 ../StepMotorBSP_bsp//libhal_bsp.a(alt_irq_handler.o)
 .debug_ranges  0x00000000000000a0       0x30 ../StepMotorBSP_bsp//libhal_bsp.a(alt_exception_entry.o)
 .debug_ranges  0x00000000000000d0       0x18 ../StepMotorBSP_bsp//libhal_bsp.a(alt_instruction_exception_entry.o)
 .debug_ranges  0x00000000000000e8       0x10 /home/ge/altera_lite/16.0/nios2eds/bin/gnu/H-x86_64-pc-linux-gnu/bin/../lib/gcc/nios2-elf/5.2.0/../../../../../H-x86_64-pc-linux-gnu/nios2-elf/lib/mno-hw-mul/libc.a(lib_a-atexit.o)
 .debug_ranges  0x00000000000000f8       0x10 /home/ge/altera_lite/16.0/nios2eds/bin/gnu/H-x86_64-pc-linux-gnu/bin/../lib/gcc/nios2-elf/5.2.0/../../../../../H-x86_64-pc-linux-gnu/nios2-elf/lib/mno-hw-mul/libc.a(lib_a-exit.o)
 .debug_ranges  0x0000000000000108       0x10 /home/ge/altera_lite/16.0/nios2eds/bin/gnu/H-x86_64-pc-linux-gnu/bin/../lib/gcc/nios2-elf/5.2.0/../../../../../H-x86_64-pc-linux-gnu/nios2-elf/lib/mno-hw-mul/libc.a(lib_a-memcmp.o)
 .debug_ranges  0x0000000000000118       0x10 /home/ge/altera_lite/16.0/nios2eds/bin/gnu/H-x86_64-pc-linux-gnu/bin/../lib/gcc/nios2-elf/5.2.0/../../../../../H-x86_64-pc-linux-gnu/nios2-elf/lib/mno-hw-mul/libc.a(lib_a-memcpy.o)
 .debug_ranges  0x0000000000000128       0x10 /home/ge/altera_lite/16.0/nios2eds/bin/gnu/H-x86_64-pc-linux-gnu/bin/../lib/gcc/nios2-elf/5.2.0/../../../../../H-x86_64-pc-linux-gnu/nios2-elf/lib/mno-hw-mul/libc.a(lib_a-strlen.o)
 .debug_ranges  0x0000000000000138       0x10 /home/ge/altera_lite/16.0/nios2eds/bin/gnu/H-x86_64-pc-linux-gnu/bin/../lib/gcc/nios2-elf/5.2.0/../../../../../H-x86_64-pc-linux-gnu/nios2-elf/lib/mno-hw-mul/libc.a(lib_a-__atexit.o)
 .debug_ranges  0x0000000000000148       0x30 /home/ge/altera_lite/16.0/nios2eds/bin/gnu/H-x86_64-pc-linux-gnu/bin/../lib/gcc/nios2-elf/5.2.0/../../../../../H-x86_64-pc-linux-gnu/nios2-elf/lib/mno-hw-mul/libc.a(lib_a-__call_atexit.o)
 .debug_ranges  0x0000000000000178       0x60 /home/ge/altera_lite/16.0/nios2eds/bin/gnu/H-x86_64-pc-linux-gnu/bin/../lib/gcc/nios2-elf/5.2.0/mno-hw-mul/libgcc.a(lib2-divmod.o)
